Archive member included because of file (symbol)

c:/dev/freescale/kds_3.0.0/toolchain/bin/../lib/gcc/arm-none-eabi/4.8.4/../../../../arm-none-eabi/lib/armv7e-m\libm.a(lib_a-s_ceil.o)
                              ./src/radio/sx1276/sx1276.o (ceil)
c:/dev/freescale/kds_3.0.0/toolchain/bin/../lib/gcc/arm-none-eabi/4.8.4/../../../../arm-none-eabi/lib/armv7e-m\libm.a(lib_a-s_floor.o)
                              ./src/radio/sx1276/sx1276.o (floor)
c:/dev/freescale/kds_3.0.0/toolchain/bin/../lib/gcc/arm-none-eabi/4.8.4/../../../../arm-none-eabi/lib/armv7e-m\libm.a(lib_a-s_round.o)
                              ./src/radio/sx1276/sx1276.o (round)
c:/dev/freescale/kds_3.0.0/toolchain/bin/../lib/gcc/arm-none-eabi/4.8.4/../../../../arm-none-eabi/lib/armv7e-m\libg.a(lib_a-atoi.o)
                              ./src/system/gps.o (atoi)
c:/dev/freescale/kds_3.0.0/toolchain/bin/../lib/gcc/arm-none-eabi/4.8.4/../../../../arm-none-eabi/lib/armv7e-m\libg.a(lib_a-exit.o)
                              c:/dev/freescale/kds_3.0.0/toolchain/bin/../lib/gcc/arm-none-eabi/4.8.4/../../../../arm-none-eabi/lib/armv7e-m/crt0.o (exit)
c:/dev/freescale/kds_3.0.0/toolchain/bin/../lib/gcc/arm-none-eabi/4.8.4/../../../../arm-none-eabi/lib/armv7e-m\libg.a(lib_a-impure.o)
                              c:/dev/freescale/kds_3.0.0/toolchain/bin/../lib/gcc/arm-none-eabi/4.8.4/../../../../arm-none-eabi/lib/armv7e-m\libg.a(lib_a-exit.o) (_global_impure_ptr)
c:/dev/freescale/kds_3.0.0/toolchain/bin/../lib/gcc/arm-none-eabi/4.8.4/../../../../arm-none-eabi/lib/armv7e-m\libg.a(lib_a-init.o)
                              c:/dev/freescale/kds_3.0.0/toolchain/bin/../lib/gcc/arm-none-eabi/4.8.4/../../../../arm-none-eabi/lib/armv7e-m/crt0.o (__libc_init_array)
c:/dev/freescale/kds_3.0.0/toolchain/bin/../lib/gcc/arm-none-eabi/4.8.4/../../../../arm-none-eabi/lib/armv7e-m\libg.a(lib_a-memcpy.o)
                              ./src/free-rtos/src/queue.o (memcpy)
c:/dev/freescale/kds_3.0.0/toolchain/bin/../lib/gcc/arm-none-eabi/4.8.4/../../../../arm-none-eabi/lib/armv7e-m\libg.a(lib_a-memset.o)
                              c:/dev/freescale/kds_3.0.0/toolchain/bin/../lib/gcc/arm-none-eabi/4.8.4/../../../../arm-none-eabi/lib/armv7e-m/crt0.o (memset)
c:/dev/freescale/kds_3.0.0/toolchain/bin/../lib/gcc/arm-none-eabi/4.8.4/../../../../arm-none-eabi/lib/armv7e-m\libg.a(lib_a-mktime.o)
                              ./src/system/gps.o (mktime)
c:/dev/freescale/kds_3.0.0/toolchain/bin/../lib/gcc/arm-none-eabi/4.8.4/../../../../arm-none-eabi/lib/armv7e-m\libg.a(lib_a-mktm_r.o)
                              c:/dev/freescale/kds_3.0.0/toolchain/bin/../lib/gcc/arm-none-eabi/4.8.4/../../../../arm-none-eabi/lib/armv7e-m\libg.a(lib_a-mktime.o) (__tzcalc_limits)
c:/dev/freescale/kds_3.0.0/toolchain/bin/../lib/gcc/arm-none-eabi/4.8.4/../../../../arm-none-eabi/lib/armv7e-m\libg.a(lib_a-setjmp.o)
                              ./src/free-rtos/port/port.o (setjmp)
c:/dev/freescale/kds_3.0.0/toolchain/bin/../lib/gcc/arm-none-eabi/4.8.4/../../../../arm-none-eabi/lib/armv7e-m\libg.a(lib_a-strcmp.o)
                              ./src/apps/LoRaMesh/rtos/Shell_App/Shell.o (strcmp)
c:/dev/freescale/kds_3.0.0/toolchain/bin/../lib/gcc/arm-none-eabi/4.8.4/../../../../arm-none-eabi/lib/armv7e-m\libg.a(lib_a-strlen.o)
                              ./src/boards/mcu/kinetis/utilities/print_scan.o (strlen)
c:/dev/freescale/kds_3.0.0/toolchain/bin/../lib/gcc/arm-none-eabi/4.8.4/../../../../arm-none-eabi/lib/armv7e-m\libg.a(lib_a-strncmp.o)
                              ./src/system/gps.o (strncmp)
c:/dev/freescale/kds_3.0.0/toolchain/bin/../lib/gcc/arm-none-eabi/4.8.4/../../../../arm-none-eabi/lib/armv7e-m\libg.a(lib_a-strtol.o)
                              c:/dev/freescale/kds_3.0.0/toolchain/bin/../lib/gcc/arm-none-eabi/4.8.4/../../../../arm-none-eabi/lib/armv7e-m\libg.a(lib_a-atoi.o) (_strtol_r)
c:/dev/freescale/kds_3.0.0/toolchain/bin/../lib/gcc/arm-none-eabi/4.8.4/../../../../arm-none-eabi/lib/armv7e-m\libg.a(lib_a-tzlock.o)
                              c:/dev/freescale/kds_3.0.0/toolchain/bin/../lib/gcc/arm-none-eabi/4.8.4/../../../../arm-none-eabi/lib/armv7e-m\libg.a(lib_a-mktime.o) (__tz_lock)
c:/dev/freescale/kds_3.0.0/toolchain/bin/../lib/gcc/arm-none-eabi/4.8.4/../../../../arm-none-eabi/lib/armv7e-m\libg.a(lib_a-tzvars.o)
                              c:/dev/freescale/kds_3.0.0/toolchain/bin/../lib/gcc/arm-none-eabi/4.8.4/../../../../arm-none-eabi/lib/armv7e-m\libg.a(lib_a-mktime.o) (_daylight)
c:/dev/freescale/kds_3.0.0/toolchain/bin/../lib/gcc/arm-none-eabi/4.8.4/../../../../arm-none-eabi/lib/armv7e-m\libg.a(lib_a-__call_atexit.o)
                              c:/dev/freescale/kds_3.0.0/toolchain/bin/../lib/gcc/arm-none-eabi/4.8.4/../../../../arm-none-eabi/lib/armv7e-m\libg.a(lib_a-exit.o) (__call_exitprocs)
c:/dev/freescale/kds_3.0.0/toolchain/bin/../lib/gcc/arm-none-eabi/4.8.4/../../../../arm-none-eabi/lib/armv7e-m\libg.a(lib_a-atexit.o)
[...]
Memory Configuration

Name             Origin             Length             Attributes
m_interrupts     0x00000000         0x000000f8         xr
m_text           0x00000410         0x0001fbf0         xr
m_data           0x1fffe000         0x00002000         rw
m_data_20000000  0x20000000         0x00002000         rw
m_cfmprotrom     0x00000400         0x00000010         xr
*default*        0x00000000         0xffffffff

Linker script and memory map

LOAD c:/dev/freescale/kds_3.0.0/toolchain/bin/../lib/gcc/arm-none-eabi/4.8.4/armv7e-m/crti.o
LOAD c:/dev/freescale/kds_3.0.0/toolchain/bin/../lib/gcc/arm-none-eabi/4.8.4/armv7e-m/crtbegin.o
LOAD c:/dev/freescale/kds_3.0.0/toolchain/bin/../lib/gcc/arm-none-eabi/4.8.4/../../../../arm-none-eabi/lib/armv7e-m/crt0.o
LOAD ./src/system/crypto/aes.o
LOAD ./src/system/crypto/cmac.o
LOAD ./src/system/delay.o
LOAD ./src/system/fifo.o
LOAD ./src/system/gpio.o
LOAD ./src/system/gps.o
LOAD ./src/system/i2c.o
LOAD ./src/system/timer.o
LOAD ./src/system/uart.o
LOAD ./src/radio/sx1276/sx1276.o
LOAD ./src/mac/LoRaMacCrypto.o
LOAD ./src/free-rtos/src/croutine.o
LOAD ./src/free-rtos/src/event_groups.o
LOAD ./src/free-rtos/src/heap_1.o
LOAD ./src/free-rtos/src/heap_2.o
LOAD ./src/free-rtos/src/heap_3.o
LOAD ./src/free-rtos/src/heap_4.o
LOAD ./src/free-rtos/src/heap_5.o
LOAD ./src/free-rtos/src/list.o
LOAD ./src/free-rtos/src/queue.o
LOAD ./src/free-rtos/src/tasks.o
LOAD ./src/free-rtos/src/timers.o
LOAD ./src/free-rtos/port/port.o
LOAD ./src/free-rtos/port/portasm.o
LOAD ./src/boards/tinyK20/adc-board.o
LOAD ./src/boards/tinyK20/board.o
LOAD ./src/boards/tinyK20/gpio-board.o
LOAD ./src/boards/tinyK20/gps-board.o
LOAD ./src/boards/tinyK20/i2c-board.o
LOAD ./src/boards/tinyK20/rtc-board.o
LOAD ./src/boards/tinyK20/spi-board.o
LOAD ./src/boards/tinyK20/sx1276-board.o
LOAD ./src/boards/tinyK20/timer-board.o
LOAD ./src/boards/tinyK20/uart-board.o
LOAD ./src/boards/mcu/kinetis/utilities/debug.o
LOAD ./src/boards/mcu/kinetis/utilities/print_scan.o
LOAD ./src/boards/mcu/kinetis/utilities/utilities.o
LOAD ./src/boards/mcu/kinetis/k20d/startup/startup.o
LOAD ./src/boards/mcu/kinetis/k20d/startup/system_MK20D5.o
LOAD ./src/boards/mcu/kinetis/k20d/startup/vectors.o
LOAD ./src/apps/LoRaMesh/rtos/tinyK20/main.o
LOAD ./src/apps/LoRaMesh/rtos/Shell_App/Shell.o
LOAD ./src/apps/LoRaMesh/rtos/Shell_App/Shell_App.o
LOAD ./src/apps/LoRaMesh/rtos/LoRaStack/LoRaFrm.o
LOAD ./src/apps/LoRaMesh/rtos/LoRaStack/LoRaMac.o
LOAD ./src/apps/LoRaMesh/rtos/LoRaStack/LoRaMesh.o
LOAD ./src/apps/LoRaMesh/rtos/LoRaStack/LoRaPhy.o
LOAD ./src/apps/LoRaMesh/rtos/LoRaStack/LoRaTest_App.o
LOAD ./src/apps/LoRaMesh/rtos/LoRaMesh_App/LoRaMesh_App.o
LOAD c:/dev/freescale/kds_3.0.0/toolchain/bin/../lib/gcc/arm-none-eabi/4.8.4/../../../../arm-none-eabi/lib/armv7e-m\libm.a
LOAD c:/dev/freescale/kds_3.0.0/toolchain/bin/../lib/gcc/arm-none-eabi/4.8.4/../../../../arm-none-eabi/lib/armv7e-m\libg.a
LOAD c:/dev/freescale/kds_3.0.0/toolchain/bin/../lib/gcc/arm-none-eabi/4.8.4/armv7e-m\libgcc.a
LOAD c:/dev/freescale/kds_3.0.0/toolchain/bin/../lib/gcc/arm-none-eabi/4.8.4/../../../../arm-none-eabi/lib/armv7e-m\libnosys.a
START GROUP
LOAD c:/dev/freescale/kds_3.0.0/toolchain/bin/../lib/gcc/arm-none-eabi/4.8.4/armv7e-m\libgcc.a
LOAD c:/dev/freescale/kds_3.0.0/toolchain/bin/../lib/gcc/arm-none-eabi/4.8.4/../../../../arm-none-eabi/lib/armv7e-m\libg.a
LOAD c:/dev/freescale/kds_3.0.0/toolchain/bin/../lib/gcc/arm-none-eabi/4.8.4/../../../../arm-none-eabi/lib/armv7e-m\libc.a
END GROUP
START GROUP
LOAD c:/dev/freescale/kds_3.0.0/toolchain/bin/../lib/gcc/arm-none-eabi/4.8.4/armv7e-m\libgcc.a
LOAD c:/dev/freescale/kds_3.0.0/toolchain/bin/../lib/gcc/arm-none-eabi/4.8.4/../../../../arm-none-eabi/lib/armv7e-m\libc.a
LOAD c:/dev/freescale/kds_3.0.0/toolchain/bin/../lib/gcc/arm-none-eabi/4.8.4/../../../../arm-none-eabi/lib/armv7e-m\libnosys.a
END GROUP
LOAD c:/dev/freescale/kds_3.0.0/toolchain/bin/../lib/gcc/arm-none-eabi/4.8.4/armv7e-m/crtend.o
LOAD c:/dev/freescale/kds_3.0.0/toolchain/bin/../lib/gcc/arm-none-eabi/4.8.4/armv7e-m/crtn.o
                0x20000000                _estack = 0x20000000
                0x20000000                __SP_INIT = _estack
                0x20000000                __stack = _estack
                0x00000000                __heap_size = 0x0
                0x00000150                __stack_size = 0x150

.interrupts     0x00000000       0xf8
                0x00000000                __vector_table = .
                0x00000000                . = ALIGN (0x4)
 *(.vectortable)
 .vectortable   0x00000000       0xf8 ./src/boards/mcu/kinetis/k20d/startup/vectors.o
                0x00000000                __vect_table
                0x000000f8                . = ALIGN (0x4)

.cfmprotect     0x00000400       0x10
                0x00000400                . = ALIGN (0x4)
 *(.cfmconfig)
 .cfmconfig     0x00000400       0x10 ./src/boards/mcu/kinetis/k20d/startup/system_MK20D5.o
                0x00000400                _cfm
                0x00000410                . = ALIGN (0x4)

.text           0x00000410    0x1366c
                0x00000410                . = ALIGN (0x4)
 *(.text)
 .text          0x00000410       0x54 c:/dev/freescale/kds_3.0.0/toolchain/bin/../lib/gcc/arm-none-eabi/4.8.4/armv7e-m/crtbegin.o
 .text          0x00000464       0x74 c:/dev/freescale/kds_3.0.0/toolchain/bin/../lib/gcc/arm-none-eabi/4.8.4/../../../../arm-none-eabi/lib/armv7e-m/crt0.o
                0x00000464                _start
                0x00000464                _mainCRTStartup
 .text          0x000004d8      0x134 c:/dev/freescale/kds_3.0.0/toolchain/bin/../lib/gcc/arm-none-eabi/4.8.4/../../../../arm-none-eabi/lib/armv7e-m\libg.a(lib_a-memcpy.o)
                0x000004d8                memcpy
 .text          0x0000060c       0x1c c:/dev/freescale/kds_3.0.0/toolchain/bin/../lib/gcc/arm-none-eabi/4.8.4/../../../../arm-none-eabi/lib/armv7e-m\libg.a(lib_a-setjmp.o)
                0x0000060c                setjmp
                0x00000618                longjmp
 .text          0x00000628      0x21c c:/dev/freescale/kds_3.0.0/toolchain/bin/../lib/gcc/arm-none-eabi/4.8.4/../../../../arm-none-eabi/lib/armv7e-m\libg.a(lib_a-strcmp.o)
                0x00000628                strcmp
 .text          0x00000844      0x370 c:/dev/freescale/kds_3.0.0/toolchain/bin/../lib/gcc/arm-none-eabi/4.8.4/armv7e-m\libgcc.a(_arm_addsubdf3.o)
                0x00000844                __aeabi_drsub
                0x0000084c                __aeabi_dsub
                0x0000084c                __subdf3
                0x00000850                __aeabi_dadd
                0x00000850                __adddf3
                0x00000ac8                __floatunsidf
                0x00000ac8                __aeabi_ui2d
                0x00000ae8                __floatsidf
                0x00000ae8                __aeabi_i2d
                0x00000b0c                __aeabi_f2d
                0x00000b0c                __extendsfdf2
                0x00000b48                __floatundidf
                0x00000b48                __aeabi_ul2d
                0x00000b58                __floatdidf
                0x00000b58                __aeabi_l2d
 .text          0x00000bb4      0x424 c:/dev/freescale/kds_3.0.0/toolchain/bin/../lib/gcc/arm-none-eabi/4.8.4/armv7e-m\libgcc.a(_arm_muldivdf3.o)
                0x00000bb4                __aeabi_dmul
                0x00000bb4                __muldf3
                0x00000e08                __divdf3
                0x00000e08                __aeabi_ddiv
 .text          0x00000fd8      0x110 c:/dev/freescale/kds_3.0.0/toolchain/bin/../lib/gcc/arm-none-eabi/4.8.4/armv7e-m\libgcc.a(_arm_cmpdf2.o)
                0x00000fd8                __gtdf2
                0x00000fd8                __gedf2
                0x00000fe0                __ltdf2
                0x00000fe0                __ledf2
                0x00000fe8                __nedf2
                0x00000fe8                __eqdf2
                0x00000fe8                __cmpdf2
                0x00001064                __aeabi_cdrcmple
                0x00001074                __aeabi_cdcmpeq
                0x00001074                __aeabi_cdcmple
                0x00001084                __aeabi_dcmpeq
                0x00001098                __aeabi_dcmplt
                0x000010ac                __aeabi_dcmple
                0x000010c0                __aeabi_dcmpge
                0x000010d4                __aeabi_dcmpgt
 .text          0x000010e8       0x50 c:/dev/freescale/kds_3.0.0/toolchain/bin/../lib/gcc/arm-none-eabi/4.8.4/armv7e-m\libgcc.a(_arm_fixdfsi.o)
                0x000010e8                __aeabi_d2iz
                0x000010e8                __fixdfsi
 .text          0x00001138       0x40 c:/dev/freescale/kds_3.0.0/toolchain/bin/../lib/gcc/arm-none-eabi/4.8.4/armv7e-m\libgcc.a(_arm_fixunsdfsi.o)
                0x00001138                __aeabi_d2uiz
                0x00001138                __fixunsdfsi
 .text          0x00001178       0x2c c:/dev/freescale/kds_3.0.0/toolchain/bin/../lib/gcc/arm-none-eabi/4.8.4/armv7e-m\libgcc.a(_aeabi_uldivmod.o)
                0x00001178                __aeabi_uldivmod
 .text          0x000011a4       0x60 c:/dev/freescale/kds_3.0.0/toolchain/bin/../lib/gcc/arm-none-eabi/4.8.4/armv7e-m\libgcc.a(bpabi.o)
                0x000011a4                __gnu_ldivmod_helper
                0x000011d4                __gnu_uldivmod_helper
 .text          0x00001204        0x4 c:/dev/freescale/kds_3.0.0/toolchain/bin/../lib/gcc/arm-none-eabi/4.8.4/armv7e-m\libgcc.a(_dvmd_tls.o)
                0x00001204                __aeabi_idiv0
                0x00001204                __aeabi_ldiv0
 .text          0x00001208      0x298 c:/dev/freescale/kds_3.0.0/toolchain/bin/../lib/gcc/arm-none-eabi/4.8.4/armv7e-m\libgcc.a(_divdi3.o)
                0x00001208                __divdi3
 .text          0x000014a0      0x284 c:/dev/freescale/kds_3.0.0/toolchain/bin/../lib/gcc/arm-none-eabi/4.8.4/armv7e-m\libgcc.a(_udivdi3.o)
                0x000014a0                __udivdi3
 *(.text*)
 .text.copy_block
                0x00001724       0xb4 ./src/system/crypto/aes.o
 .text.copy_block_nn
                0x000017d8       0x34 ./src/system/crypto/aes.o
 .text.xor_block
                0x0000180c      0x170 ./src/system/crypto/aes.o
 .text.copy_and_key
                0x0000197c      0x170 ./src/system/crypto/aes.o
 .text.add_round_key
                0x00001aec       0x18 ./src/system/crypto/aes.o
 .text.shift_sub_rows
                0x00001b04      0x11c ./src/system/crypto/aes.o
 .text.mix_sub_columns
                0x00001c20      0x2d4 ./src/system/crypto/aes.o
 .text.aes_set_key
                0x00001ef4      0x19c ./src/system/crypto/aes.o
                0x00001ef4                aes_set_key
 .text.aes_encrypt
                0x00002090       0x98 ./src/system/crypto/aes.o
                0x00002090                aes_encrypt
 .text.AES_CMAC_Init
                0x00002128       0x30 ./src/system/crypto/cmac.o
                0x00002128                AES_CMAC_Init
 .text.AES_CMAC_SetKey
                0x00002158       0x1c ./src/system/crypto/cmac.o
                0x00002158                AES_CMAC_SetKey
 .text.AES_CMAC_Update
                0x00002174      0x170 ./src/system/crypto/cmac.o
                0x00002174                AES_CMAC_Update
 .text.AES_CMAC_Final
                0x000022e4      0x2c8 ./src/system/crypto/cmac.o
                0x000022e4                AES_CMAC_Final
 .text.DelayMs  0x000025ac       0x2c ./src/system/delay.o
                0x000025ac                DelayMs
 .text.FifoNext
                0x000025d8       0x2c ./src/system/fifo.o
 .text.FifoInit
                0x00002604       0x30 ./src/system/fifo.o
                0x00002604                FifoInit
 .text.FifoPush
                0x00002634       0x34 ./src/system/fifo.o
                0x00002634                FifoPush
 .text.FifoPop  0x00002668       0x40 ./src/system/fifo.o
                0x00002668                FifoPop
 .text.IsFifoEmpty
                0x000026a8       0x28 ./src/system/fifo.o
                0x000026a8                IsFifoEmpty
 .text.IsFifoFull
                0x000026d0       0x30 ./src/system/fifo.o
                0x000026d0                IsFifoFull
 .text.GpioInit
                0x00002700       0x38 ./src/system/gpio.o
                0x00002700                GpioInit
 .text.GpioSetInterrupt
                0x00002738       0x38 ./src/system/gpio.o
                0x00002738                GpioSetInterrupt
 .text.GpioWrite
                0x00002770       0x28 ./src/system/gpio.o
                0x00002770                GpioWrite
 .text.GpsPpsHandler
                0x00002798       0x4c ./src/system/gps.o
                0x00002798                GpsPpsHandler
 .text.GpsInit  0x000027e4       0x14 ./src/system/gps.o
                0x000027e4                GpsInit
 .text.GpsHasFix
                0x000027f8       0x24 ./src/system/gps.o
                0x000027f8                GpsHasFix
 .text.GpsHasValidDateTime
                0x0000281c      0x14c ./src/system/gps.o
                0x0000281c                GpsHasValidDateTime
 .text.GpsConvertPositionIntoBinary
                0x00002968      0x150 ./src/system/gps.o
                0x00002968                GpsConvertPositionIntoBinary
 .text.GpsConvertLatestDateTimeToUnixTime
                0x00002ab8       0x14 ./src/system/gps.o
                0x00002ab8                GpsConvertLatestDateTimeToUnixTime
 .text.GpsConvertUnixTimeFromStringToNumerical
                0x00002acc       0xf8 ./src/system/gps.o
                0x00002acc                GpsConvertUnixTimeFromStringToNumerical
 *fill*         0x00002bc4        0x4 
 .text.GpsConvertPositionFromStringToNumerical
                0x00002bc8      0x440 ./src/system/gps.o
                0x00002bc8                GpsConvertPositionFromStringToNumerical
 .text.GpsGetLatestGpsPositionBinary
                0x00003008       0x48 ./src/system/gps.o
                0x00003008                GpsGetLatestGpsPositionBinary
 .text.GpsGetDistanceToLatestGpsPositionBinary
                0x00003050       0x1c ./src/system/gps.o
                0x00003050                GpsGetDistanceToLatestGpsPositionBinary
 .text.GpsNmeaChecksum
                0x0000306c       0xb0 ./src/system/gps.o
                0x0000306c                GpsNmeaChecksum
 .text.GpsNmeaValidateChecksum
                0x0000311c       0x64 ./src/system/gps.o
 .text.GpsParseGpsData
                0x00003180      0x788 ./src/system/gps.o
                0x00003180                GpsParseGpsData
 .text.GpsFormatGpsData
                0x00003908       0x14 ./src/system/gps.o
                0x00003908                GpsFormatGpsData
 .text.GpsResetPosition
                0x0000391c       0x50 ./src/system/gps.o
                0x0000391c                GpsResetPosition
 .text.TimerInit
                0x0000396c       0x50 ./src/system/timer.o
                0x0000396c                TimerInit
 .text.TimerStart
                0x000039bc       0xcc ./src/system/timer.o
                0x000039bc                TimerStart
 .text.TimerStop
                0x00003a88       0x6c ./src/system/timer.o
                0x00003a88                TimerStop
 .text.TimerSetValue
                0x00003af4       0x5c ./src/system/timer.o
                0x00003af4                TimerSetValue
 .text.TimerGetCurrentTime
                0x00003b50       0x38 ./src/system/timer.o
                0x00003b50                TimerGetCurrentTime
 .text.TimerSetLowPowerEnable
                0x00003b88       0x20 ./src/system/timer.o
                0x00003b88                TimerSetLowPowerEnable
 .text.UartInit
                0x00003ba8       0x40 ./src/system/uart.o
                0x00003ba8                UartInit
 .text.UartConfig
                0x00003be8       0x4c ./src/system/uart.o
                0x00003be8                UartConfig
 .text.UartEnableReceiver
                0x00003c34       0x34 ./src/system/uart.o
                0x00003c34                UartEnableReceiver
 .text.UartGetChar
                0x00003c68       0x28 ./src/system/uart.o
                0x00003c68                UartGetChar
 .text.UartPutBuffer
                0x00003c90       0x30 ./src/system/uart.o
                0x00003c90                UartPutBuffer
 .text.SX1276Init
                0x00003cc0       0x64 ./src/radio/sx1276/sx1276.o
                0x00003cc0                SX1276Init
 .text.SX1276GetStatus
                0x00003d24       0x18 ./src/radio/sx1276/sx1276.o
                0x00003d24                SX1276GetStatus
 *fill*         0x00003d3c        0x4 
 .text.SX1276SetChannel
                0x00003d40       0x78 ./src/radio/sx1276/sx1276.o
                0x00003d40                SX1276SetChannel
 .text.SX1276IsChannelFree
                0x00003db8       0x58 ./src/radio/sx1276/sx1276.o
                0x00003db8                SX1276IsChannelFree
 .text.SX1276Random
                0x00003e10       0x5c ./src/radio/sx1276/sx1276.o
                0x00003e10                SX1276Random
 *fill*         0x00003e6c        0x4 
 .text.RxChainCalibration
                0x00003e70       0xe0 ./src/radio/sx1276/sx1276.o
 .text.GetFskBandwidthRegValue
                0x00003f50       0x58 ./src/radio/sx1276/sx1276.o
 .text.SX1276SetRxConfig
                0x00003fa8      0x398 ./src/radio/sx1276/sx1276.o
                0x00003fa8                SX1276SetRxConfig
 .text.SX1276SetTxConfig
                0x00004340      0x478 ./src/radio/sx1276/sx1276.o
                0x00004340                SX1276SetTxConfig
 .text.SX1276GetTimeOnAir
                0x000047b8      0x370 ./src/radio/sx1276/sx1276.o
                0x000047b8                SX1276GetTimeOnAir
 .text.SX1276Send
                0x00004b28      0x158 ./src/radio/sx1276/sx1276.o
                0x00004b28                SX1276Send
 .text.SX1276SetSleep
                0x00004c80       0x2c ./src/radio/sx1276/sx1276.o
                0x00004c80                SX1276SetSleep
 .text.SX1276SetStby
                0x00004cac       0x2c ./src/radio/sx1276/sx1276.o
                0x00004cac                SX1276SetStby
 .text.SX1276SetRx
                0x00004cd8      0x4c8 ./src/radio/sx1276/sx1276.o
                0x00004cd8                SX1276SetRx
 .text.SX1276SetTx
                0x000051a0       0xf4 ./src/radio/sx1276/sx1276.o
                0x000051a0                SX1276SetTx
 .text.SX1276StartCad
                0x00005294       0x4c ./src/radio/sx1276/sx1276.o
                0x00005294                SX1276StartCad
 .text.SX1276ReadRssi
                0x000052e0       0x78 ./src/radio/sx1276/sx1276.o
                0x000052e0                SX1276ReadRssi
 .text.SX1276Reset
                0x00005358       0xb4 ./src/radio/sx1276/sx1276.o
                0x00005358                SX1276Reset
 .text.SX1276SetOpMode
                0x0000540c       0x6c ./src/radio/sx1276/sx1276.o
                0x0000540c                SX1276SetOpMode
 .text.SX1276SetModem
                0x00005478       0x9c ./src/radio/sx1276/sx1276.o
                0x00005478                SX1276SetModem
 .text.SX1276Write
                0x00005514       0x24 ./src/radio/sx1276/sx1276.o
                0x00005514                SX1276Write
 .text.SX1276Read
                0x00005538       0x24 ./src/radio/sx1276/sx1276.o
                0x00005538                SX1276Read
 .text.SX1276WriteBuffer
                0x0000555c       0x64 ./src/radio/sx1276/sx1276.o
                0x0000555c                SX1276WriteBuffer
 .text.SX1276ReadBuffer
                0x000055c0       0x68 ./src/radio/sx1276/sx1276.o
                0x000055c0                SX1276ReadBuffer
 .text.SX1276WriteFifo
                0x00005628       0x20 ./src/radio/sx1276/sx1276.o
                0x00005628                SX1276WriteFifo
 .text.SX1276ReadFifo
                0x00005648       0x20 ./src/radio/sx1276/sx1276.o
                0x00005648                SX1276ReadFifo
 .text.SX1276SetMaxPayloadLength
                0x00005668       0x58 ./src/radio/sx1276/sx1276.o
                0x00005668                SX1276SetMaxPayloadLength
 .text.SX1276OnTimeoutIrq
                0x000056c0       0xf0 ./src/radio/sx1276/sx1276.o
                0x000056c0                SX1276OnTimeoutIrq
 .text.SX1276OnDio0Irq
                0x000057b0      0x4a8 ./src/radio/sx1276/sx1276.o
                0x000057b0                SX1276OnDio0Irq
 .text.SX1276OnDio1Irq
                0x00005c58      0x1f8 ./src/radio/sx1276/sx1276.o
                0x00005c58                SX1276OnDio1Irq
 .text.SX1276OnDio2Irq
                0x00005e50      0x178 ./src/radio/sx1276/sx1276.o
                0x00005e50                SX1276OnDio2Irq
 .text.SX1276OnDio3Irq
                0x00005fc8       0x80 ./src/radio/sx1276/sx1276.o
                0x00005fc8                SX1276OnDio3Irq
 .text.SX1276OnDio4Irq
                0x00006048       0x38 ./src/radio/sx1276/sx1276.o
                0x00006048                SX1276OnDio4Irq
 .text.LoRaMacComputeMic
                0x00006080       0xcc ./src/mac/LoRaMacCrypto.o
                0x00006080                LoRaMacComputeMic
 .text.LoRaMacPayloadEncrypt
                0x0000614c      0x140 ./src/mac/LoRaMacCrypto.o
                0x0000614c                LoRaMacPayloadEncrypt
 .text.LoRaMacJoinComputeMic
                0x0000628c       0x64 ./src/mac/LoRaMacCrypto.o
                0x0000628c                LoRaMacJoinComputeMic
 .text.LoRaMacJoinDecrypt
                0x000062f0       0x54 ./src/mac/LoRaMacCrypto.o
                0x000062f0                LoRaMacJoinDecrypt
 .text.LoRaMacJoinComputeSKeys
                0x00006344       0xb4 ./src/mac/LoRaMacCrypto.o
                0x00006344                LoRaMacJoinComputeSKeys
 .text.pvPortMalloc
                0x000063f8      0x118 ./src/free-rtos/src/heap_2.o
                0x000063f8                pvPortMalloc
 .text.vPortFree
                0x00006510       0x70 ./src/free-rtos/src/heap_2.o
                0x00006510                vPortFree
 .text.prvHeapInit
                0x00006580       0x50 ./src/free-rtos/src/heap_2.o
 .text.vListInitialise
                0x000065d0       0x40 ./src/free-rtos/src/list.o
                0x000065d0                vListInitialise
 .text.vListInitialiseItem
                0x00006610       0x18 ./src/free-rtos/src/list.o
                0x00006610                vListInitialiseItem
 .text.vListInsertEnd
                0x00006628       0x48 ./src/free-rtos/src/list.o
                0x00006628                vListInsertEnd
 .text.vListInsert
                0x00006670       0x70 ./src/free-rtos/src/list.o
                0x00006670                vListInsert
 .text.uxListRemove
                0x000066e0       0x54 ./src/free-rtos/src/list.o
                0x000066e0                uxListRemove
 .text.xQueueGenericReset
                0x00006734       0xb0 ./src/free-rtos/src/queue.o
                0x00006734                xQueueGenericReset
 .text.xQueueGenericCreate
                0x000067e4       0x90 ./src/free-rtos/src/queue.o
                0x000067e4                xQueueGenericCreate
 .text.xQueueGenericSend
                0x00006874      0x18c ./src/free-rtos/src/queue.o
                0x00006874                xQueueGenericSend
 .text.xQueueGenericSendFromISR
                0x00006a00       0xd0 ./src/free-rtos/src/queue.o
                0x00006a00                xQueueGenericSendFromISR
 .text.xQueueGenericReceive
                0x00006ad0      0x1bc ./src/free-rtos/src/queue.o
                0x00006ad0                xQueueGenericReceive
 .text.prvCopyDataToQueue
                0x00006c8c       0xdc ./src/free-rtos/src/queue.o
 .text.prvCopyDataFromQueue
                0x00006d68       0x4c ./src/free-rtos/src/queue.o
 .text.prvUnlockQueue
                0x00006db4       0x98 ./src/free-rtos/src/queue.o
 .text.prvIsQueueEmpty
                0x00006e4c       0x2c ./src/free-rtos/src/queue.o
 .text.prvIsQueueFull
                0x00006e78       0x30 ./src/free-rtos/src/queue.o
 .text.vQueueWaitForMessageRestricted
                0x00006ea8       0x5c ./src/free-rtos/src/queue.o
                0x00006ea8                vQueueWaitForMessageRestricted
 .text.xTaskGenericCreate
                0x00006f04      0x160 ./src/free-rtos/src/tasks.o
                0x00006f04                xTaskGenericCreate
 .text.vTaskDelay
                0x00007064       0x64 ./src/free-rtos/src/tasks.o
                0x00007064                vTaskDelay
 .text.vTaskStartScheduler
                0x000070c8       0x7c ./src/free-rtos/src/tasks.o
                0x000070c8                vTaskStartScheduler
 .text.vTaskSuspendAll
                0x00007144       0x1c ./src/free-rtos/src/tasks.o
                0x00007144                vTaskSuspendAll
 .text.xTaskResumeAll
                0x00007160      0x10c ./src/free-rtos/src/tasks.o
                0x00007160                xTaskResumeAll
 .text.xTaskGetTickCount
                0x0000726c       0x24 ./src/free-rtos/src/tasks.o
                0x0000726c                xTaskGetTickCount
 .text.xTaskGetTickCountFromISR
                0x00007290       0x28 ./src/free-rtos/src/tasks.o
                0x00007290                xTaskGetTickCountFromISR
 .text.xTaskIncrementTick
                0x000072b8      0x170 ./src/free-rtos/src/tasks.o
                0x000072b8                xTaskIncrementTick
 .text.vTaskSwitchContext
                0x00007428       0xc8 ./src/free-rtos/src/tasks.o
                0x00007428                vTaskSwitchContext
 .text.vTaskPlaceOnEventList
                0x000074f0       0x6c ./src/free-rtos/src/tasks.o
                0x000074f0                vTaskPlaceOnEventList
 .text.vTaskPlaceOnEventListRestricted
                0x0000755c       0x6c ./src/free-rtos/src/tasks.o
                0x0000755c                vTaskPlaceOnEventListRestricted
 .text.xTaskRemoveFromEventList
                0x000075c8       0xb8 ./src/free-rtos/src/tasks.o
                0x000075c8                xTaskRemoveFromEventList
 .text.vTaskSetTimeOutState
                0x00007680       0x34 ./src/free-rtos/src/tasks.o
                0x00007680                vTaskSetTimeOutState
 .text.xTaskCheckForTimeOut
                0x000076b4       0xa0 ./src/free-rtos/src/tasks.o
                0x000076b4                xTaskCheckForTimeOut
 .text.vTaskMissedYield
                0x00007754       0x18 ./src/free-rtos/src/tasks.o
                0x00007754                vTaskMissedYield
 .text.prvIdleTask
                0x0000776c       0x24 ./src/free-rtos/src/tasks.o
 .text.prvInitialiseTCBVariables
                0x00007790       0xa4 ./src/free-rtos/src/tasks.o
 .text.prvInitialiseTaskLists
                0x00007834       0x74 ./src/free-rtos/src/tasks.o
 .text.prvCheckTasksWaitingTermination
                0x000078a8        0xc ./src/free-rtos/src/tasks.o
 .text.prvAddCurrentTaskToDelayedList
                0x000078b4       0x6c ./src/free-rtos/src/tasks.o
 .text.prvAllocateTCBAndStack
                0x00007920       0x70 ./src/free-rtos/src/tasks.o
 .text.prvResetNextTaskUnblockTime
                0x00007990       0x48 ./src/free-rtos/src/tasks.o
 .text.xTaskGetSchedulerState
                0x000079d8       0x3c ./src/free-rtos/src/tasks.o
                0x000079d8                xTaskGetSchedulerState
 .text.vTaskPriorityInherit
                0x00007a14       0xbc ./src/free-rtos/src/tasks.o
                0x00007a14                vTaskPriorityInherit
 .text.xTaskPriorityDisinherit
                0x00007ad0       0xbc ./src/free-rtos/src/tasks.o
                0x00007ad0                xTaskPriorityDisinherit
 .text.pvTaskIncrementMutexHeldCount
                0x00007b8c       0x28 ./src/free-rtos/src/tasks.o
                0x00007b8c                pvTaskIncrementMutexHeldCount
 .text.xTimerCreateTimerTask
                0x00007bb4       0x58 ./src/free-rtos/src/timers.o
                0x00007bb4                xTimerCreateTimerTask
 .text.xTimerCreate
                0x00007c0c       0x6c ./src/free-rtos/src/timers.o
                0x00007c0c                xTimerCreate
 .text.xTimerGenericCommand
                0x00007c78       0x98 ./src/free-rtos/src/timers.o
                0x00007c78                xTimerGenericCommand
 .text.prvProcessExpiredTimer
                0x00007d10       0x70 ./src/free-rtos/src/timers.o
 .text.prvTimerTask
                0x00007d80       0x24 ./src/free-rtos/src/timers.o
 .text.prvProcessTimerOrBlockTask
                0x00007da4       0x8c ./src/free-rtos/src/timers.o
 .text.prvGetNextExpireTime
                0x00007e30       0x48 ./src/free-rtos/src/timers.o
 .text.prvSampleTimeNow
                0x00007e78       0x40 ./src/free-rtos/src/timers.o
 .text.prvInsertTimerInActiveList
                0x00007eb8       0x84 ./src/free-rtos/src/timers.o
 .text.prvProcessReceivedCommands
                0x00007f3c      0x13c ./src/free-rtos/src/timers.o
 .text.prvSwitchTimerLists
                0x00008078       0xb0 ./src/free-rtos/src/timers.o
 .text.prvCheckForValidListAndQueue
                0x00008128       0x60 ./src/free-rtos/src/timers.o
 .text.prvTaskExitError
                0x00008188       0x20 ./src/free-rtos/port/port.o
                0x00008188                prvTaskExitError
 .text.pxPortInitialiseStack
                0x000081a8       0x58 ./src/free-rtos/port/port.o
                0x000081a8                pxPortInitialiseStack
 .text.vPortInitTickTimer
                0x00008200       0x40 ./src/free-rtos/port/port.o
                0x00008200                vPortInitTickTimer
 .text.vPortStartTickTimer
                0x00008240       0x18 ./src/free-rtos/port/port.o
                0x00008240                vPortStartTickTimer
 .text.xPortStartScheduler
                0x00008258       0x44 ./src/free-rtos/port/port.o
                0x00008258                xPortStartScheduler
 .text.vPortEnterCritical
                0x0000829c       0x20 ./src/free-rtos/port/port.o
                0x0000829c                vPortEnterCritical
 .text.vPortExitCritical
                0x000082bc       0x24 ./src/free-rtos/port/port.o
                0x000082bc                vPortExitCritical
 .text.vPortYieldFromISR
                0x000082e0       0x20 ./src/free-rtos/port/port.o
                0x000082e0                vPortYieldFromISR
 .text.vPortTickHandler
                0x00008300       0x20 ./src/free-rtos/port/port.o
                0x00008300                vPortTickHandler
 .text.vPortStartFirstTask
                0x00008320       0x20 ./src/free-rtos/port/port.o
                0x00008320                vPortStartFirstTask
 .text.vPortSVCHandler
                0x00008340       0x20 ./src/free-rtos/port/port.o
                0x00008340                vPortSVCHandler
 .text.vPortPendSVHandler
                0x00008360       0x3c ./src/free-rtos/port/port.o
                0x00008360                vPortPendSVHandler
 .text.ulPortSetInterruptMask
                0x0000839c       0x14 ./src/free-rtos/port/port.o
                0x0000839c                ulPortSetInterruptMask
 .text.vPortClearInterruptMask
                0x000083b0        0x8 ./src/free-rtos/port/port.o
                0x000083b0                vPortClearInterruptMask
 .text.BoardInitPeriph
                0x000083b8       0x78 ./src/boards/tinyK20/board.o
                0x000083b8                BoardInitPeriph
 .text.BoardInitMcu
                0x00008430       0x58 ./src/boards/tinyK20/board.o
                0x00008430                BoardInitMcu
 .text.BoardUnusedIoInit
                0x00008488        0xc ./src/boards/tinyK20/board.o
 .text.GpioMcuInit
                0x00008494      0x448 ./src/boards/tinyK20/gpio-board.o
                0x00008494                GpioMcuInit
 .text.GpioMcuSetInterrupt
                0x000088dc      0x16c ./src/boards/tinyK20/gpio-board.o
                0x000088dc                GpioMcuSetInterrupt
 .text.GpioMcuWrite
                0x00008a48       0x70 ./src/boards/tinyK20/gpio-board.o
                0x00008a48                GpioMcuWrite
 .text.PORTA_IRQHandler
                0x00008ab8       0x94 ./src/boards/tinyK20/gpio-board.o
                0x00008ab8                PORTA_IRQHandler
 .text.PORTB_IRQHandler
                0x00008b4c       0xbc ./src/boards/tinyK20/gpio-board.o
                0x00008b4c                PORTB_IRQHandler
 .text.PORTC_IRQHandler
                0x00008c08       0xd0 ./src/boards/tinyK20/gpio-board.o
                0x00008c08                PORTC_IRQHandler
 .text.PORTD_IRQHandler
                0x00008cd8       0xd0 ./src/boards/tinyK20/gpio-board.o
                0x00008cd8                PORTD_IRQHandler
 .text.GpsMcuOnPpsSignal
                0x00008da8       0x2c ./src/boards/tinyK20/gps-board.o
                0x00008da8                GpsMcuOnPpsSignal
 .text.GpsMcuInit
                0x00008dd4       0x98 ./src/boards/tinyK20/gps-board.o
                0x00008dd4                GpsMcuInit
 .text.GpsMcuIrqNotify
                0x00008e6c      0x11c ./src/boards/tinyK20/gps-board.o
                0x00008e6c                GpsMcuIrqNotify
 .text.I2C0_IRQHandler
                0x00008f88       0x14 ./src/boards/tinyK20/i2c-board.o
                0x00008f88                I2C0_IRQHandler
 .text.BlockLowPowerDuringTask
                0x00008f9c       0x14 ./src/boards/tinyK20/rtc-board.o
                0x00008f9c                BlockLowPowerDuringTask
 .text.SpiInit  0x00008fb0      0x198 ./src/boards/tinyK20/spi-board.o
                0x00008fb0                SpiInit
 .text.SpiFormat
                0x00009148      0x144 ./src/boards/tinyK20/spi-board.o
                0x00009148                SpiFormat
 .text.SpiFrequency
                0x0000928c      0x130 ./src/boards/tinyK20/spi-board.o
                0x0000928c                SpiFrequency
 .text.SpiInOut
                0x000093bc       0xf0 ./src/boards/tinyK20/spi-board.o
                0x000093bc                SpiInOut
 .text.SX1276IoInit
                0x000094ac       0xb4 ./src/boards/tinyK20/sx1276-board.o
                0x000094ac                SX1276IoInit
 .text.SX1276IoIrqInit
                0x00009560       0x84 ./src/boards/tinyK20/sx1276-board.o
                0x00009560                SX1276IoIrqInit
 .text.SX1276GetPaSelect
                0x000095e4       0x28 ./src/boards/tinyK20/sx1276-board.o
                0x000095e4                SX1276GetPaSelect
 .text.SX1276SetAntSwLowPower
                0x0000960c       0x3c ./src/boards/tinyK20/sx1276-board.o
                0x0000960c                SX1276SetAntSwLowPower
 .text.SX1276AntSwInit
                0x00009648       0x24 ./src/boards/tinyK20/sx1276-board.o
                0x00009648                SX1276AntSwInit
 .text.SX1276AntSwDeInit
                0x0000966c       0x24 ./src/boards/tinyK20/sx1276-board.o
                0x0000966c                SX1276AntSwDeInit
 .text.SX1276SetAntSw
                0x00009690       0x48 ./src/boards/tinyK20/sx1276-board.o
                0x00009690                SX1276SetAntSw
 .text.SX1276CheckRfFrequency
                0x000096d8       0x18 ./src/boards/tinyK20/sx1276-board.o
                0x000096d8                SX1276CheckRfFrequency
 .text.UartMcuInit
                0x000096f0      0x130 ./src/boards/tinyK20/uart-board.o
                0x000096f0                UartMcuInit
 .text.UartMcuConfig
                0x00009820      0x290 ./src/boards/tinyK20/uart-board.o
                0x00009820                UartMcuConfig
 .text.UartMcuEnableReceiver
                0x00009ab0       0x6c ./src/boards/tinyK20/uart-board.o
                0x00009ab0                UartMcuEnableReceiver
 .text.UartMcuPutChar
                0x00009b1c       0x44 ./src/boards/tinyK20/uart-board.o
                0x00009b1c                UartMcuPutChar
 .text.UartMcuPutBuffer
                0x00009b60       0x50 ./src/boards/tinyK20/uart-board.o
                0x00009b60                UartMcuPutBuffer
 .text.UartMcuGetChar
                0x00009bb0       0x44 ./src/boards/tinyK20/uart-board.o
                0x00009bb0                UartMcuGetChar
 .text.UartInterruptHandler
                0x00009bf4       0xb0 ./src/boards/tinyK20/uart-board.o
                0x00009bf4                UartInterruptHandler
 .text.UART0_RX_TX_IRQHandler
                0x00009ca4       0x20 ./src/boards/tinyK20/uart-board.o
                0x00009ca4                UART0_RX_TX_IRQHandler
 .text.UART1_RX_TX_IRQHandler
                0x00009cc4       0x20 ./src/boards/tinyK20/uart-board.o
                0x00009cc4                UART1_RX_TX_IRQHandler
 .text.DbgConsole_Init
                0x00009ce4       0x20 ./src/boards/mcu/kinetis/utilities/debug.o
                0x00009ce4                DbgConsole_Init
 .text.debug_printf
                0x00009d04       0x48 ./src/boards/mcu/kinetis/utilities/debug.o
                0x00009d04                debug_printf
 .text.debug_putc
                0x00009d4c       0x40 ./src/boards/mcu/kinetis/utilities/debug.o
 .text._doprint
                0x00009d8c      0x754 ./src/boards/mcu/kinetis/utilities/print_scan.o
                0x00009d8c                _doprint
 .text.mknumstr
                0x0000a4e0      0x110 ./src/boards/mcu/kinetis/utilities/print_scan.o
 .text.fput_pad
                0x0000a5f0       0x40 ./src/boards/mcu/kinetis/utilities/print_scan.o
 .text.custom_strcpy
                0x0000a630       0x48 ./src/boards/mcu/kinetis/utilities/utilities.o
                0x0000a630                custom_strcpy
 .text.custom_strcat
                0x0000a678       0x64 ./src/boards/mcu/kinetis/utilities/utilities.o
                0x0000a678                custom_strcat
 .text.num8uToStr
                0x0000a6dc       0x24 ./src/boards/mcu/kinetis/utilities/utilities.o
                0x0000a6dc                num8uToStr
 .text.num16uToStr
                0x0000a700       0xe8 ./src/boards/mcu/kinetis/utilities/utilities.o
                0x0000a700                num16uToStr
 .text.strcatNum8u
                0x0000a7e8       0x34 ./src/boards/mcu/kinetis/utilities/utilities.o
                0x0000a7e8                strcatNum8u
 .text.strcatNum16u
                0x0000a81c       0x34 ./src/boards/mcu/kinetis/utilities/utilities.o
                0x0000a81c                strcatNum16u
 .text.strcatNum8Hex
                0x0000a850       0x5c ./src/boards/mcu/kinetis/utilities/utilities.o
                0x0000a850                strcatNum8Hex
 .text.strcatNum32Hex
                0x0000a8ac       0x68 ./src/boards/mcu/kinetis/utilities/utilities.o
                0x0000a8ac                strcatNum32Hex
 .text.strcatNum32u
                0x0000a914       0x30 ./src/boards/mcu/kinetis/utilities/utilities.o
                0x0000a914                strcatNum32u
 .text.num32uToStr
                0x0000a944       0xe4 ./src/boards/mcu/kinetis/utilities/utilities.o
                0x0000a944                num32uToStr
 .text.srand1   0x0000aa28       0x1c ./src/boards/mcu/kinetis/utilities/utilities.o
                0x0000aa28                srand1
 .text.memcpy1  0x0000aa44       0x34 ./src/boards/mcu/kinetis/utilities/utilities.o
                0x0000aa44                memcpy1
 .text.memset1  0x0000aa78       0x30 ./src/boards/mcu/kinetis/utilities/utilities.o
                0x0000aa78                memset1
 .text.Nibble2HexChar
                0x0000aaa8       0x3c ./src/boards/mcu/kinetis/utilities/utilities.o
                0x0000aaa8                Nibble2HexChar
 .text.__copy_rom_section
                0x0000aae4       0xe4 ./src/boards/mcu/kinetis/k20d/startup/startup.o
                0x0000aae4                __copy_rom_section
 .text.__copy_rom_sections_to_ram
                0x0000abc8       0x9c ./src/boards/mcu/kinetis/k20d/startup/startup.o
                0x0000abc8                __copy_rom_sections_to_ram
 .text.__init_registers
                0x0000ac64        0xc ./src/boards/mcu/kinetis/k20d/startup/startup.o
                0x0000ac64                __init_registers
 .text.__init_user
                0x0000ac70        0xc ./src/boards/mcu/kinetis/k20d/startup/startup.o
                0x0000ac70                __init_user
 .text.__thumb_startup
                0x0000ac7c       0x34 ./src/boards/mcu/kinetis/k20d/startup/startup.o
                0x0000ac7c                __thumb_startup
 .text.NMI_Handler
                0x0000acb0       0x18 ./src/boards/mcu/kinetis/k20d/startup/system_MK20D5.o
                0x0000acb0                NMI_Handler
 .text.HardFault_Handler
                0x0000acc8       0x18 ./src/boards/mcu/kinetis/k20d/startup/system_MK20D5.o
                0x0000acc8                HardFault_Handler
 .text.MemManage_Handler
                0x0000ace0       0x18 ./src/boards/mcu/kinetis/k20d/startup/system_MK20D5.o
                0x0000ace0                MemManage_Handler
 .text.BusFault_Handler
                0x0000acf8       0x18 ./src/boards/mcu/kinetis/k20d/startup/system_MK20D5.o
                0x0000acf8                BusFault_Handler
 .text.UsageFault_Handler
                0x0000ad10       0x18 ./src/boards/mcu/kinetis/k20d/startup/system_MK20D5.o
                0x0000ad10                UsageFault_Handler
 .text.DMA0_IRQHandler
                0x0000ad28       0x18 ./src/boards/mcu/kinetis/k20d/startup/system_MK20D5.o
                0x0000ad28                DMA0_IRQHandler
 .text.DMA1_IRQHandler
                0x0000ad40       0x18 ./src/boards/mcu/kinetis/k20d/startup/system_MK20D5.o
                0x0000ad40                DMA1_IRQHandler
 .text.DMA2_IRQHandler
                0x0000ad58       0x18 ./src/boards/mcu/kinetis/k20d/startup/system_MK20D5.o
                0x0000ad58                DMA2_IRQHandler
 .text.DMA3_IRQHandler
                0x0000ad70       0x18 ./src/boards/mcu/kinetis/k20d/startup/system_MK20D5.o
                0x0000ad70                DMA3_IRQHandler
 .text.DMA_Error_IRQHandler
                0x0000ad88       0x18 ./src/boards/mcu/kinetis/k20d/startup/system_MK20D5.o
                0x0000ad88                DMA_Error_IRQHandler
 .text.Reserved21_IRQHandler
                0x0000ada0       0x18 ./src/boards/mcu/kinetis/k20d/startup/system_MK20D5.o
                0x0000ada0                Reserved21_IRQHandler
 .text.FTF_IRQHandler
                0x0000adb8       0x18 ./src/boards/mcu/kinetis/k20d/startup/system_MK20D5.o
                0x0000adb8                FTF_IRQHandler
 .text.Read_Collision_IRQHandler
                0x0000add0       0x18 ./src/boards/mcu/kinetis/k20d/startup/system_MK20D5.o
                0x0000add0                Read_Collision_IRQHandler
 .text.LVD_LVW_IRQHandler
                0x0000ade8       0x18 ./src/boards/mcu/kinetis/k20d/startup/system_MK20D5.o
                0x0000ade8                LVD_LVW_IRQHandler
 .text.LLWU_IRQHandler
                0x0000ae00       0x18 ./src/boards/mcu/kinetis/k20d/startup/system_MK20D5.o
                0x0000ae00                LLWU_IRQHandler
 .text.WDOG_IRQHandler
                0x0000ae18       0x18 ./src/boards/mcu/kinetis/k20d/startup/system_MK20D5.o
                0x0000ae18                WDOG_IRQHandler
 .text.SPI0_IRQHandler
                0x0000ae30       0x18 ./src/boards/mcu/kinetis/k20d/startup/system_MK20D5.o
                0x0000ae30                SPI0_IRQHandler
 .text.I2S0_Tx_IRQHandler
                0x0000ae48       0x18 ./src/boards/mcu/kinetis/k20d/startup/system_MK20D5.o
                0x0000ae48                I2S0_Tx_IRQHandler
 .text.I2S0_Rx_IRQHandler
                0x0000ae60       0x18 ./src/boards/mcu/kinetis/k20d/startup/system_MK20D5.o
                0x0000ae60                I2S0_Rx_IRQHandler
 .text.UART0_LON_IRQHandler
                0x0000ae78       0x18 ./src/boards/mcu/kinetis/k20d/startup/system_MK20D5.o
                0x0000ae78                UART0_LON_IRQHandler
 .text.UART0_ERR_IRQHandler
                0x0000ae90       0x18 ./src/boards/mcu/kinetis/k20d/startup/system_MK20D5.o
                0x0000ae90                UART0_ERR_IRQHandler
 .text.UART1_ERR_IRQHandler
                0x0000aea8       0x18 ./src/boards/mcu/kinetis/k20d/startup/system_MK20D5.o
                0x0000aea8                UART1_ERR_IRQHandler
 .text.UART2_RX_TX_IRQHandler
                0x0000aec0       0x18 ./src/boards/mcu/kinetis/k20d/startup/system_MK20D5.o
                0x0000aec0                UART2_RX_TX_IRQHandler
 .text.UART2_ERR_IRQHandler
                0x0000aed8       0x18 ./src/boards/mcu/kinetis/k20d/startup/system_MK20D5.o
                0x0000aed8                UART2_ERR_IRQHandler
 .text.ADC0_IRQHandler
                0x0000aef0       0x18 ./src/boards/mcu/kinetis/k20d/startup/system_MK20D5.o
                0x0000aef0                ADC0_IRQHandler
 .text.CMP0_IRQHandler
                0x0000af08       0x18 ./src/boards/mcu/kinetis/k20d/startup/system_MK20D5.o
                0x0000af08                CMP0_IRQHandler
 .text.CMP1_IRQHandler
                0x0000af20       0x18 ./src/boards/mcu/kinetis/k20d/startup/system_MK20D5.o
                0x0000af20                CMP1_IRQHandler
 .text.FTM0_IRQHandler
                0x0000af38       0x18 ./src/boards/mcu/kinetis/k20d/startup/system_MK20D5.o
                0x0000af38                FTM0_IRQHandler
 .text.FTM1_IRQHandler
                0x0000af50       0x18 ./src/boards/mcu/kinetis/k20d/startup/system_MK20D5.o
                0x0000af50                FTM1_IRQHandler
 .text.CMT_IRQHandler
                0x0000af68       0x18 ./src/boards/mcu/kinetis/k20d/startup/system_MK20D5.o
                0x0000af68                CMT_IRQHandler
 .text.RTC_IRQHandler
                0x0000af80       0x18 ./src/boards/mcu/kinetis/k20d/startup/system_MK20D5.o
                0x0000af80                RTC_IRQHandler
 .text.RTC_Seconds_IRQHandler
                0x0000af98       0x18 ./src/boards/mcu/kinetis/k20d/startup/system_MK20D5.o
                0x0000af98                RTC_Seconds_IRQHandler
 .text.PIT0_IRQHandler
                0x0000afb0       0x18 ./src/boards/mcu/kinetis/k20d/startup/system_MK20D5.o
                0x0000afb0                PIT0_IRQHandler
 .text.PIT1_IRQHandler
                0x0000afc8       0x18 ./src/boards/mcu/kinetis/k20d/startup/system_MK20D5.o
                0x0000afc8                PIT1_IRQHandler
 .text.PIT2_IRQHandler
                0x0000afe0       0x18 ./src/boards/mcu/kinetis/k20d/startup/system_MK20D5.o
                0x0000afe0                PIT2_IRQHandler
 .text.PIT3_IRQHandler
                0x0000aff8       0x18 ./src/boards/mcu/kinetis/k20d/startup/system_MK20D5.o
                0x0000aff8                PIT3_IRQHandler
 .text.PDB0_IRQHandler
                0x0000b010       0x18 ./src/boards/mcu/kinetis/k20d/startup/system_MK20D5.o
                0x0000b010                PDB0_IRQHandler
 .text.USB0_IRQHandler
                0x0000b028       0x18 ./src/boards/mcu/kinetis/k20d/startup/system_MK20D5.o
                0x0000b028                USB0_IRQHandler
 .text.USBCDC_IRQHandler
                0x0000b040       0x18 ./src/boards/mcu/kinetis/k20d/startup/system_MK20D5.o
                0x0000b040                USBCDC_IRQHandler
 .text.TSI0_IRQHandler
                0x0000b058       0x18 ./src/boards/mcu/kinetis/k20d/startup/system_MK20D5.o
                0x0000b058                TSI0_IRQHandler
 .text.MCG_IRQHandler
                0x0000b070       0x18 ./src/boards/mcu/kinetis/k20d/startup/system_MK20D5.o
                0x0000b070                MCG_IRQHandler
 .text.LPTMR0_IRQHandler
                0x0000b088       0x18 ./src/boards/mcu/kinetis/k20d/startup/system_MK20D5.o
                0x0000b088                LPTMR0_IRQHandler
 .text.PORTE_IRQHandler
                0x0000b0a0       0x18 ./src/boards/mcu/kinetis/k20d/startup/system_MK20D5.o
                0x0000b0a0                PORTE_IRQHandler
 .text.SWI_IRQHandler
                0x0000b0b8       0x18 ./src/boards/mcu/kinetis/k20d/startup/system_MK20D5.o
                0x0000b0b8                SWI_IRQHandler
 .text.__init_hardware
                0x0000b0d0      0x1f8 ./src/boards/mcu/kinetis/k20d/startup/system_MK20D5.o
                0x0000b0d0                __init_hardware
 .text.Cpu_SetBASEPRI
                0x0000b2c8       0x18 ./src/boards/mcu/kinetis/k20d/startup/system_MK20D5.o
                0x0000b2c8                Cpu_SetBASEPRI
 .text.low_level_init
                0x0000b2e0      0x108 ./src/boards/mcu/kinetis/k20d/startup/system_MK20D5.o
                0x0000b2e0                low_level_init
 .text.main     0x0000b3e8       0x58 ./src/apps/LoRaMesh/rtos/tinyK20/main.o
                0x0000b3e8                main
 .text.vApplicationIdleHook
                0x0000b440       0x74 ./src/apps/LoRaMesh/rtos/tinyK20/main.o
                0x0000b440                vApplicationIdleHook
 .text.vApplicationStackOverflowHook
                0x0000b4b4       0x10 ./src/apps/LoRaMesh/rtos/tinyK20/main.o
                0x0000b4b4                vApplicationStackOverflowHook
 .text.Shell_Init
                0x0000b4c4       0x48 ./src/apps/LoRaMesh/rtos/Shell_App/Shell.o
                0x0000b4c4                Shell_Init
 .text.Shell_SendHelpStr
                0x0000b50c       0x24 ./src/apps/LoRaMesh/rtos/Shell_App/Shell.o
                0x0000b50c                Shell_SendHelpStr
 .text.Shell_SendStatusStr
                0x0000b530       0x24 ./src/apps/LoRaMesh/rtos/Shell_App/Shell.o
                0x0000b530                Shell_SendStatusStr
 .text.Shell_SendStr
                0x0000b554       0x28 ./src/apps/LoRaMesh/rtos/Shell_App/Shell.o
                0x0000b554                Shell_SendStr
 .text.Shell_ParseCommand
                0x0000b57c      0x104 ./src/apps/LoRaMesh/rtos/Shell_App/Shell.o
                0x0000b57c                Shell_ParseCommand
 .text.Shell_ParseWithCommandTable
                0x0000b680       0x88 ./src/apps/LoRaMesh/rtos/Shell_App/Shell.o
                0x0000b680                Shell_ParseWithCommandTable
 .text.Shell_ReadAndParseWithCommandTable
                0x0000b708       0xd0 ./src/apps/LoRaMesh/rtos/Shell_App/Shell.o
                0x0000b708                Shell_ReadAndParseWithCommandTable
 .text.Shell_GetStdio
                0x0000b7d8       0x18 ./src/apps/LoRaMesh/rtos/Shell_App/Shell.o
                0x0000b7d8                Shell_GetStdio
 .text.Shell_ReadChar
                0x0000b7f0       0x38 ./src/apps/LoRaMesh/rtos/Shell_App/Shell.o
                0x0000b7f0                Shell_ReadChar
 .text.Shell_SendChar
                0x0000b828       0x30 ./src/apps/LoRaMesh/rtos/Shell_App/Shell.o
                0x0000b828                Shell_SendChar
 .text.Shell_KeyPressed
                0x0000b858       0x2c ./src/apps/LoRaMesh/rtos/Shell_App/Shell.o
                0x0000b858                Shell_KeyPressed
 .text.IterateTable
                0x0000b884       0x4c ./src/apps/LoRaMesh/rtos/Shell_App/Shell.o
                0x0000b884                IterateTable
 .text.PrintPrompt
                0x0000b8d0       0x20 ./src/apps/LoRaMesh/rtos/Shell_App/Shell.o
                0x0000b8d0                PrintPrompt
 .text.PrintStatus
                0x0000b8f0       0x9c ./src/apps/LoRaMesh/rtos/Shell_App/Shell.o
                0x0000b8f0                PrintStatus
 .text.PrintCommandFailed
                0x0000b98c       0x6c ./src/apps/LoRaMesh/rtos/Shell_App/Shell.o
                0x0000b98c                PrintCommandFailed
 .text.ReadLine
                0x0000b9f8       0x78 ./src/apps/LoRaMesh/rtos/Shell_App/Shell.o
                0x0000b9f8                ReadLine
 .text.SendSeparatedStrings
                0x0000ba70       0x64 ./src/apps/LoRaMesh/rtos/Shell_App/Shell.o
                0x0000ba70                SendSeparatedStrings
 .text.Shell_AppInit
                0x0000bad4       0x38 ./src/apps/LoRaMesh/rtos/Shell_App/Shell_App.o
                0x0000bad4                Shell_AppInit
 .text.ShellTask
                0x0000bb0c       0x44 ./src/apps/LoRaMesh/rtos/Shell_App/Shell_App.o
                0x0000bb0c                ShellTask
 .text.LoRaFrm_Init
                0x0000bb50        0xc ./src/apps/LoRaMesh/rtos/LoRaStack/LoRaFrm.o
                0x0000bb50                LoRaFrm_Init
 .text.LoRaFrm_OnPacketRx
                0x0000bb5c      0x204 ./src/apps/LoRaMesh/rtos/LoRaStack/LoRaFrm.o
                0x0000bb5c                LoRaFrm_OnPacketRx
 .text.LoRaFrm_PutPayload
                0x0000bd60      0x410 ./src/apps/LoRaMesh/rtos/LoRaStack/LoRaFrm.o
                0x0000bd60                LoRaFrm_PutPayload
 .text.LoRaMac_Init
                0x0000c170       0x1c ./src/apps/LoRaMesh/rtos/LoRaStack/LoRaMac.o
                0x0000c170                LoRaMac_Init
 .text.LoRaMac_OnPacketRx
                0x0000c18c      0x654 ./src/apps/LoRaMesh/rtos/LoRaStack/LoRaMac.o
                0x0000c18c                LoRaMac_OnPacketRx
 .text.LoRaMac_PutPayload
                0x0000c7e0      0x19c ./src/apps/LoRaMesh/rtos/LoRaStack/LoRaMac.o
                0x0000c7e0                LoRaMac_PutPayload
 .text.LoRaMac_AddCommand
                0x0000c97c      0x180 ./src/apps/LoRaMesh/rtos/LoRaStack/LoRaMac.o
                0x0000c97c                LoRaMac_AddCommand
 *fill*         0x0000cafc        0x4 
 .text.LoRaMac_ProcessCommands
                0x0000cb00      0x788 ./src/apps/LoRaMesh/rtos/LoRaStack/LoRaMac.o
                0x0000cb00                LoRaMac_ProcessCommands
 .text.LoRaMesh_ParseCommand
                0x0000d288       0xe4 ./src/apps/LoRaMesh/rtos/LoRaStack/LoRaMesh.o
                0x0000d288                LoRaMesh_ParseCommand
 .text.LoRaMesh_Init
                0x0000d36c      0x1e0 ./src/apps/LoRaMesh/rtos/LoRaStack/LoRaMesh.o
                0x0000d36c                LoRaMesh_Init
 .text.LoRaMesh_RegisterApplication
                0x0000d54c       0x80 ./src/apps/LoRaMesh/rtos/LoRaStack/LoRaMesh.o
                0x0000d54c                LoRaMesh_RegisterApplication
 .text.LoRaMesh_RegisterTransmission
                0x0000d5cc       0xd0 ./src/apps/LoRaMesh/rtos/LoRaStack/LoRaMesh.o
                0x0000d5cc                LoRaMesh_RegisterTransmission
 .text.LoRaMesh_RegisterReceptionWindow
                0x0000d69c       0x64 ./src/apps/LoRaMesh/rtos/LoRaStack/LoRaMesh.o
                0x0000d69c                LoRaMesh_RegisterReceptionWindow
 .text.LoRaMesh_SendMulticast
                0x0000d700      0x108 ./src/apps/LoRaMesh/rtos/LoRaStack/LoRaMesh.o
                0x0000d700                LoRaMesh_SendMulticast
 .text.LoRaMesh_SendAdvertising
                0x0000d808      0x408 ./src/apps/LoRaMesh/rtos/LoRaStack/LoRaMesh.o
                0x0000d808                LoRaMesh_SendAdvertising
 .text.LoRaMesh_ProcessAdvertising
                0x0000dc10      0x118 ./src/apps/LoRaMesh/rtos/LoRaStack/LoRaMesh.o
                0x0000dc10                LoRaMesh_ProcessAdvertising
 .text.LoRaMesh_ProcessJoinMeshReq
                0x0000dd28      0x124 ./src/apps/LoRaMesh/rtos/LoRaStack/LoRaMesh.o
                0x0000dd28                LoRaMesh_ProcessJoinMeshReq
 .text.LoRaMesh_ProcessRebindMeshReq
                0x0000de4c       0xc4 ./src/apps/LoRaMesh/rtos/LoRaStack/LoRaMesh.o
                0x0000de4c                LoRaMesh_ProcessRebindMeshReq
 .text.LoRaMesh_OnPacketRx
                0x0000df10       0x64 ./src/apps/LoRaMesh/rtos/LoRaStack/LoRaMesh.o
                0x0000df10                LoRaMesh_OnPacketRx
 .text.LoRaMesh_PutPayload
                0x0000df74       0x34 ./src/apps/LoRaMesh/rtos/LoRaStack/LoRaMesh.o
                0x0000df74                LoRaMesh_PutPayload
 .text.LoRaMesh_IsNetworkJoined
                0x0000dfa8       0x2c ./src/apps/LoRaMesh/rtos/LoRaStack/LoRaMesh.o
                0x0000dfa8                LoRaMesh_IsNetworkJoined
 .text.LoRaMesh_GenerateDeviceAddress
                0x0000dfd4       0x20 ./src/apps/LoRaMesh/rtos/LoRaStack/LoRaMesh.o
                0x0000dfd4                LoRaMesh_GenerateDeviceAddress
 .text.LoRaMesh_FindChildNode
                0x0000dff4       0x48 ./src/apps/LoRaMesh/rtos/LoRaStack/LoRaMesh.o
                0x0000dff4                LoRaMesh_FindChildNode
 .text.LoRaMesh_FindMulticastGroup
                0x0000e03c       0x48 ./src/apps/LoRaMesh/rtos/LoRaStack/LoRaMesh.o
                0x0000e03c                LoRaMesh_FindMulticastGroup
 .text.LoRaMesh_SetNwkIds
                0x0000e084       0x78 ./src/apps/LoRaMesh/rtos/LoRaStack/LoRaMesh.o
                0x0000e084                LoRaMesh_SetNwkIds
 .text.LoRaMesh_SetDeviceRole
                0x0000e0fc       0x20 ./src/apps/LoRaMesh/rtos/LoRaStack/LoRaMesh.o
                0x0000e0fc                LoRaMesh_SetDeviceRole
 .text.LoRaMesh_SetPublicNetwork
                0x0000e11c       0x3c ./src/apps/LoRaMesh/rtos/LoRaStack/LoRaMesh.o
                0x0000e11c                LoRaMesh_SetPublicNetwork
 .text.LoRaMesh_SetAdrOn
                0x0000e158       0x3c ./src/apps/LoRaMesh/rtos/LoRaStack/LoRaMesh.o
                0x0000e158                LoRaMesh_SetAdrOn
 .text.LoRaMesh_GetNofChildNodes
                0x0000e194       0x38 ./src/apps/LoRaMesh/rtos/LoRaStack/LoRaMesh.o
                0x0000e194                LoRaMesh_GetNofChildNodes
 .text.LoRaMesh_GetNofMlticastGroups
                0x0000e1cc       0x38 ./src/apps/LoRaMesh/rtos/LoRaStack/LoRaMesh.o
                0x0000e1cc                LoRaMesh_GetNofMlticastGroups
 .text.LoRaMesh_TimeSynch
                0x0000e204       0x8c ./src/apps/LoRaMesh/rtos/LoRaStack/LoRaMesh.o
                0x0000e204                LoRaMesh_TimeSynch
 .text.LoRaMesh_GetSynchTime
                0x0000e290       0x18 ./src/apps/LoRaMesh/rtos/LoRaStack/LoRaMesh.o
                0x0000e290                LoRaMesh_GetSynchTime
 .text.LoRaMesh_TestSetDutyCycleCtrlOff
                0x0000e2a8       0x3c ./src/apps/LoRaMesh/rtos/LoRaStack/LoRaMesh.o
                0x0000e2a8                LoRaMesh_TestSetDutyCycleCtrlOff
 .text.LoRaMesh_TestCreateChildNode
                0x0000e2e4       0x34 ./src/apps/LoRaMesh/rtos/LoRaStack/LoRaMesh.o
                0x0000e2e4                LoRaMesh_TestCreateChildNode
 .text.LoRaMesh_TestCreateMulticastGroup
                0x0000e318       0x38 ./src/apps/LoRaMesh/rtos/LoRaStack/LoRaMesh.o
                0x0000e318                LoRaMesh_TestCreateMulticastGroup
 .text.LoRaMesh_TestScheduleAdvertising
                0x0000e350       0x44 ./src/apps/LoRaMesh/rtos/LoRaStack/LoRaMesh.o
                0x0000e350                LoRaMesh_TestScheduleAdvertising
 .text.LoRaMesh_TestOpenReceptionWindow
                0x0000e394       0x20 ./src/apps/LoRaMesh/rtos/LoRaStack/LoRaMesh.o
                0x0000e394                LoRaMesh_TestOpenReceptionWindow
 .text.ScheduleEvent
                0x0000e3b4      0x284 ./src/apps/LoRaMesh/rtos/LoRaStack/LoRaMesh.o
 .text.FindFreeSlots
                0x0000e638      0x620 ./src/apps/LoRaMesh/rtos/LoRaStack/LoRaMesh.o
 .text.OnAdvertisingTimerEvent
                0x0000ec58      0x108 ./src/apps/LoRaMesh/rtos/LoRaStack/LoRaMesh.o
 .text.OnEventSchedulerTimerEvent
                0x0000ed60      0x198 ./src/apps/LoRaMesh/rtos/LoRaStack/LoRaMesh.o
 .text.EvaluateAcceptanceProbability
                0x0000eef8       0x24 ./src/apps/LoRaMesh/rtos/LoRaStack/LoRaMesh.o
 .text.EvaluateNominationProbability
                0x0000ef1c       0x1c ./src/apps/LoRaMesh/rtos/LoRaStack/LoRaMesh.o
 .text.CalculateNodeRank
                0x0000ef38       0x10 ./src/apps/LoRaMesh/rtos/LoRaStack/LoRaMesh.o
 .text.AllocateEvent
                0x0000ef48       0x4c ./src/apps/LoRaMesh/rtos/LoRaStack/LoRaMesh.o
 .text.AllocateEventHandler
                0x0000ef94       0x58 ./src/apps/LoRaMesh/rtos/LoRaStack/LoRaMesh.o
 .text.CreateChildNode
                0x0000efec       0x84 ./src/apps/LoRaMesh/rtos/LoRaStack/LoRaMesh.o
                0x0000efec                CreateChildNode
 .text.ChildNodeAdd
                0x0000f070       0x48 ./src/apps/LoRaMesh/rtos/LoRaStack/LoRaMesh.o
                0x0000f070                ChildNodeAdd
 .text.CreateMulticastGroup
                0x0000f0b8       0x8c ./src/apps/LoRaMesh/rtos/LoRaStack/LoRaMesh.o
                0x0000f0b8                CreateMulticastGroup
 .text.MulticastGroupAdd
                0x0000f144       0x48 ./src/apps/LoRaMesh/rtos/LoRaStack/LoRaMesh.o
                0x0000f144                MulticastGroupAdd
 .text.PrintStatus
                0x0000f18c      0x160 ./src/apps/LoRaMesh/rtos/LoRaStack/LoRaMesh.o
 .text.PrintHelp
                0x0000f2ec       0x80 ./src/apps/LoRaMesh/rtos/LoRaStack/LoRaMesh.o
 .text.PrintEventSchedulerList
                0x0000f36c      0x168 ./src/apps/LoRaMesh/rtos/LoRaStack/LoRaMesh.o
 .text.PrintChildNodes
                0x0000f4d4      0x1f4 ./src/apps/LoRaMesh/rtos/LoRaStack/LoRaMesh.o
 .text.PrintMulticastGroups
                0x0000f6c8      0x21c ./src/apps/LoRaMesh/rtos/LoRaStack/LoRaMesh.o
 .text.LoRaPhy_Init
                0x0000f8e4      0x1f8 ./src/apps/LoRaMesh/rtos/LoRaStack/LoRaPhy.o
                0x0000f8e4                LoRaPhy_Init
 .text.LoRaPhy_Process
                0x0000fadc       0x38 ./src/apps/LoRaMesh/rtos/LoRaStack/LoRaPhy.o
                0x0000fadc                LoRaPhy_Process
 .text.LoRaPhy_PutPayload
                0x0000fb14       0x30 ./src/apps/LoRaMesh/rtos/LoRaStack/LoRaPhy.o
                0x0000fb14                LoRaPhy_PutPayload
 .text.LoRaPhy_OnPacketRx
                0x0000fb44       0x18 ./src/apps/LoRaMesh/rtos/LoRaStack/LoRaPhy.o
                0x0000fb44                LoRaPhy_OnPacketRx
 .text.LoRaPhy_GenerateNonce
                0x0000fb5c       0x14 ./src/apps/LoRaMesh/rtos/LoRaStack/LoRaPhy.o
                0x0000fb5c                LoRaPhy_GenerateNonce
 .text.LoRaPhy_SetChannel
                0x0000fb70      0x27c ./src/apps/LoRaMesh/rtos/LoRaStack/LoRaPhy.o
                0x0000fb70                LoRaPhy_SetChannel
 .text.LoRaPhy_ChannelRemove
                0x0000fdec       0x80 ./src/apps/LoRaMesh/rtos/LoRaStack/LoRaPhy.o
                0x0000fdec                LoRaPhy_ChannelRemove
 .text.LoRaPhy_SetReceiveDelay1
                0x0000fe6c       0x1c ./src/apps/LoRaMesh/rtos/LoRaStack/LoRaPhy.o
                0x0000fe6c                LoRaPhy_SetReceiveDelay1
 .text.LoRaPhy_SetReceiveDelay2
                0x0000fe88       0x1c ./src/apps/LoRaMesh/rtos/LoRaStack/LoRaPhy.o
                0x0000fe88                LoRaPhy_SetReceiveDelay2
 .text.LoRaPhy_SetMaxDutyCycle
                0x0000fea4       0x38 ./src/apps/LoRaMesh/rtos/LoRaStack/LoRaPhy.o
                0x0000fea4                LoRaPhy_SetMaxDutyCycle
 .text.LoRaPhy_SetDownLinkSettings
                0x0000fedc       0x2c ./src/apps/LoRaMesh/rtos/LoRaStack/LoRaPhy.o
                0x0000fedc                LoRaPhy_SetDownLinkSettings
 .text.LoRaPhy_SetRxParameters
                0x0000ff08       0x2c ./src/apps/LoRaMesh/rtos/LoRaStack/LoRaPhy.o
                0x0000ff08                LoRaPhy_SetRxParameters
 .text.LoRaPhy_GetChannelFrequency
                0x0000ff34       0x2c ./src/apps/LoRaMesh/rtos/LoRaStack/LoRaPhy.o
                0x0000ff34                LoRaPhy_GetChannelFrequency
 .text.LoRaPhy_GetChannelIndex
                0x0000ff60       0x5c ./src/apps/LoRaMesh/rtos/LoRaStack/LoRaPhy.o
                0x0000ff60                LoRaPhy_GetChannelIndex
 .text.LoRaPhy_TestOpenRxWindow
                0x0000ffbc       0x54 ./src/apps/LoRaMesh/rtos/LoRaStack/LoRaPhy.o
                0x0000ffbc                LoRaPhy_TestOpenRxWindow
 .text.HandleStateMachine
                0x00010010       0xe0 ./src/apps/LoRaMesh/rtos/LoRaStack/LoRaPhy.o
 .text.GetTxMsg
                0x000100f0       0x40 ./src/apps/LoRaMesh/rtos/LoRaStack/LoRaPhy.o
 .text.GetRxMsg
                0x00010130       0x40 ./src/apps/LoRaMesh/rtos/LoRaStack/LoRaPhy.o
 .text.QueuePut
                0x00010170       0xcc ./src/apps/LoRaMesh/rtos/LoRaStack/LoRaPhy.o
 .text.CheckTx  0x0001023c      0x398 ./src/apps/LoRaMesh/rtos/LoRaStack/LoRaPhy.o
 .text.OpenReceptionWindow
                0x000105d4      0x134 ./src/apps/LoRaMesh/rtos/LoRaStack/LoRaPhy.o
 .text.OnRadioTxDone
                0x00010708      0x1dc ./src/apps/LoRaMesh/rtos/LoRaStack/LoRaPhy.o
 .text.OnRadioRxDone
                0x000108e4       0x54 ./src/apps/LoRaMesh/rtos/LoRaStack/LoRaPhy.o
 .text.OnCadDone
                0x00010938       0x1c ./src/apps/LoRaMesh/rtos/LoRaStack/LoRaPhy.o
 .text.OnRadioTxTimeout
                0x00010954       0x38 ./src/apps/LoRaMesh/rtos/LoRaStack/LoRaPhy.o
 .text.OnRadioRxTimeout
                0x0001098c       0x40 ./src/apps/LoRaMesh/rtos/LoRaStack/LoRaPhy.o
 .text.OnRadioRxError
                0x000109cc       0x58 ./src/apps/LoRaMesh/rtos/LoRaStack/LoRaPhy.o
 .text.OnRxWindow1TimerEvent
                0x00010a24       0x9c ./src/apps/LoRaMesh/rtos/LoRaStack/LoRaPhy.o
 .text.OnRxWindow2TimerEvent
                0x00010ac0       0xa4 ./src/apps/LoRaMesh/rtos/LoRaStack/LoRaPhy.o
 .text.LoRaMesh_AppParseCommand
                0x00010b64       0xa0 ./src/apps/LoRaMesh/rtos/LoRaMesh_App/LoRaMesh_App.o
                0x00010b64                LoRaMesh_AppParseCommand
 .text.LoRaMesh_AppInit
                0x00010c04      0x1a0 ./src/apps/LoRaMesh/rtos/LoRaMesh_App/LoRaMesh_App.o
                0x00010c04                LoRaMesh_AppInit
 .text.Process  0x00010da4       0x30 ./src/apps/LoRaMesh/rtos/LoRaMesh_App/LoRaMesh_App.o
 .text.ProcessDataFrame
                0x00010dd4      0x278 ./src/apps/LoRaMesh/rtos/LoRaMesh_App/LoRaMesh_App.o
 .text.SendMulticastDataFrame
                0x0001104c      0x410 ./src/apps/LoRaMesh/rtos/LoRaMesh_App/LoRaMesh_App.o
 .text.ReceiveDataFrame
                0x0001145c       0x60 ./src/apps/LoRaMesh/rtos/LoRaMesh_App/LoRaMesh_App.o
 .text.FindEntry
                0x000114bc       0x40 ./src/apps/LoRaMesh/rtos/LoRaMesh_App/LoRaMesh_App.o
 .text.AllocateEntry
                0x000114fc       0x80 ./src/apps/LoRaMesh/rtos/LoRaMesh_App/LoRaMesh_App.o
 .text.FreeEntry
                0x0001157c       0x70 ./src/apps/LoRaMesh/rtos/LoRaMesh_App/LoRaMesh_App.o
 .text.LoRaMeshTask
                0x000115ec       0xfc ./src/apps/LoRaMesh/rtos/LoRaMesh_App/LoRaMesh_App.o
 .text.PrintStatus
                0x000116e8      0x328 ./src/apps/LoRaMesh/rtos/LoRaMesh_App/LoRaMesh_App.o
 .text.PrintHelp
                0x00011a10       0x54 ./src/apps/LoRaMesh/rtos/LoRaMesh_App/LoRaMesh_App.o
 .text.PrintEntries
                0x00011a64       0x3c ./src/apps/LoRaMesh/rtos/LoRaMesh_App/LoRaMesh_App.o
 .text.ceil     0x00011aa0      0x120 c:/dev/freescale/kds_3.0.0/toolchain/bin/../lib/gcc/arm-none-eabi/4.8.4/../../../../arm-none-eabi/lib/armv7e-m\libm.a(lib_a-s_ceil.o)
                0x00011aa0                ceil
 .text.floor    0x00011bc0      0x120 c:/dev/freescale/kds_3.0.0/toolchain/bin/../lib/gcc/arm-none-eabi/4.8.4/../../../../arm-none-eabi/lib/armv7e-m\libm.a(lib_a-s_floor.o)
                0x00011bc0                floor
 .text.round    0x00011ce0       0x9c c:/dev/freescale/kds_3.0.0/toolchain/bin/../lib/gcc/arm-none-eabi/4.8.4/../../../../arm-none-eabi/lib/armv7e-m\libm.a(lib_a-s_round.o)
                0x00011ce0                round
 .text.exit     0x00011d7c       0x20 c:/dev/freescale/kds_3.0.0/toolchain/bin/../lib/gcc/arm-none-eabi/4.8.4/../../../../arm-none-eabi/lib/armv7e-m\libg.a(lib_a-exit.o)
                0x00011d7c                exit
 .text.__libc_init_array
                0x00011d9c       0x50 c:/dev/freescale/kds_3.0.0/toolchain/bin/../lib/gcc/arm-none-eabi/4.8.4/../../../../arm-none-eabi/lib/armv7e-m\libg.a(lib_a-init.o)
                0x00011d9c                __libc_init_array
 .text.memset   0x00011dec       0x94 c:/dev/freescale/kds_3.0.0/toolchain/bin/../lib/gcc/arm-none-eabi/4.8.4/../../../../arm-none-eabi/lib/armv7e-m\libg.a(lib_a-memset.o)
                0x00011dec                memset
 .text.validate_structure
                0x00011e80      0x220 c:/dev/freescale/kds_3.0.0/toolchain/bin/../lib/gcc/arm-none-eabi/4.8.4/../../../../arm-none-eabi/lib/armv7e-m\libg.a(lib_a-mktime.o)
 .text.mktime   0x000120a0      0x378 c:/dev/freescale/kds_3.0.0/toolchain/bin/../lib/gcc/arm-none-eabi/4.8.4/../../../../arm-none-eabi/lib/armv7e-m\libg.a(lib_a-mktime.o)
                0x000120a0                mktime
 .text.__tzcalc_limits
                0x00012418      0x190 c:/dev/freescale/kds_3.0.0/toolchain/bin/../lib/gcc/arm-none-eabi/4.8.4/../../../../arm-none-eabi/lib/armv7e-m\libg.a(lib_a-mktm_r.o)
                0x00012418                __tzcalc_limits
 .text.strlen   0x000125a8       0x60 c:/dev/freescale/kds_3.0.0/toolchain/bin/../lib/gcc/arm-none-eabi/4.8.4/../../../../arm-none-eabi/lib/armv7e-m\libg.a(lib_a-strlen.o)
                0x000125a8                strlen
 .text.strncmp  0x00012608       0xb4 c:/dev/freescale/kds_3.0.0/toolchain/bin/../lib/gcc/arm-none-eabi/4.8.4/../../../../arm-none-eabi/lib/armv7e-m\libg.a(lib_a-strncmp.o)
                0x00012608                strncmp
 .text.__tz_lock
                0x000126bc        0x4 c:/dev/freescale/kds_3.0.0/toolchain/bin/../lib/gcc/arm-none-eabi/4.8.4/../../../../arm-none-eabi/lib/armv7e-m\libg.a(lib_a-tzlock.o)
                0x000126bc                __tz_lock
 .text.__tz_unlock
                0x000126c0        0x4 c:/dev/freescale/kds_3.0.0/toolchain/bin/../lib/gcc/arm-none-eabi/4.8.4/../../../../arm-none-eabi/lib/armv7e-m\libg.a(lib_a-tzlock.o)
                0x000126c0                __tz_unlock
 .text.startup.register_fini
                0x000126c4       0x14 c:/dev/freescale/kds_3.0.0/toolchain/bin/../lib/gcc/arm-none-eabi/4.8.4/../../../../arm-none-eabi/lib/armv7e-m\libg.a(lib_a-__call_atexit.o)
 .text.__call_exitprocs
                0x000126d8       0xf0 c:/dev/freescale/kds_3.0.0/toolchain/bin/../lib/gcc/arm-none-eabi/4.8.4/../../../../arm-none-eabi/lib/armv7e-m\libg.a(lib_a-__call_atexit.o)
                0x000126d8                __call_exitprocs
 .text.atexit   0x000127c8        0xc c:/dev/freescale/kds_3.0.0/toolchain/bin/../lib/gcc/arm-none-eabi/4.8.4/../../../../arm-none-eabi/lib/armv7e-m\libg.a(lib_a-atexit.o)
                0x000127c8                atexit
 .text.div      0x000127d4       0x40 c:/dev/freescale/kds_3.0.0/toolchain/bin/../lib/gcc/arm-none-eabi/4.8.4/../../../../arm-none-eabi/lib/armv7e-m\libg.a(lib_a-div.o)
                0x000127d4                div
 .text.__libc_fini_array
                0x00012814       0x30 c:/dev/freescale/kds_3.0.0/toolchain/bin/../lib/gcc/arm-none-eabi/4.8.4/../../../../arm-none-eabi/lib/armv7e-m\libg.a(lib_a-fini.o)
                0x00012814                __libc_fini_array
 .text.__gettzinfo
                0x00012844        0x8 c:/dev/freescale/kds_3.0.0/toolchain/bin/../lib/gcc/arm-none-eabi/4.8.4/../../../../arm-none-eabi/lib/armv7e-m\libg.a(lib_a-gettzinfo.o)
                0x00012844                __gettzinfo
 .text.__register_exitproc
                0x0001284c       0xa8 c:/dev/freescale/kds_3.0.0/toolchain/bin/../lib/gcc/arm-none-eabi/4.8.4/../../../../arm-none-eabi/lib/armv7e-m\libg.a(lib_a-__atexit.o)
                0x0001284c                __register_exitproc
 .text._exit    0x000128f4        0x4 c:/dev/freescale/kds_3.0.0/toolchain/bin/../lib/gcc/arm-none-eabi/4.8.4/../../../../arm-none-eabi/lib/armv7e-m\libnosys.a(_exit.o)
                0x000128f4                _exit
 *(.rodata)
 .rodata        0x000128f8       0x34 ./src/radio/sx1276/sx1276.o
 .rodata        0x0001292c        0x8 ./src/free-rtos/src/tasks.o
 .rodata        0x00012934        0x8 ./src/free-rtos/src/timers.o
 .rodata        0x0001293c       0x10 ./src/boards/tinyK20/gps-board.o
 .rodata        0x0001294c       0xa0 ./src/boards/tinyK20/spi-board.o
 .rodata        0x000129ec       0x2c ./src/boards/tinyK20/uart-board.o
 .rodata        0x00012a18       0x8c ./src/apps/LoRaMesh/rtos/tinyK20/main.o
 .rodata        0x00012aa4      0x17c ./src/apps/LoRaMesh/rtos/Shell_App/Shell.o
 .rodata        0x00012c20       0x10 ./src/apps/LoRaMesh/rtos/Shell_App/Shell_App.o
 .rodata        0x00012c30       0x28 ./src/apps/LoRaMesh/rtos/LoRaStack/LoRaMac.o
 .rodata        0x00012c58      0x488 ./src/apps/LoRaMesh/rtos/LoRaStack/LoRaMesh.o
 .rodata        0x000130e0      0x100 ./src/apps/LoRaMesh/rtos/LoRaStack/LoRaPhy.o
 .rodata        0x000131e0      0x2c4 ./src/apps/LoRaMesh/rtos/LoRaMesh_App/LoRaMesh_App.o
 *(.rodata*)
 .rodata.sbox   0x000134a4      0x100 ./src/system/crypto/aes.o
 .rodata.gfm2_sbox
                0x000135a4      0x100 ./src/system/crypto/aes.o
 .rodata.gfm3_sbox
                0x000136a4      0x100 ./src/system/crypto/aes.o
 .rodata.NmeaDataTypeGPGGA
                0x000137a4        0x8 ./src/system/gps.o
                0x000137a4                NmeaDataTypeGPGGA
 .rodata.NmeaDataTypeGPRMC
                0x000137ac        0x8 ./src/system/gps.o
                0x000137ac                NmeaDataTypeGPRMC
 .rodata.RadioRegsInit
                0x000137b4       0x30 ./src/radio/sx1276/sx1276.o
                0x000137b4                RadioRegsInit
 .rodata.FskBandwidths
                0x000137e4       0xb0 ./src/radio/sx1276/sx1276.o
                0x000137e4                FskBandwidths
 .rodata.g_portBase
                0x00013894       0x14 ./src/boards/tinyK20/gpio-board.o
                0x00013894                g_portBase
 .rodata.g_gpioBase
                0x000138a8       0x14 ./src/boards/tinyK20/gpio-board.o
                0x000138a8                g_gpioBase
 .rodata.s_baudratePrescaler
                0x000138bc       0x10 ./src/boards/tinyK20/spi-board.o
 .rodata.s_baudrateScaler
                0x000138cc       0x40 ./src/boards/tinyK20/spi-board.o
 .rodata.Radio  0x0001390c       0x58 ./src/boards/tinyK20/sx1276-board.o
                0x0001390c                Radio
 .rodata.Shell_stdio
                0x00013964       0x10 ./src/apps/LoRaMesh/rtos/Shell_App/Shell.o
 .rodata.CmdParserTable
                0x00013974       0x10 ./src/apps/LoRaMesh/rtos/Shell_App/Shell_App.o
 .rodata.Datarates
                0x00013984        0x8 ./src/apps/LoRaMesh/rtos/LoRaStack/LoRaMesh.o
                0x00013984                Datarates
 .rodata.MaxPayloadByDatarate
                0x0001398c        0x8 ./src/apps/LoRaMesh/rtos/LoRaStack/LoRaMesh.o
                0x0001398c                MaxPayloadByDatarate
 .rodata.TxPowers
                0x00013994        0x8 ./src/apps/LoRaMesh/rtos/LoRaStack/LoRaMesh.o
                0x00013994                TxPowers
 .rodata.str1.4
                0x0001399c        0x4 c:/dev/freescale/kds_3.0.0/toolchain/bin/../lib/gcc/arm-none-eabi/4.8.4/../../../../arm-none-eabi/lib/armv7e-m\libg.a(lib_a-impure.o)
 .rodata._global_impure_ptr
                0x000139a0        0x4 c:/dev/freescale/kds_3.0.0/toolchain/bin/../lib/gcc/arm-none-eabi/4.8.4/../../../../arm-none-eabi/lib/armv7e-m\libg.a(lib_a-impure.o)
                0x000139a0                _global_impure_ptr
 .rodata._DAYS_BEFORE_MONTH
                0x000139a4       0x30 c:/dev/freescale/kds_3.0.0/toolchain/bin/../lib/gcc/arm-none-eabi/4.8.4/../../../../arm-none-eabi/lib/armv7e-m\libg.a(lib_a-mktime.o)
 .rodata.DAYS_IN_MONTH
                0x000139d4       0x30 c:/dev/freescale/kds_3.0.0/toolchain/bin/../lib/gcc/arm-none-eabi/4.8.4/../../../../arm-none-eabi/lib/armv7e-m\libg.a(lib_a-mktime.o)
 .rodata.mon_lengths
                0x00013a04       0x60 c:/dev/freescale/kds_3.0.0/toolchain/bin/../lib/gcc/arm-none-eabi/4.8.4/../../../../arm-none-eabi/lib/armv7e-m\libg.a(lib_a-mktm_r.o)
 *(.glue_7)
 .glue_7        0x00000000        0x0 linker stubs
 *(.glue_7t)
 .glue_7t       0x00000000        0x0 linker stubs
 *(.eh_frame)
 .eh_frame      0x00013a64        0x0 c:/dev/freescale/kds_3.0.0/toolchain/bin/../lib/gcc/arm-none-eabi/4.8.4/armv7e-m/crtbegin.o
 *(.init)
 .init          0x00013a64        0x4 c:/dev/freescale/kds_3.0.0/toolchain/bin/../lib/gcc/arm-none-eabi/4.8.4/armv7e-m/crti.o
                0x00013a64                _init
 .init          0x00013a68        0x8 c:/dev/freescale/kds_3.0.0/toolchain/bin/../lib/gcc/arm-none-eabi/4.8.4/armv7e-m/crtn.o
 *(.fini)
 .fini          0x00013a70        0x4 c:/dev/freescale/kds_3.0.0/toolchain/bin/../lib/gcc/arm-none-eabi/4.8.4/armv7e-m/crti.o
                0x00013a70                _fini
 .fini          0x00013a74        0x8 c:/dev/freescale/kds_3.0.0/toolchain/bin/../lib/gcc/arm-none-eabi/4.8.4/armv7e-m/crtn.o
                0x00013a7c                . = ALIGN (0x4)
                0x00013a7c                _etext = .

.vfp11_veneer   0x00013a7c        0x0
 .vfp11_veneer  0x00000000        0x0 linker stubs

.v4_bx          0x00013a7c        0x0
 .v4_bx         0x00000000        0x0 linker stubs

.iplt           0x00013a7c        0x0
 .iplt          0x00000000        0x0 c:/dev/freescale/kds_3.0.0/toolchain/bin/../lib/gcc/arm-none-eabi/4.8.4/armv7e-m/crtbegin.o

.ARM.extab
 *(.ARM.extab* .gnu.linkonce.armextab.*)

.ARM            0x00013a7c        0x8
                0x00013a7c                __exidx_start = .
 *(.ARM.exidx*)
 .ARM.exidx     0x00013a7c        0x8 c:/dev/freescale/kds_3.0.0/toolchain/bin/../lib/gcc/arm-none-eabi/4.8.4/../../../../arm-none-eabi/lib/armv7e-m/crt0.o
 .ARM.exidx     0x00013a84        0x0 c:/dev/freescale/kds_3.0.0/toolchain/bin/../lib/gcc/arm-none-eabi/4.8.4/armv7e-m\libgcc.a(_divdi3.o)
                                  0x8 (size before relaxing)
 .ARM.exidx     0x00013a84        0x0 c:/dev/freescale/kds_3.0.0/toolchain/bin/../lib/gcc/arm-none-eabi/4.8.4/armv7e-m\libgcc.a(_udivdi3.o)
                                  0x8 (size before relaxing)
                0x00013a84                __exidx_end = .

.rel.dyn        0x00013a84        0x0
 .rel.iplt      0x00000000        0x0 c:/dev/freescale/kds_3.0.0/toolchain/bin/../lib/gcc/arm-none-eabi/4.8.4/armv7e-m/crtbegin.o

.ctors          0x00013a84        0x0
                0x00013a84                __CTOR_LIST__ = .
 *crtbegin.o(.ctors)
 *(EXCLUDE_FILE(*crtend.o) .ctors)
 *(SORT(.ctors.*))
 *(.ctors)
                0x00013a84                __CTOR_END__ = .

.dtors          0x00013a84        0x0
                0x00013a84                __DTOR_LIST__ = .
 *crtbegin.o(.dtors)
 *(EXCLUDE_FILE(*crtend.o) .dtors)
 *(SORT(.dtors.*))
 *(.dtors)
                0x00013a84                __DTOR_END__ = .

.preinit_array  0x00013a84        0x0
                0x00013a84                PROVIDE (__preinit_array_start, .)
 *(.preinit_array*)
                0x00013a84                PROVIDE (__preinit_array_end, .)

.init_array     0x00013a84        0x8
                0x00013a84                PROVIDE (__init_array_start, .)
 *(SORT(.init_array.*))
 .init_array.00000
                0x00013a84        0x4 c:/dev/freescale/kds_3.0.0/toolchain/bin/../lib/gcc/arm-none-eabi/4.8.4/../../../../arm-none-eabi/lib/armv7e-m\libg.a(lib_a-__call_atexit.o)
 *(.init_array*)
 .init_array    0x00013a88        0x4 c:/dev/freescale/kds_3.0.0/toolchain/bin/../lib/gcc/arm-none-eabi/4.8.4/armv7e-m/crtbegin.o
                0x00013a8c                PROVIDE (__init_array_end, .)

.fini_array     0x00013a8c        0x4
                0x00013a8c                PROVIDE (__fini_array_start, .)
 *(SORT(.fini_array.*))
 *(.fini_array*)
 .fini_array    0x00013a8c        0x4 c:/dev/freescale/kds_3.0.0/toolchain/bin/../lib/gcc/arm-none-eabi/4.8.4/armv7e-m/crtbegin.o
                0x00013a90                PROVIDE (__fini_array_end, .)
                0x00013a90                ___ROM_AT = .

.data           0x1fffe000      0x708 load address 0x00013a90
                0x1fffe000                . = ALIGN (0x4)
                0x1fffe000                _sdata = .
 *(.data)
 *(.data*)
 .data.Altitude
                0x1fffe000        0x2 ./src/system/gps.o
 .data.LowPowerModeEnable
                0x1fffe002        0x1 ./src/system/timer.o
 *fill*         0x1fffe003        0x1 
 .data.DioIrq   0x1fffe004       0x18 ./src/radio/sx1276/sx1276.o
                0x1fffe004                DioIrq
 .data.opModePrev.8056
                0x1fffe01c        0x1 ./src/radio/sx1276/sx1276.o
 *fill*         0x1fffe01d        0x3 
 .data.MicBlockB0
                0x1fffe020       0x10 ./src/mac/LoRaMacCrypto.o
 .data.aBlock   0x1fffe030       0x10 ./src/mac/LoRaMacCrypto.o
 .data.xFreeBytesRemaining
                0x1fffe040        0x4 ./src/free-rtos/src/heap_2.o
 .data.uxCriticalNesting
                0x1fffe044        0x4 ./src/free-rtos/port/port.o
 .data.pinsPortA
                0x1fffe048        0x8 ./src/boards/tinyK20/gpio-board.o
                0x1fffe048                pinsPortA
 .data.pinsPortB
                0x1fffe050        0x8 ./src/boards/tinyK20/gpio-board.o
                0x1fffe050                pinsPortB
 .data.pinsPortC
                0x1fffe058        0x8 ./src/boards/tinyK20/gpio-board.o
                0x1fffe058                pinsPortC
 .data.pinsPortD
                0x1fffe060        0x8 ./src/boards/tinyK20/gpio-board.o
                0x1fffe060                pinsPortD
 .data.alternateFctCfg
                0x1fffe068       0x68 ./src/boards/tinyK20/gpio-board.o
 .data.g_uartBase
                0x1fffe0d0        0xc ./src/boards/tinyK20/uart-board.o
 .data.g_uartIrq
                0x1fffe0dc        0x4 ./src/boards/tinyK20/uart-board.o
 .data.next     0x1fffe0e0        0x4 ./src/boards/mcu/kinetis/utilities/utilities.o
 .data.Shell_currStdIO
                0x1fffe0e4        0x4 ./src/apps/LoRaMesh/rtos/Shell_App/Shell.o
 .data.LoRaDevice
                0x1fffe0e8       0x94 ./src/apps/LoRaMesh/rtos/LoRaStack/LoRaMesh.o
 *fill*         0x1fffe17c        0x4 
 .data.Bands    0x1fffe180       0x78 ./src/apps/LoRaMesh/rtos/LoRaStack/LoRaPhy.o
 .data.Channels
                0x1fffe1f8       0x80 ./src/apps/LoRaMesh/rtos/LoRaStack/LoRaPhy.o
 .data.NwkSKey  0x1fffe278       0x10 ./src/apps/LoRaMesh/rtos/LoRaMesh_App/LoRaMesh_App.o
 .data.AppSKey  0x1fffe288       0x10 ./src/apps/LoRaMesh/rtos/LoRaMesh_App/LoRaMesh_App.o
 .data.AppPort  0x1fffe298        0x1 ./src/apps/LoRaMesh/rtos/LoRaMesh_App/LoRaMesh_App.o
 .data.AppDataSize
                0x1fffe299        0x1 ./src/apps/LoRaMesh/rtos/LoRaMesh_App/LoRaMesh_App.o
 *fill*         0x1fffe29a        0x6 
 .data.impure_data
                0x1fffe2a0      0x428 c:/dev/freescale/kds_3.0.0/toolchain/bin/../lib/gcc/arm-none-eabi/4.8.4/../../../../arm-none-eabi/lib/armv7e-m\libg.a(lib_a-impure.o)
 .data.tzinfo   0x1fffe6c8       0x40 c:/dev/freescale/kds_3.0.0/toolchain/bin/../lib/gcc/arm-none-eabi/4.8.4/../../../../arm-none-eabi/lib/armv7e-m\libg.a(lib_a-gettzinfo.o)
                0x1fffe708                . = ALIGN (0x4)
                0x1fffe708                _edata = .
                0x00000708                ___data_size = (_edata - _sdata)
                0x00014198                ___m_data_20000000_ROMStart = (___ROM_AT + SIZEOF (.data))

.jcr            0x1fffe708        0x0 load address 0x00014198
 .jcr           0x1fffe708        0x0 c:/dev/freescale/kds_3.0.0/toolchain/bin/../lib/gcc/arm-none-eabi/4.8.4/armv7e-m/crtbegin.o

.igot.plt       0x1fffe708        0x0 load address 0x00014198
 .igot.plt      0x00000000        0x0 c:/dev/freescale/kds_3.0.0/toolchain/bin/../lib/gcc/arm-none-eabi/4.8.4/armv7e-m/crtbegin.o

.m_data_20000000
                0x20000000     0x2000 load address 0x00014198
                0x20000000                . = ALIGN (0x4)
                0x20000000                ___m_data_20000000_RAMStart = .
 *(.m_data_20000000)
 .m_data_20000000
                0x20000000     0x2000 ./src/free-rtos/src/heap_2.o
                0x20002000                ___m_data_20000000_RAMEnd = .
                0x20002000                . = ALIGN (0x4)
                0x00002000                ___m_data_20000000_ROMSize = (___m_data_20000000_RAMEnd - ___m_data_20000000_RAMStart)
                0x20002000                . = ALIGN (0x4)

.bss            0x1fffe708     0x1660 load address 0x00014198
                0x1fffe708                __START_BSS = .
                0x1fffe708                PROVIDE (__bss_start__, __START_BSS)
 *(.bss)
 .bss           0x1fffe708       0x1c c:/dev/freescale/kds_3.0.0/toolchain/bin/../lib/gcc/arm-none-eabi/4.8.4/armv7e-m/crtbegin.o
 *(.bss*)
 .bss.NmeaGpsData
                0x1fffe724       0x64 ./src/system/gps.o
                0x1fffe724                NmeaGpsData
 .bss.Latitude  0x1fffe788        0x8 ./src/system/gps.o
 .bss.Longitude
                0x1fffe790        0x8 ./src/system/gps.o
 .bss.LatitudeBinary
                0x1fffe798        0x4 ./src/system/gps.o
 .bss.LongitudeBinary
                0x1fffe79c        0x4 ./src/system/gps.o
 .bss.PpsCnt    0x1fffe7a0        0x4 ./src/system/gps.o
 .bss.dateTime  0x1fffe7a4       0x24 ./src/system/gps.o
 .bss.PpsDetected
                0x1fffe7c8        0x1 ./src/system/gps.o
                0x1fffe7c8                PpsDetected
 *fill*         0x1fffe7c9        0x3 
 .bss.RadioEvents
                0x1fffe7cc        0x4 ./src/radio/sx1276/sx1276.o
 .bss.RxBuffer  0x1fffe7d0      0x104 ./src/radio/sx1276/sx1276.o
 .bss.SX1276    0x1fffe8d4       0xec ./src/radio/sx1276/sx1276.o
                0x1fffe8d4                SX1276
 .bss.TxTimeoutTimer
                0x1fffe9c0        0xc ./src/radio/sx1276/sx1276.o
                0x1fffe9c0                TxTimeoutTimer
 .bss.RxTimeoutTimer
                0x1fffe9cc        0xc ./src/radio/sx1276/sx1276.o
                0x1fffe9cc                RxTimeoutTimer
 .bss.RxTimeoutSyncWord
                0x1fffe9d8        0xc ./src/radio/sx1276/sx1276.o
                0x1fffe9d8                RxTimeoutSyncWord
 .bss.Mic       0x1fffe9e4       0x10 ./src/mac/LoRaMacCrypto.o
 .bss.sBlock    0x1fffe9f4       0x10 ./src/mac/LoRaMacCrypto.o
 .bss.AesContext
                0x1fffea04       0xf4 ./src/mac/LoRaMacCrypto.o
 .bss.AesCmacCtx
                0x1fffeaf8      0x118 ./src/mac/LoRaMacCrypto.o
 .bss.xStart    0x1fffec10        0x8 ./src/free-rtos/src/heap_2.o
 .bss.xEnd      0x1fffec18        0x8 ./src/free-rtos/src/heap_2.o
 .bss.xHeapHasBeenInitialised.7636
                0x1fffec20        0x4 ./src/free-rtos/src/heap_2.o
 .bss.pxCurrentTCB
                0x1fffec24        0x4 ./src/free-rtos/src/tasks.o
                0x1fffec24                pxCurrentTCB
 .bss.pxReadyTasksLists
                0x1fffec28       0x78 ./src/free-rtos/src/tasks.o
 .bss.xDelayedTaskList1
                0x1fffeca0       0x14 ./src/free-rtos/src/tasks.o
 .bss.xDelayedTaskList2
                0x1fffecb4       0x14 ./src/free-rtos/src/tasks.o
 .bss.pxDelayedTaskList
                0x1fffecc8        0x4 ./src/free-rtos/src/tasks.o
 .bss.pxOverflowDelayedTaskList
                0x1fffeccc        0x4 ./src/free-rtos/src/tasks.o
 .bss.xPendingReadyList
                0x1fffecd0       0x14 ./src/free-rtos/src/tasks.o
 .bss.xSuspendedTaskList
                0x1fffece4       0x14 ./src/free-rtos/src/tasks.o
 .bss.uxCurrentNumberOfTasks
                0x1fffecf8        0x4 ./src/free-rtos/src/tasks.o
 .bss.xTickCount
                0x1fffecfc        0x4 ./src/free-rtos/src/tasks.o
 .bss.uxTopReadyPriority
                0x1fffed00        0x4 ./src/free-rtos/src/tasks.o
 .bss.xSchedulerRunning
                0x1fffed04        0x4 ./src/free-rtos/src/tasks.o
 .bss.uxPendedTicks
                0x1fffed08        0x4 ./src/free-rtos/src/tasks.o
 .bss.xYieldPending
                0x1fffed0c        0x4 ./src/free-rtos/src/tasks.o
 .bss.xNumOfOverflows
                0x1fffed10        0x4 ./src/free-rtos/src/tasks.o
 .bss.uxTaskNumber
                0x1fffed14        0x4 ./src/free-rtos/src/tasks.o
 .bss.xNextTaskUnblockTime
                0x1fffed18        0x4 ./src/free-rtos/src/tasks.o
 .bss.uxSchedulerSuspended
                0x1fffed1c        0x4 ./src/free-rtos/src/tasks.o
 .bss.xActiveTimerList1
                0x1fffed20       0x14 ./src/free-rtos/src/timers.o
 .bss.xActiveTimerList2
                0x1fffed34       0x14 ./src/free-rtos/src/timers.o
 .bss.pxCurrentTimerList
                0x1fffed48        0x4 ./src/free-rtos/src/timers.o
 .bss.pxOverflowTimerList
                0x1fffed4c        0x4 ./src/free-rtos/src/timers.o
 .bss.xTimerQueue
                0x1fffed50        0x4 ./src/free-rtos/src/timers.o
 .bss.xLastTime.4750
                0x1fffed54        0x4 ./src/free-rtos/src/timers.o
 .bss.xJumpBuf  0x1fffed58       0x5c ./src/free-rtos/port/port.o
 .bss.Led1      0x1fffedb4        0xc ./src/boards/tinyK20/board.o
                0x1fffedb4                Led1
 .bss.GpsPps    0x1fffedc0        0xc ./src/boards/tinyK20/board.o
                0x1fffedc0                GpsPps
 .bss.dbgPin0   0x1fffedcc        0xc ./src/boards/tinyK20/board.o
                0x1fffedcc                dbgPin0
 .bss.dbgPin1   0x1fffedd8        0xc ./src/boards/tinyK20/board.o
                0x1fffedd8                dbgPin1
 .bss.dbgPin2   0x1fffede4        0xc ./src/boards/tinyK20/board.o
                0x1fffede4                dbgPin2
 .bss.Uart0     0x1fffedf0       0x38 ./src/boards/tinyK20/board.o
                0x1fffedf0                Uart0
 .bss.Uart1     0x1fffee28       0x38 ./src/boards/tinyK20/board.o
                0x1fffee28                Uart1
 .bss.McuInitialized
                0x1fffee60        0x1 ./src/boards/tinyK20/board.o
 *fill*         0x1fffee61        0x3 
 .bss.GpioAIrq  0x1fffee64       0x14 ./src/boards/tinyK20/gpio-board.o
 .bss.GpioBIrq  0x1fffee78       0x48 ./src/boards/tinyK20/gpio-board.o
 .bss.GpioCIrq  0x1fffeec0       0x20 ./src/boards/tinyK20/gpio-board.o
 .bss.GpioDIrq  0x1fffeee0       0x20 ./src/boards/tinyK20/gpio-board.o
 .bss.Gps_RxBuffer
                0x1fffef00       0x80 ./src/boards/tinyK20/gps-board.o
 .bss.NmeaString
                0x1fffef80       0x80 ./src/boards/tinyK20/gps-board.o
 .bss.NmeaStringLength
                0x1ffff000        0x1 ./src/boards/tinyK20/gps-board.o
 .bss.rmcMsgParsed
                0x1ffff001        0x1 ./src/boards/tinyK20/gps-board.o
 .bss.ggaMsgParsed
                0x1ffff002        0x1 ./src/boards/tinyK20/gps-board.o
 .bss.RadioIsActive
                0x1ffff003        0x1 ./src/boards/tinyK20/sx1276-board.o
 .bss.AntSwitchRxTx
                0x1ffff004        0xc ./src/boards/tinyK20/sx1276-board.o
                0x1ffff004                AntSwitchRxTx
 .bss.dbg_stdio
                0x1ffff010        0x4 ./src/boards/mcu/kinetis/utilities/debug.o
 .bss.heartBeatCntr
                0x1ffff014        0x4 ./src/apps/LoRaMesh/rtos/tinyK20/main.o
 .bss.heartBeatLedOn
                0x1ffff018        0x1 ./src/apps/LoRaMesh/rtos/tinyK20/main.o
 *fill*         0x1ffff019        0x3 
 .bss.Shell_RxBuffer
                0x1ffff01c       0x80 ./src/apps/LoRaMesh/rtos/Shell_App/Shell.o
                0x1ffff01c                Shell_RxBuffer
 .bss.lastLinkCheck
                0x1ffff09c        0x4 ./src/apps/LoRaMesh/rtos/LoRaStack/LoRaMac.o
 .bss.batteryLevelCallback
                0x1ffff0a0        0x4 ./src/apps/LoRaMesh/rtos/LoRaStack/LoRaMac.o
 .bss.LoRaMeshCallbacks
                0x1ffff0a4        0x4 ./src/apps/LoRaMesh/rtos/LoRaStack/LoRaMesh.o
 .bss.eventSchedulerList
                0x1ffff0a8      0x400 ./src/apps/LoRaMesh/rtos/LoRaStack/LoRaMesh.o
 .bss.pEventScheduler
                0x1ffff4a8        0x4 ./src/apps/LoRaMesh/rtos/LoRaStack/LoRaMesh.o
 .bss.pNextSchedulerEvent
                0x1ffff4ac        0x4 ./src/apps/LoRaMesh/rtos/LoRaStack/LoRaMesh.o
 .bss.pFreeSchedulerEvent
                0x1ffff4b0        0x4 ./src/apps/LoRaMesh/rtos/LoRaStack/LoRaMesh.o
 .bss.eventHandlerList
                0x1ffff4b4      0x100 ./src/apps/LoRaMesh/rtos/LoRaStack/LoRaMesh.o
 .bss.pEventHandlers
                0x1ffff5b4        0x4 ./src/apps/LoRaMesh/rtos/LoRaStack/LoRaMesh.o
 .bss.pFreeEventHandler
                0x1ffff5b8        0x4 ./src/apps/LoRaMesh/rtos/LoRaStack/LoRaMesh.o
 .bss.EventSchedulerTimer
                0x1ffff5bc        0xc ./src/apps/LoRaMesh/rtos/LoRaStack/LoRaMesh.o
 .bss.AdvertisingTimer
                0x1ffff5c8        0xc ./src/apps/LoRaMesh/rtos/LoRaStack/LoRaMesh.o
 .bss.LastAdvertisingWindow
                0x1ffff5d4        0x4 ./src/apps/LoRaMesh/rtos/LoRaStack/LoRaMesh.o
 .bss.multicastGrpList
                0x1ffff5d8      0x1e0 ./src/apps/LoRaMesh/rtos/LoRaStack/LoRaMesh.o
 .bss.pFreeMulticastGrp
                0x1ffff7b8        0x4 ./src/apps/LoRaMesh/rtos/LoRaStack/LoRaMesh.o
 .bss.childNodeList
                0x1ffff7bc      0x1c0 ./src/apps/LoRaMesh/rtos/LoRaStack/LoRaMesh.o
 .bss.pFreeChildNode
                0x1ffff97c        0x4 ./src/apps/LoRaMesh/rtos/LoRaStack/LoRaMesh.o
 .bss.portHandlers
                0x1ffff980       0xc0 ./src/apps/LoRaMesh/rtos/LoRaStack/LoRaMesh.o
 .bss.pPortHandlers
                0x1ffffa40        0x4 ./src/apps/LoRaMesh/rtos/LoRaStack/LoRaMesh.o
 .bss.pFreePortHandler
                0x1ffffa44        0x4 ./src/apps/LoRaMesh/rtos/LoRaStack/LoRaMesh.o
 .bss.pLoRaDevice
                0x1ffffa48        0x4 ./src/apps/LoRaMesh/rtos/LoRaStack/LoRaMesh.o
                0x1ffffa48                pLoRaDevice
 .bss.synchCntr
                0x1ffffa4c        0x1 ./src/apps/LoRaMesh/rtos/LoRaStack/LoRaMesh.o
 *fill*         0x1ffffa4d        0x3 
 .bss.unixTime  0x1ffffa50        0x4 ./src/apps/LoRaMesh/rtos/LoRaStack/LoRaMesh.o
 .bss.radioEvents
                0x1ffffa54       0x1c ./src/apps/LoRaMesh/rtos/LoRaStack/LoRaPhy.o
 .bss.msgRxQueue
                0x1ffffa70        0x4 ./src/apps/LoRaMesh/rtos/LoRaStack/LoRaPhy.o
 .bss.msgTxQueue
                0x1ffffa74        0x4 ./src/apps/LoRaMesh/rtos/LoRaStack/LoRaPhy.o
 .bss.phyStatus
                0x1ffffa78        0x1 ./src/apps/LoRaMesh/rtos/LoRaStack/LoRaPhy.o
 *fill*         0x1ffffa79        0x3 
 .bss.phyFlags  0x1ffffa7c        0x4 ./src/apps/LoRaMesh/rtos/LoRaStack/LoRaPhy.o