Archive member included because of file (symbol)

C:/dev/Freescale/KSDK_1.3.0/lib/ksdk_platform_lib/armgcc/K22F51212/debug/libksdk_platform.a(fsl_clock_manager.c.obj)
                              ./src/boards/FRDM-K22F/board.o (CLOCK_SYS_OscInit)
C:/dev/Freescale/KSDK_1.3.0/lib/ksdk_platform_lib/armgcc/K22F51212/debug/libksdk_platform.a(fsl_clock_manager_common.c.obj)
                              C:/dev/Freescale/KSDK_1.3.0/lib/ksdk_platform_lib/armgcc/K22F51212/debug/libksdk_platform.a(fsl_clock_manager.c.obj) (g_oscBase)
C:/dev/Freescale/KSDK_1.3.0/lib/ksdk_platform_lib/armgcc/K22F51212/debug/libksdk_platform.a(fsl_clock_MK22F51212.c.obj)
                              ./src/boards/FRDM-K22F/board.o (CLOCK_SYS_SetConfiguration)
C:/dev/Freescale/KSDK_1.3.0/lib/ksdk_platform_lib/armgcc/K22F51212/debug/libksdk_platform.a(fsl_interrupt_manager.c.obj)
                              ./src/boards/FRDM-K22F/rtc-board.o (INT_SYS_EnableIRQGlobal)
C:/dev/Freescale/KSDK_1.3.0/lib/ksdk_platform_lib/armgcc/K22F51212/debug/libksdk_platform.a(fsl_dspi_master_driver.c.obj)
                              ./src/boards/FRDM-K22F/spi-board.o (DSPI_DRV_MasterInit)
C:/dev/Freescale/KSDK_1.3.0/lib/ksdk_platform_lib/armgcc/K22F51212/debug/libksdk_platform.a(fsl_dspi_slave_driver.c.obj)
                              ./src/boards/FRDM-K22F/spi-board.o (DSPI_DRV_SlaveInit)
C:/dev/Freescale/KSDK_1.3.0/lib/ksdk_platform_lib/armgcc/K22F51212/debug/libksdk_platform.a(fsl_gpio_hal.c.obj)
                              ./src/boards/FRDM-K22F/gpio-board.o (GPIO_HAL_SetPinDir)
C:/dev/Freescale/KSDK_1.3.0/lib/ksdk_platform_lib/armgcc/K22F51212/debug/libksdk_platform.a(fsl_i2c_hal.c.obj)
                              ./src/boards/FRDM-K22F/i2c-board.o (I2C_HAL_Init)
C:/dev/Freescale/KSDK_1.3.0/lib/ksdk_platform_lib/armgcc/K22F51212/debug/libksdk_platform.a(fsl_lpuart_hal.c.obj)
                              ./src/boards/FRDM-K22F/uart-board.o (LPUART_HAL_Init)
C:/dev/Freescale/KSDK_1.3.0/lib/ksdk_platform_lib/armgcc/K22F51212/debug/libksdk_platform.a(fsl_mcg_hal.c.obj)
                              C:/dev/Freescale/KSDK_1.3.0/lib/ksdk_platform_lib/armgcc/K22F51212/debug/libksdk_platform.a(fsl_clock_manager.c.obj) (g_xtal0ClkFreq)
C:/dev/Freescale/KSDK_1.3.0/lib/ksdk_platform_lib/armgcc/K22F51212/debug/libksdk_platform.a(fsl_mcg_hal_modes.c.obj)
                              C:/dev/Freescale/KSDK_1.3.0/lib/ksdk_platform_lib/armgcc/K22F51212/debug/libksdk_platform.a(fsl_clock_manager.c.obj) (CLOCK_HAL_GetMcgMode)
C:/dev/Freescale/KSDK_1.3.0/lib/ksdk_platform_lib/armgcc/K22F51212/debug/libksdk_platform.a(fsl_osc_hal.c.obj)
                              C:/dev/Freescale/KSDK_1.3.0/lib/ksdk_platform_lib/armgcc/K22F51212/debug/libksdk_platform.a(fsl_clock_manager.c.obj) (OSC_HAL_SetCapacitor)
C:/dev/Freescale/KSDK_1.3.0/lib/ksdk_platform_lib/armgcc/K22F51212/debug/libksdk_platform.a(fsl_rtc_hal.c.obj)
                              ./src/boards/FRDM-K22F/rtc-board.o (RTC_HAL_ConvertDatetimeToSecs)
C:/dev/Freescale/KSDK_1.3.0/lib/ksdk_platform_lib/armgcc/K22F51212/debug/libksdk_platform.a(fsl_sim_hal_MK22F51212.c.obj)
                              C:/dev/Freescale/KSDK_1.3.0/lib/ksdk_platform_lib/armgcc/K22F51212/debug/libksdk_platform.a(fsl_clock_MK22F51212.c.obj) (CLOCK_HAL_GetUsbfsDiv)
C:/dev/Freescale/KSDK_1.3.0/lib/ksdk_platform_lib/armgcc/K22F51212/debug/libksdk_platform.a(fsl_uart_hal.c.obj)
                              ./src/boards/FRDM-K22F/uart-board.o (UART_HAL_Init)
C:/dev/Freescale/KSDK_1.3.0/lib/ksdk_platform_lib/armgcc/K22F51212/debug/libksdk_platform.a(fsl_os_abstraction_bm.c.obj)
                              C:/dev/Freescale/KSDK_1.3.0/lib/ksdk_platform_lib/armgcc/K22F51212/debug/libksdk_platform.a(fsl_dspi_master_driver.c.obj) (OSA_SemaCreate)
C:/dev/Freescale/KSDK_1.3.0/lib/ksdk_platform_lib/armgcc/K22F51212/debug/libksdk_platform.a(fsl_dspi_hal.c.obj)
                              C:/dev/Freescale/KSDK_1.3.0/lib/ksdk_platform_lib/armgcc/K22F51212/debug/libksdk_platform.a(fsl_dspi_master_driver.c.obj) (DSPI_HAL_Init)
C:/dev/Freescale/KSDK_1.3.0/lib/ksdk_platform_lib/armgcc/K22F51212/debug/libksdk_platform.a(fsl_dspi_common.c.obj)
                              C:/dev/Freescale/KSDK_1.3.0/lib/ksdk_platform_lib/armgcc/K22F51212/debug/libksdk_platform.a(fsl_dspi_master_driver.c.obj) (g_dspiStatePtr)
C:/dev/Freescale/KSDK_1.3.0/lib/ksdk_platform_lib/armgcc/K22F51212/debug/libksdk_platform.a(fsl_lptmr_hal.c.obj)
                              C:/dev/Freescale/KSDK_1.3.0/lib/ksdk_platform_lib/armgcc/K22F51212/debug/libksdk_platform.a(fsl_os_abstraction_bm.c.obj) (LPTMR_HAL_SetTimerWorkingMode)
c:/dev/tools/gnu tools arm embedded/4.9 2015q2/bin/../lib/gcc/arm-none-eabi/4.9.3/../../../../arm-none-eabi/lib/armv7e-m/fpu\libm.a(lib_a-s_ceil.o)
                              ./src/radio/sx1276/sx1276.o (ceil)
[...]
Memory Configuration

Name             Origin             Length             Attributes
m_interrupts     0x00000000         0x00000400         xr
m_flash_config   0x00000400         0x00000010         xr
m_text           0x00000410         0x0007fbf0         xr
m_data           0x1fff0000         0x00010000         rw
m_data_2         0x20000000         0x00010000         rw
*default*        0x00000000         0xffffffff

Linker script and memory map

LOAD c:/dev/tools/gnu tools arm embedded/4.9 2015q2/bin/../lib/gcc/arm-none-eabi/4.9.3/armv7e-m/fpu/crti.o
LOAD c:/dev/tools/gnu tools arm embedded/4.9 2015q2/bin/../lib/gcc/arm-none-eabi/4.9.3/armv7e-m/fpu/crtbegin.o
LOAD c:/dev/tools/gnu tools arm embedded/4.9 2015q2/bin/../lib/gcc/arm-none-eabi/4.9.3/../../../../arm-none-eabi/lib/armv7e-m/fpu/crt0.o
                0x00002000                __stack_size__ = 0x2000
                0x00002000                __heap_size__ = 0x2000
LOAD ./src/system/crypto/aes.o
LOAD ./src/system/crypto/cmac.o
LOAD ./src/system/adc.o
LOAD ./src/system/delay.o
LOAD ./src/system/eeprom.o
LOAD ./src/system/fifo.o
LOAD ./src/system/gpio.o
LOAD ./src/system/gps.o
LOAD ./src/system/i2c.o
LOAD ./src/system/timer.o
LOAD ./src/system/uart.o
LOAD ./src/radio/sx1276/sx1276.o
LOAD ./src/mac/LoRaMac.o
LOAD ./src/mac/LoRaMacCrypto.o
LOAD ./src/boards/mcu/startup/startup.o
LOAD ./src/boards/mcu/startup/startup_MK22F51212.o
LOAD ./src/boards/mcu/startup/system_MK22F51212.o
LOAD ./src/boards/FRDM-K22F/adc-board.o
LOAD ./src/boards/FRDM-K22F/board.o
LOAD ./src/boards/FRDM-K22F/gpio-board.o
LOAD ./src/boards/FRDM-K22F/i2c-board.o
LOAD ./src/boards/FRDM-K22F/rtc-board.o
LOAD ./src/boards/FRDM-K22F/spi-board.o
LOAD ./src/boards/FRDM-K22F/sx1276-board.o
LOAD ./src/boards/FRDM-K22F/timer-board.o
LOAD ./src/boards/FRDM-K22F/uart-board.o
LOAD ./src/apps/LoRaMac/classA/FRDM-K22F/main.o
LOAD C:/dev/Freescale/KSDK_1.3.0/lib/ksdk_platform_lib/armgcc/K22F51212/debug/libksdk_platform.a
LOAD c:/dev/tools/gnu tools arm embedded/4.9 2015q2/bin/../lib/gcc/arm-none-eabi/4.9.3/../../../../arm-none-eabi/lib/armv7e-m/fpu\libm.a
LOAD c:/dev/tools/gnu tools arm embedded/4.9 2015q2/bin/../lib/gcc/arm-none-eabi/4.9.3/../../../../arm-none-eabi/lib/armv7e-m/fpu\libg_nano.a
LOAD c:/dev/tools/gnu tools arm embedded/4.9 2015q2/bin/../lib/gcc/arm-none-eabi/4.9.3/armv7e-m/fpu\libgcc.a
LOAD c:/dev/tools/gnu tools arm embedded/4.9 2015q2/bin/../lib/gcc/arm-none-eabi/4.9.3/../../../../arm-none-eabi/lib/armv7e-m/fpu\libnosys.a
START GROUP
LOAD c:/dev/tools/gnu tools arm embedded/4.9 2015q2/bin/../lib/gcc/arm-none-eabi/4.9.3/armv7e-m/fpu\libgcc.a
LOAD c:/dev/tools/gnu tools arm embedded/4.9 2015q2/bin/../lib/gcc/arm-none-eabi/4.9.3/../../../../arm-none-eabi/lib/armv7e-m/fpu\libg_nano.a
LOAD c:/dev/tools/gnu tools arm embedded/4.9 2015q2/bin/../lib/gcc/arm-none-eabi/4.9.3/../../../../arm-none-eabi/lib/armv7e-m/fpu\libc_nano.a
END GROUP
START GROUP
LOAD c:/dev/tools/gnu tools arm embedded/4.9 2015q2/bin/../lib/gcc/arm-none-eabi/4.9.3/armv7e-m/fpu\libgcc.a
LOAD c:/dev/tools/gnu tools arm embedded/4.9 2015q2/bin/../lib/gcc/arm-none-eabi/4.9.3/../../../../arm-none-eabi/lib/armv7e-m/fpu\libc_nano.a
END GROUP
LOAD c:/dev/tools/gnu tools arm embedded/4.9 2015q2/bin/../lib/gcc/arm-none-eabi/4.9.3/armv7e-m/fpu/crtend.o
LOAD c:/dev/tools/gnu tools arm embedded/4.9 2015q2/bin/../lib/gcc/arm-none-eabi/4.9.3/armv7e-m/fpu/crtn.o
                0x00000400                HEAP_SIZE = DEFINED (__heap_size__)?__heap_size__:0x400
                0x00000400                STACK_SIZE = DEFINED (__stack_size__)?__stack_size__:0x400
                0x00000000                M_VECTOR_RAM_SIZE = DEFINED (__ram_vector_table__)?0x400:0x0

.interrupts     0x00000000      0x400
                0x00000000                __VECTOR_TABLE = .
                0x00000000                . = ALIGN (0x4)
 *(.isr_vector)
 .isr_vector    0x00000000      0x400 ./src/boards/mcu/startup/startup_MK22F51212.o
                0x00000000                __isr_vector
                0x00000400                . = ALIGN (0x4)

.flash_config   0x00000400       0x10
                0x00000400                . = ALIGN (0x4)
 *(.FlashConfig)
 .FlashConfig   0x00000400       0x10 ./src/boards/mcu/startup/startup_MK22F51212.o
                0x00000410                . = ALIGN (0x4)

.text           0x00000410    0x10134
                0x00000410                . = ALIGN (0x4)
 *(.text)
 .text          0x00000410       0x5c c:/dev/tools/gnu tools arm embedded/4.9 2015q2/bin/../lib/gcc/arm-none-eabi/4.9.3/armv7e-m/fpu/crtbegin.o
 .text          0x0000046c       0x74 c:/dev/tools/gnu tools arm embedded/4.9 2015q2/bin/../lib/gcc/arm-none-eabi/4.9.3/../../../../arm-none-eabi/lib/armv7e-m/fpu/crt0.o
                0x0000046c                _start
                0x0000046c                _mainCRTStartup
 .text          0x000004e0       0x14 ./src/boards/mcu/startup/startup_MK22F51212.o
                0x000004e0                Reset_Handler
                0x000004f0                Reserved54_IRQHandler
                0x000004f0                DebugMon_Handler
                0x000004f0                I2C0_IRQHandler
                0x000004f0                HardFault_Handler
                0x000004f0                Reserved86_IRQHandler
                0x000004f0                Reserved85_IRQHandler
                0x000004f0                SysTick_Handler
                0x000004f0                PendSV_Handler
                0x000004f0                NMI_Handler
                0x000004f0                I2C1_IRQHandler
                0x000004f0                DMA2_IRQHandler
                0x000004f0                Reserved99_IRQHandler
                0x000004f0                LLWU_IRQHandler
                0x000004f0                Reserved84_IRQHandler
                0x000004f0                Reserved92_IRQHandler
                0x000004f0                SWI_IRQHandler
                0x000004f0                ADC0_IRQHandler
                0x000004f0                UsageFault_Handler
                0x000004f0                I2S0_Tx_IRQHandler
                0x000004f0                SPI1_IRQHandler
                0x000004f0                DefaultISR
                0x000004f0                DMA9_IRQHandler
                0x000004f0                DMA14_IRQHandler
                0x000004f0                Reserved82_IRQHandler
                0x000004f0                CMP1_IRQHandler
                0x000004f0                Reserved71_IRQHandler
                0x000004f0                PORTB_IRQHandler
                0x000004f0                Reserved70_IRQHandler
                0x000004f0                ADC1_IRQHandler
                0x000004f0                PIT2_IRQHandler
                0x000004f0                I2S0_Rx_IRQHandler
                0x000004f0                Reserved53_IRQHandler
                0x000004f0                DMA5_IRQHandler
                0x000004f0                PDB0_IRQHandler
                0x000004f0                Reserved96_IRQHandler
                0x000004f0                FTM1_IRQHandler
                0x000004f0                Reserved61_IRQHandler
                0x000004f0                Reserved95_IRQHandler
                0x000004f0                PIT3_IRQHandler
                0x000004f0                MCG_IRQHandler
                0x000004f0                UART2_ERR_IRQHandler
                0x000004f0                DMA11_IRQHandler
                0x000004f0                Read_Collision_IRQHandler
                0x000004f0                Reserved98_IRQHandler
                0x000004f0                DMA7_IRQHandler
                0x000004f0                Reserved101_IRQHandler
                0x000004f0                USB0_IRQHandler
                0x000004f0                WDOG_EWM_IRQHandler
                0x000004f0                MemManage_Handler
                0x000004f0                Reserved90_IRQHandler
                0x000004f0                Reserved83_IRQHandler
                0x000004f0                SVC_Handler
                0x000004f0                DMA13_IRQHandler
                0x000004f0                DMA3_IRQHandler
                0x000004f0                Reserved100_IRQHandler
                0x000004f0                RNG_IRQHandler
                0x000004f0                DMA0_IRQHandler
                0x000004f0                Reserved97_IRQHandler
                0x000004f0                Reserved91_IRQHandler
                0x000004f0                DMA15_IRQHandler
                0x000004f0                DAC0_IRQHandler
                0x000004f0                Reserved81_IRQHandler
                0x000004f0                Reserved94_IRQHandler
                0x000004f0                DMA4_IRQHandler
                0x000004f0                UART0_ERR_IRQHandler
                0x000004f0                DMA_Error_IRQHandler
                0x000004f0                LVD_LVW_IRQHandler
                0x000004f0                SPI0_IRQHandler
                0x000004f0                FTM0_IRQHandler
                0x000004f0                DAC1_IRQHandler
                0x000004f0                MCM_IRQHandler
                0x000004f0                DMA12_IRQHandler
                0x000004f0                FTM3_IRQHandler
                0x000004f0                PORTE_IRQHandler
                0x000004f0                FTM2_IRQHandler
                0x000004f0                LPTMR0_IRQHandler
                0x000004f0                BusFault_Handler
                0x000004f0                DMA8_IRQHandler
                0x000004f0                Reserved93_IRQHandler
                0x000004f0                DMA10_IRQHandler
                0x000004f0                UART1_ERR_IRQHandler
                0x000004f0                CMP0_IRQHandler
                0x000004f0                PORTC_IRQHandler
                0x000004f0                DMA6_IRQHandler
                0x000004f0                FTF_IRQHandler
                0x000004f0                DMA1_IRQHandler
 .text          0x000004f4      0x370 c:/dev/tools/gnu tools arm embedded/4.9 2015q2/bin/../lib/gcc/arm-none-eabi/4.9.3/armv7e-m/fpu\libgcc.a(_arm_addsubdf3.o)
                0x000004f4                __aeabi_drsub
                0x000004fc                __aeabi_dsub
                0x000004fc                __subdf3
                0x00000500                __aeabi_dadd
                0x00000500                __adddf3
                0x00000778                __floatunsidf
                0x00000778                __aeabi_ui2d
                0x00000798                __floatsidf
                0x00000798                __aeabi_i2d
                0x000007bc                __aeabi_f2d
                0x000007bc                __extendsfdf2
                0x000007f8                __floatundidf
                0x000007f8                __aeabi_ul2d
                0x00000808                __floatdidf
                0x00000808                __aeabi_l2d
 .text          0x00000864      0x424 c:/dev/tools/gnu tools arm embedded/4.9 2015q2/bin/../lib/gcc/arm-none-eabi/4.9.3/armv7e-m/fpu\libgcc.a(_arm_muldivdf3.o)
                0x00000864                __aeabi_dmul
                0x00000864                __muldf3
                0x00000ab8                __divdf3
                0x00000ab8                __aeabi_ddiv
 .text          0x00000c88      0x110 c:/dev/tools/gnu tools arm embedded/4.9 2015q2/bin/../lib/gcc/arm-none-eabi/4.9.3/armv7e-m/fpu\libgcc.a(_arm_cmpdf2.o)
                0x00000c88                __gtdf2
                0x00000c88                __gedf2
                0x00000c90                __ltdf2
                0x00000c90                __ledf2
                0x00000c98                __nedf2
                0x00000c98                __eqdf2
                0x00000c98                __cmpdf2
                0x00000d14                __aeabi_cdrcmple
                0x00000d24                __aeabi_cdcmpeq
                0x00000d24                __aeabi_cdcmple
                0x00000d34                __aeabi_dcmpeq
                0x00000d48                __aeabi_dcmplt
                0x00000d5c                __aeabi_dcmple
                0x00000d70                __aeabi_dcmpge
                0x00000d84                __aeabi_dcmpgt
 .text          0x00000d98       0x50 c:/dev/tools/gnu tools arm embedded/4.9 2015q2/bin/../lib/gcc/arm-none-eabi/4.9.3/armv7e-m/fpu\libgcc.a(_arm_fixdfsi.o)
                0x00000d98                __aeabi_d2iz
                0x00000d98                __fixdfsi
 .text          0x00000de8       0x40 c:/dev/tools/gnu tools arm embedded/4.9 2015q2/bin/../lib/gcc/arm-none-eabi/4.9.3/armv7e-m/fpu\libgcc.a(_arm_fixunsdfsi.o)
                0x00000de8                __aeabi_d2uiz
                0x00000de8                __fixunsdfsi
 .text          0x00000e28       0x30 c:/dev/tools/gnu tools arm embedded/4.9 2015q2/bin/../lib/gcc/arm-none-eabi/4.9.3/armv7e-m/fpu\libgcc.a(_aeabi_uldivmod.o)
                0x00000e28                __aeabi_uldivmod
 .text          0x00000e58       0x48 c:/dev/tools/gnu tools arm embedded/4.9 2015q2/bin/../lib/gcc/arm-none-eabi/4.9.3/armv7e-m/fpu\libgcc.a(_fixunsdfdi.o)
                0x00000e58                __fixunsdfdi
                0x00000e58                __aeabi_d2ulz
 .text          0x00000ea0       0x60 c:/dev/tools/gnu tools arm embedded/4.9 2015q2/bin/../lib/gcc/arm-none-eabi/4.9.3/armv7e-m/fpu\libgcc.a(bpabi.o)
                0x00000ea0                __gnu_ldivmod_helper
                0x00000ed0                __gnu_uldivmod_helper
 .text          0x00000f00        0x4 c:/dev/tools/gnu tools arm embedded/4.9 2015q2/bin/../lib/gcc/arm-none-eabi/4.9.3/armv7e-m/fpu\libgcc.a(_dvmd_tls.o)
                0x00000f00                __aeabi_idiv0
                0x00000f00                __aeabi_ldiv0
 .text          0x00000f04      0x29c c:/dev/tools/gnu tools arm embedded/4.9 2015q2/bin/../lib/gcc/arm-none-eabi/4.9.3/armv7e-m/fpu\libgcc.a(_divdi3.o)
                0x00000f04                __divdi3
 .text          0x000011a0      0x26c c:/dev/tools/gnu tools arm embedded/4.9 2015q2/bin/../lib/gcc/arm-none-eabi/4.9.3/armv7e-m/fpu\libgcc.a(_udivdi3.o)
                0x000011a0                __udivdi3
 *(.text*)
 .text.copy_block
                0x0000140c       0x3c ./src/system/crypto/aes.o
 .text.copy_block_nn
                0x00001448       0x34 ./src/system/crypto/aes.o
 .text.xor_block
                0x0000147c       0x60 ./src/system/crypto/aes.o
 .text.copy_and_key
                0x000014dc       0x60 ./src/system/crypto/aes.o
 .text.add_round_key
                0x0000153c       0x18 ./src/system/crypto/aes.o
 .text.shift_sub_rows
                0x00001554      0x134 ./src/system/crypto/aes.o
 .text.mix_sub_columns
                0x00001688      0x354 ./src/system/crypto/aes.o
 .text.aes_set_key
                0x000019dc      0x19c ./src/system/crypto/aes.o
                0x000019dc                aes_set_key
 .text.aes_encrypt
                0x00001b78       0x9c ./src/system/crypto/aes.o
                0x00001b78                aes_encrypt
 .text.AES_CMAC_Init
                0x00001c14       0x30 ./src/system/crypto/cmac.o
                0x00001c14                AES_CMAC_Init
 .text.AES_CMAC_SetKey
                0x00001c44       0x1c ./src/system/crypto/cmac.o
                0x00001c44                AES_CMAC_SetKey
 .text.AES_CMAC_Update
                0x00001c60      0x168 ./src/system/crypto/cmac.o
                0x00001c60                AES_CMAC_Update
 .text.AES_CMAC_Final
                0x00001dc8      0x2d4 ./src/system/crypto/cmac.o
                0x00001dc8                AES_CMAC_Final
 .text.DelayMs  0x0000209c       0x28 ./src/system/delay.o
                0x0000209c                DelayMs
 .text.FifoNext
                0x000020c4       0x2c ./src/system/fifo.o
 .text.FifoPush
                0x000020f0       0x34 ./src/system/fifo.o
                0x000020f0                FifoPush
 .text.FifoPop  0x00002124       0x40 ./src/system/fifo.o
                0x00002124                FifoPop
 .text.IsFifoEmpty
                0x00002164       0x28 ./src/system/fifo.o
                0x00002164                IsFifoEmpty
 .text.IsFifoFull
                0x0000218c       0x30 ./src/system/fifo.o
                0x0000218c                IsFifoFull
 .text.GpioInit
                0x000021bc       0x48 ./src/system/gpio.o
                0x000021bc                GpioInit
 .text.GpioSetInterrupt
                0x00002204       0x38 ./src/system/gpio.o
                0x00002204                GpioSetInterrupt
 .text.GpioWrite
                0x0000223c       0x28 ./src/system/gpio.o
                0x0000223c                GpioWrite
 .text.I2cInit  0x00002264       0x58 ./src/system/i2c.o
                0x00002264                I2cInit
 .text.TimerSetLowPowerEnable
                0x000022bc       0x20 ./src/system/timer.o
                0x000022bc                TimerSetLowPowerEnable
 .text.TimerGetLowPowerEnable
                0x000022dc       0x18 ./src/system/timer.o
                0x000022dc                TimerGetLowPowerEnable
 .text.TimerInit
                0x000022f4       0x34 ./src/system/timer.o
                0x000022f4                TimerInit
 .text.TimerStart
                0x00002328       0xb0 ./src/system/timer.o
                0x00002328                TimerStart
 .text.TimerInsertTimer
                0x000023d8       0xd8 ./src/system/timer.o
 .text.TimerInsertNewHeadTimer
                0x000024b0       0x50 ./src/system/timer.o
 .text.TimerIrqHandler
                0x00002500       0xd4 ./src/system/timer.o
                0x00002500                TimerIrqHandler
 .text.TimerStop
                0x000025d4      0x13c ./src/system/timer.o
                0x000025d4                TimerStop
 .text.TimerExists
                0x00002710       0x3c ./src/system/timer.o
 .text.TimerSetValue
                0x0000274c       0x4c ./src/system/timer.o
                0x0000274c                TimerSetValue
 .text.TimerGetValue
                0x00002798       0x28 ./src/system/timer.o
                0x00002798                TimerGetValue
 .text.TimerGetCurrentTime
                0x000027c0       0x28 ./src/system/timer.o
                0x000027c0                TimerGetCurrentTime
 .text.TimerSetTimeout
                0x000027e8       0x3c ./src/system/timer.o
 .text.TimerLowPowerHandler
                0x00002824       0x58 ./src/system/timer.o
                0x00002824                TimerLowPowerHandler
 .text.UartInit
                0x0000287c       0x4c ./src/system/uart.o
                0x0000287c                UartInit
 .text.UartConfig
                0x000028c8       0x54 ./src/system/uart.o
                0x000028c8                UartConfig
 .text.SX1276Init
                0x0000291c       0xb8 ./src/radio/sx1276/sx1276.o
                0x0000291c                SX1276Init
 .text.SX1276GetStatus
                0x000029d4       0x18 ./src/radio/sx1276/sx1276.o
                0x000029d4                SX1276GetStatus
 *fill*         0x000029ec        0x4 
 .text.SX1276SetChannel
                0x000029f0       0x74 ./src/radio/sx1276/sx1276.o
                0x000029f0                SX1276SetChannel
 .text.SX1276IsChannelFree
                0x00002a64       0x58 ./src/radio/sx1276/sx1276.o
                0x00002a64                SX1276IsChannelFree
 .text.SX1276Random
                0x00002abc       0x5c ./src/radio/sx1276/sx1276.o
                0x00002abc                SX1276Random
 .text.RxChainCalibration
                0x00002b18       0xdc ./src/radio/sx1276/sx1276.o
 .text.GetFskBandwidthRegValue
                0x00002bf4       0x58 ./src/radio/sx1276/sx1276.o
 *fill*         0x00002c4c        0x4 
 .text.SX1276SetRxConfig
                0x00002c50      0x39c ./src/radio/sx1276/sx1276.o
                0x00002c50                SX1276SetRxConfig
 *fill*         0x00002fec        0x4 
 .text.SX1276SetTxConfig
                0x00002ff0      0x47c ./src/radio/sx1276/sx1276.o
                0x00002ff0                SX1276SetTxConfig
 *fill*         0x0000346c        0x4 
 .text.SX1276GetTimeOnAir
                0x00003470      0x384 ./src/radio/sx1276/sx1276.o
                0x00003470                SX1276GetTimeOnAir
 .text.SX1276Send
                0x000037f4      0x158 ./src/radio/sx1276/sx1276.o
                0x000037f4                SX1276Send
 .text.SX1276SetSleep
                0x0000394c       0x2c ./src/radio/sx1276/sx1276.o
                0x0000394c                SX1276SetSleep
 .text.SX1276SetStby
                0x00003978       0x2c ./src/radio/sx1276/sx1276.o
                0x00003978                SX1276SetStby
 *fill*         0x000039a4        0x4 
 .text.SX1276SetRx
                0x000039a8      0x27c ./src/radio/sx1276/sx1276.o
                0x000039a8                SX1276SetRx
 .text.SX1276SetTx
                0x00003c24       0xe4 ./src/radio/sx1276/sx1276.o
                0x00003c24                SX1276SetTx
 .text.SX1276StartCad
                0x00003d08       0x4c ./src/radio/sx1276/sx1276.o
                0x00003d08                SX1276StartCad
 .text.SX1276ReadRssi
                0x00003d54       0x7c ./src/radio/sx1276/sx1276.o
                0x00003d54                SX1276ReadRssi
 .text.SX1276Reset
                0x00003dd0       0x44 ./src/radio/sx1276/sx1276.o
                0x00003dd0                SX1276Reset
 .text.SX1276SetOpMode
                0x00003e14       0x6c ./src/radio/sx1276/sx1276.o
                0x00003e14                SX1276SetOpMode
 .text.SX1276SetModem
                0x00003e80       0x9c ./src/radio/sx1276/sx1276.o
                0x00003e80                SX1276SetModem
 .text.SX1276Write
                0x00003f1c       0x24 ./src/radio/sx1276/sx1276.o
                0x00003f1c                SX1276Write
 .text.SX1276Read
                0x00003f40       0x24 ./src/radio/sx1276/sx1276.o
                0x00003f40                SX1276Read
 .text.SX1276WriteBuffer
                0x00003f64       0x68 ./src/radio/sx1276/sx1276.o
                0x00003f64                SX1276WriteBuffer
 .text.SX1276ReadBuffer
                0x00003fcc       0x68 ./src/radio/sx1276/sx1276.o
                0x00003fcc                SX1276ReadBuffer
 .text.SX1276WriteFifo
                0x00004034       0x20 ./src/radio/sx1276/sx1276.o
                0x00004034                SX1276WriteFifo
 .text.SX1276ReadFifo
                0x00004054       0x20 ./src/radio/sx1276/sx1276.o
                0x00004054                SX1276ReadFifo
 .text.SX1276OnTimeoutIrq
                0x00004074       0xd0 ./src/radio/sx1276/sx1276.o
                0x00004074                SX1276OnTimeoutIrq
 .text.SX1276OnDio0Irq
                0x00004144      0x480 ./src/radio/sx1276/sx1276.o
                0x00004144                SX1276OnDio0Irq
 .text.SX1276OnDio1Irq
                0x000045c4      0x1ec ./src/radio/sx1276/sx1276.o
                0x000045c4                SX1276OnDio1Irq
 .text.SX1276OnDio2Irq
                0x000047b0      0x174 ./src/radio/sx1276/sx1276.o
                0x000047b0                SX1276OnDio2Irq
 .text.SX1276OnDio3Irq
                0x00004924       0x80 ./src/radio/sx1276/sx1276.o
                0x00004924                SX1276OnDio3Irq
 .text.SX1276OnDio4Irq
                0x000049a4       0x38 ./src/radio/sx1276/sx1276.o
                0x000049a4                SX1276OnDio4Irq
 .text.LoRaMacSetNextChannel
                0x000049dc      0x3a4 ./src/mac/LoRaMac.o
 .text.OnChannelCheckTimerEvent
                0x00004d80       0x5c ./src/mac/LoRaMac.o
 .text.AddMacCommand
                0x00004ddc       0xf0 ./src/mac/LoRaMac.o
 .text.LoRaMacNotify
                0x00004ecc       0x38 ./src/mac/LoRaMac.o
 .text.LoRaMacInit
                0x00004f04      0x284 ./src/mac/LoRaMac.o
                0x00004f04                LoRaMacInit
 .text.LoRaMacSetAdrOn
                0x00005188       0x20 ./src/mac/LoRaMac.o
                0x00005188                LoRaMacSetAdrOn
 .text.LoRaMacInitNwkIds
                0x000051a8       0x50 ./src/mac/LoRaMac.o
                0x000051a8                LoRaMacInitNwkIds
 .text.LoRaMacSendFrame
                0x000051f8       0x3c ./src/mac/LoRaMac.o
                0x000051f8                LoRaMacSendFrame
 .text.LoRaMacSend
                0x00005234       0xa4 ./src/mac/LoRaMac.o
                0x00005234                LoRaMacSend
 .text.LoRaMacPrepareFrame
                0x000052d8      0x518 ./src/mac/LoRaMac.o
                0x000052d8                LoRaMacPrepareFrame
 .text.LoRaMacSendFrameOnChannel
                0x000057f0      0x2b4 ./src/mac/LoRaMac.o
                0x000057f0                LoRaMacSendFrameOnChannel
 .text.OnTxDelayedTimerEvent
                0x00005aa4       0x24 ./src/mac/LoRaMac.o
 .text.LoRaMacSendOnChannel
                0x00005ac8       0x80 ./src/mac/LoRaMac.o
                0x00005ac8                LoRaMacSendOnChannel
 .text.LoRaMacProcessMacCommands
                0x00005b48      0x5d8 ./src/mac/LoRaMac.o
 .text.OnRadioTxDone
                0x00006120      0x214 ./src/mac/LoRaMac.o
 *fill*         0x00006334        0x4 
 .text.OnRadioRxDone
                0x00006338      0x828 ./src/mac/LoRaMac.o
 .text.OnRadioTxTimeout
                0x00006b60       0x3c ./src/mac/LoRaMac.o
 .text.OnRadioRxTimeout
                0x00006b9c       0x44 ./src/mac/LoRaMac.o
 .text.OnRadioRxError
                0x00006be0       0x44 ./src/mac/LoRaMac.o
 .text.LoRaMacRxWindowSetup
                0x00006c24      0x118 ./src/mac/LoRaMac.o
                0x00006c24                LoRaMacRxWindowSetup
 .text.OnRxWindow1TimerEvent
                0x00006d3c       0x94 ./src/mac/LoRaMac.o
 .text.OnRxWindow2TimerEvent
                0x00006dd0       0xc4 ./src/mac/LoRaMac.o
 .text.OnMacStateCheckTimerEvent
                0x00006e94      0x274 ./src/mac/LoRaMac.o
 .text.OnAckTimeoutTimerEvent
                0x00007108       0x28 ./src/mac/LoRaMac.o
 .text.LoRaMacSetPublicNetwork
                0x00007130       0x44 ./src/mac/LoRaMac.o
                0x00007130                LoRaMacSetPublicNetwork
 .text.LoRaMacSetChannel
                0x00007174      0x288 ./src/mac/LoRaMac.o
                0x00007174                LoRaMacSetChannel
 .text.LoRaMacComputeMic
                0x000073fc       0xcc ./src/mac/LoRaMacCrypto.o
                0x000073fc                LoRaMacComputeMic
 .text.LoRaMacPayloadEncrypt
                0x000074c8      0x148 ./src/mac/LoRaMacCrypto.o
                0x000074c8                LoRaMacPayloadEncrypt
 .text.LoRaMacPayloadDecrypt
                0x00007610       0x30 ./src/mac/LoRaMacCrypto.o
                0x00007610                LoRaMacPayloadDecrypt
 .text.LoRaMacJoinComputeMic
                0x00007640       0x64 ./src/mac/LoRaMacCrypto.o
                0x00007640                LoRaMacJoinComputeMic
 .text.LoRaMacJoinDecrypt
                0x000076a4       0x54 ./src/mac/LoRaMacCrypto.o
                0x000076a4                LoRaMacJoinDecrypt
 .text.LoRaMacJoinComputeSKeys
                0x000076f8       0xb4 ./src/mac/LoRaMacCrypto.o
                0x000076f8                LoRaMacJoinComputeSKeys
 .text.init_data_bss
                0x000077ac       0xcc ./src/boards/mcu/startup/startup.o
                0x000077ac                init_data_bss
 .text.SystemInit
                0x00007878       0x3c ./src/boards/mcu/startup/system_MK22F51212.o
                0x00007878                SystemInit
 .text.PORT_HAL_SetMuxMode
                0x000078b4       0x58 ./src/boards/FRDM-K22F/board.o
 .text.SMC_HAL_SetProtection
                0x0000790c       0x1c ./src/boards/FRDM-K22F/board.o
 .text.BoardInitPeriph
                0x00007928       0x7c ./src/boards/FRDM-K22F/board.o
                0x00007928                BoardInitPeriph
 .text.BoardInitMcu
                0x000079a4      0x11c ./src/boards/FRDM-K22F/board.o
                0x000079a4                BoardInitMcu
 .text.BoardGetUniqueId
                0x00007ac0      0x130 ./src/boards/FRDM-K22F/board.o
                0x00007ac0                BoardGetUniqueId
 .text.BoardUnusedIoInit
                0x00007bf0        0xc ./src/boards/FRDM-K22F/board.o
 .text.NVIC_EnableIRQ
                0x00007bfc       0x30 ./src/boards/FRDM-K22F/gpio-board.o
 .text.PORT_HAL_SetPullCmd
                0x00007c2c       0x48 ./src/boards/FRDM-K22F/gpio-board.o
 .text.PORT_HAL_SetMuxMode
                0x00007c74       0x58 ./src/boards/FRDM-K22F/gpio-board.o
 .text.PORT_HAL_SetPinIntMode
                0x00007ccc       0x58 ./src/boards/FRDM-K22F/gpio-board.o
 .text.PORT_HAL_ClearPortIntFlag
                0x00007d24       0x1c ./src/boards/FRDM-K22F/gpio-board.o
 .text.INT_SYS_EnableIRQ
                0x00007d40       0x54 ./src/boards/FRDM-K22F/gpio-board.o
 .text.GpioMcuInit
                0x00007d94      0x24c ./src/boards/FRDM-K22F/gpio-board.o
                0x00007d94                GpioMcuInit
 .text.GpioMcuSetInterrupt
                0x00007fe0       0xdc ./src/boards/FRDM-K22F/gpio-board.o
                0x00007fe0                GpioMcuSetInterrupt
 .text.GpioMcuWrite
                0x000080bc       0x4c ./src/boards/FRDM-K22F/gpio-board.o
                0x000080bc                GpioMcuWrite
 .text.PORTA_IRQHandler
                0x00008108      0x15c ./src/boards/FRDM-K22F/gpio-board.o
                0x00008108                PORTA_IRQHandler
 .text.PORTD_IRQHandler
                0x00008264       0xd4 ./src/boards/FRDM-K22F/gpio-board.o
                0x00008264                PORTD_IRQHandler
 .text.I2C_HAL_Enable
                0x00008338       0x24 ./src/boards/FRDM-K22F/i2c-board.o
 .text.CLOCK_SYS_GetI2cFreq
                0x0000835c       0x18 ./src/boards/FRDM-K22F/i2c-board.o
 .text.I2cMcuInit
                0x00008374       0x80 ./src/boards/FRDM-K22F/i2c-board.o
                0x00008374                I2cMcuInit
 .text.I2cMcuFormat
                0x000083f4       0x80 ./src/boards/FRDM-K22F/i2c-board.o
                0x000083f4                I2cMcuFormat
 .text.NVIC_EnableIRQ
                0x00008474       0x30 ./src/boards/FRDM-K22F/rtc-board.o
 .text.NVIC_ClearPendingIRQ
                0x000084a4       0x34 ./src/boards/FRDM-K22F/rtc-board.o
 .text.RTC_HAL_GetSecsReg
                0x000084d8       0x18 ./src/boards/FRDM-K22F/rtc-board.o
 .text.RTC_HAL_SetSecsReg
                0x000084f0       0x28 ./src/boards/FRDM-K22F/rtc-board.o
 .text.RTC_HAL_SetAlarmReg
                0x00008518       0x1c ./src/boards/FRDM-K22F/rtc-board.o
 .text.RTC_HAL_GetPrescaler
                0x00008534       0x1c ./src/boards/FRDM-K22F/rtc-board.o
 .text.RTC_HAL_SetPrescaler
                0x00008550       0x28 ./src/boards/FRDM-K22F/rtc-board.o
 .text.RTC_HAL_EnableCounter
                0x00008578       0x28 ./src/boards/FRDM-K22F/rtc-board.o
 .text.RTC_HAL_HasAlarmOccured
                0x000085a0       0x2c ./src/boards/FRDM-K22F/rtc-board.o
 .text.RTC_HAL_SetSecsIntCmd
                0x000085cc       0x28 ./src/boards/FRDM-K22F/rtc-board.o
 .text.RTC_HAL_SetAlarmIntCmd
                0x000085f4       0x28 ./src/boards/FRDM-K22F/rtc-board.o
 .text.SIM_HAL_EnableClock
                0x0000861c       0x44 ./src/boards/FRDM-K22F/rtc-board.o
 .text.CLOCK_SYS_GetRtcFreq
                0x00008660       0x1c ./src/boards/FRDM-K22F/rtc-board.o
 .text.CLOCK_SYS_EnableRtcClock
                0x0000867c       0x1c ./src/boards/FRDM-K22F/rtc-board.o
 .text.INT_SYS_EnableIRQ
                0x00008698       0x54 ./src/boards/FRDM-K22F/rtc-board.o
 .text.RtcInit  0x000086ec      0x100 ./src/boards/FRDM-K22F/rtc-board.o
                0x000086ec                RtcInit
 *fill*         0x000087ec        0x4 
 .text.RtcGetMinimumTimeout
                0x000087f0       0x28 ./src/boards/FRDM-K22F/rtc-board.o
                0x000087f0                RtcGetMinimumTimeout
 .text.RtcSetTimeout
                0x00008818       0x88 ./src/boards/FRDM-K22F/rtc-board.o
                0x00008818                RtcSetTimeout
 .text.RtcGetTimerElapsedTime
                0x000088a0       0x84 ./src/boards/FRDM-K22F/rtc-board.o
                0x000088a0                RtcGetTimerElapsedTime
 *fill*         0x00008924        0x4 
 .text.RtcGetTimerValue
                0x00008928       0x60 ./src/boards/FRDM-K22F/rtc-board.o
                0x00008928                RtcGetTimerValue
 .text.RtcClearStatus
                0x00008988       0x14 ./src/boards/FRDM-K22F/rtc-board.o
 *fill*         0x0000899c        0x4 
 .text.RtcStartWakeUpAlarm
                0x000089a0       0xe0 ./src/boards/FRDM-K22F/rtc-board.o
 .text.RtcEnterLowPowerStopMode
                0x00008a80       0x2c ./src/boards/FRDM-K22F/rtc-board.o
                0x00008a80                RtcEnterLowPowerStopMode
 .text.RTC_IRQHandler
                0x00008aac       0x2c ./src/boards/FRDM-K22F/rtc-board.o
                0x00008aac                RTC_IRQHandler
 .text.RTC_Seconds_IRQHandler
                0x00008ad8       0x14 ./src/boards/FRDM-K22F/rtc-board.o
                0x00008ad8                RTC_Seconds_IRQHandler
 .text.RtcDelayMs
                0x00008aec       0x60 ./src/boards/FRDM-K22F/rtc-board.o
                0x00008aec                RtcDelayMs
 .text.RtcGetCalendarValue
                0x00008b4c       0xa4 ./src/boards/FRDM-K22F/rtc-board.o
 .text.SpiInit  0x00008bf0      0x158 ./src/boards/FRDM-K22F/spi-board.o
                0x00008bf0                SpiInit
 .text.SpiFormat
                0x00008d48       0x7c ./src/boards/FRDM-K22F/spi-board.o
                0x00008d48                SpiFormat
 .text.SpiFrequency
                0x00008dc4       0x3c ./src/boards/FRDM-K22F/spi-board.o
                0x00008dc4                SpiFrequency
 .text.SpiInOut
                0x00008e00      0x11c ./src/boards/FRDM-K22F/spi-board.o
                0x00008e00                SpiInOut
 .text.SX1276IoInit
                0x00008f1c       0xb4 ./src/boards/FRDM-K22F/sx1276-board.o
                0x00008f1c                SX1276IoInit
 .text.SX1276IoIrqInit
                0x00008fd0       0x84 ./src/boards/FRDM-K22F/sx1276-board.o
                0x00008fd0                SX1276IoIrqInit
 .text.SX1276GetPaSelect
                0x00009054       0x28 ./src/boards/FRDM-K22F/sx1276-board.o
                0x00009054                SX1276GetPaSelect
 .text.SX1276SetAntSwLowPower
                0x0000907c       0x3c ./src/boards/FRDM-K22F/sx1276-board.o
                0x0000907c                SX1276SetAntSwLowPower
 .text.SX1276AntSwInit
                0x000090b8       0x24 ./src/boards/FRDM-K22F/sx1276-board.o
                0x000090b8                SX1276AntSwInit
 .text.SX1276AntSwDeInit
                0x000090dc       0x24 ./src/boards/FRDM-K22F/sx1276-board.o
                0x000090dc                SX1276AntSwDeInit
 .text.SX1276SetAntSw
                0x00009100       0x48 ./src/boards/FRDM-K22F/sx1276-board.o
                0x00009100                SX1276SetAntSw
 .text.SX1276CheckRfFrequency
                0x00009148       0x18 ./src/boards/FRDM-K22F/sx1276-board.o
                0x00009148                SX1276CheckRfFrequency
 .text.NVIC_EnableIRQ
                0x00009160       0x30 ./src/boards/FRDM-K22F/timer-board.o
 .text.PIT_HAL_Enable
                0x00009190       0x24 ./src/boards/FRDM-K22F/timer-board.o
 .text.PIT_HAL_SetTimerRunInDebugCmd
                0x000091b4       0x2c ./src/boards/FRDM-K22F/timer-board.o
 .text.PIT_HAL_StartTimer
                0x000091e0       0x48 ./src/boards/FRDM-K22F/timer-board.o
 .text.PIT_HAL_StopTimer
                0x00009228       0x48 ./src/boards/FRDM-K22F/timer-board.o
 .text.PIT_HAL_SetTimerPeriodByCount
                0x00009270       0x40 ./src/boards/FRDM-K22F/timer-board.o
 .text.PIT_HAL_SetIntCmd
                0x000092b0       0x50 ./src/boards/FRDM-K22F/timer-board.o
 .text.PIT_HAL_ClearIntFlag
                0x00009300       0x40 ./src/boards/FRDM-K22F/timer-board.o
 .text.PIT_HAL_IsIntPending
                0x00009340       0x4c ./src/boards/FRDM-K22F/timer-board.o
 .text.INT_SYS_EnableIRQ
                0x0000938c       0x54 ./src/boards/FRDM-K22F/timer-board.o
 .text.SIM_HAL_EnableClock
                0x000093e0       0x44 ./src/boards/FRDM-K22F/timer-board.o
 .text.CLOCK_SYS_GetPitFreq
                0x00009424       0x18 ./src/boards/FRDM-K22F/timer-board.o
 .text.CLOCK_SYS_EnablePitClock
                0x0000943c       0x1c ./src/boards/FRDM-K22F/timer-board.o
 .text.TimerHwInit
                0x00009458       0xf0 ./src/boards/FRDM-K22F/timer-board.o
                0x00009458                TimerHwInit
 .text.TimerHwGetMinimumTimeout
                0x00009548       0x28 ./src/boards/FRDM-K22F/timer-board.o
                0x00009548                TimerHwGetMinimumTimeout
 .text.TimerHwStart
                0x00009570       0x68 ./src/boards/FRDM-K22F/timer-board.o
                0x00009570                TimerHwStart
 .text.TimerHwDelayMs
                0x000095d8       0x58 ./src/boards/FRDM-K22F/timer-board.o
                0x000095d8                TimerHwDelayMs
 .text.TimerHwGetElapsedTime
                0x00009630       0x48 ./src/boards/FRDM-K22F/timer-board.o
                0x00009630                TimerHwGetElapsedTime
 .text.TimerHwGetTimerValue
                0x00009678       0x38 ./src/boards/FRDM-K22F/timer-board.o
                0x00009678                TimerHwGetTimerValue
 .text.TimerHwGetTime
                0x000096b0       0x34 ./src/boards/FRDM-K22F/timer-board.o
                0x000096b0                TimerHwGetTime
 .text.TimerHwGetDelayValue
                0x000096e4       0x28 ./src/boards/FRDM-K22F/timer-board.o
                0x000096e4                TimerHwGetDelayValue
 .text.TimerIncrementTickCounter
                0x0000970c       0x24 ./src/boards/FRDM-K22F/timer-board.o
                0x0000970c                TimerIncrementTickCounter
 .text.TimerIncrementDelayCounter
                0x00009730       0x1c ./src/boards/FRDM-K22F/timer-board.o
                0x00009730                TimerIncrementDelayCounter
 .text.PIT0_IRQHandler
                0x0000974c       0x44 ./src/boards/FRDM-K22F/timer-board.o
                0x0000974c                PIT0_IRQHandler
 .text.PIT1_IRQHandler
                0x00009790       0x24 ./src/boards/FRDM-K22F/timer-board.o
                0x00009790                PIT1_IRQHandler
 .text.TimerHwEnterLowPowerStopMode
                0x000097b4        0xc ./src/boards/FRDM-K22F/timer-board.o
                0x000097b4                TimerHwEnterLowPowerStopMode
 .text.NVIC_EnableIRQ
                0x000097c0       0x30 ./src/boards/FRDM-K22F/uart-board.o
 .text.UART_HAL_EnableTransmitter
                0x000097f0       0x24 ./src/boards/FRDM-K22F/uart-board.o
 .text.UART_HAL_DisableTransmitter
                0x00009814       0x24 ./src/boards/FRDM-K22F/uart-board.o
 .text.UART_HAL_EnableReceiver
                0x00009838       0x24 ./src/boards/FRDM-K22F/uart-board.o
 .text.UART_HAL_DisableReceiver
                0x0000985c       0x24 ./src/boards/FRDM-K22F/uart-board.o
 .text.UART_HAL_SetBitCountPerChar
                0x00009880       0x28 ./src/boards/FRDM-K22F/uart-board.o
 .text.LPUART_HAL_SetTransmitterCmd
                0x000098a8       0x28 ./src/boards/FRDM-K22F/uart-board.o
 .text.LPUART_HAL_SetReceiverCmd
                0x000098d0       0x28 ./src/boards/FRDM-K22F/uart-board.o
 .text.LPUART_HAL_SetStopBitCount
                0x000098f8       0x28 ./src/boards/FRDM-K22F/uart-board.o
 .text.LPUART_HAL_Putchar
                0x00009920       0x1c ./src/boards/FRDM-K22F/uart-board.o
 .text.LPUART_HAL_Getchar
                0x0000993c       0x20 ./src/boards/FRDM-K22F/uart-board.o
 .text.INT_SYS_EnableIRQ
                0x0000995c       0x54 ./src/boards/FRDM-K22F/uart-board.o
 .text.SIM_HAL_EnableClock
                0x000099b0       0x44 ./src/boards/FRDM-K22F/uart-board.o
 .text.CLOCK_HAL_SetLpuartSrc
                0x000099f4       0x3c ./src/boards/FRDM-K22F/uart-board.o
 .text.CLOCK_SYS_SetLpuartSrc
                0x00009a30       0x24 ./src/boards/FRDM-K22F/uart-board.o
 .text.CLOCK_SYS_EnableLpuartClock
                0x00009a54       0x1c ./src/boards/FRDM-K22F/uart-board.o
 .text.UartMcuInit
                0x00009a70       0xa4 ./src/boards/FRDM-K22F/uart-board.o
                0x00009a70                UartMcuInit
 .text.UartMcuConfig
                0x00009b14      0x214 ./src/boards/FRDM-K22F/uart-board.o
                0x00009b14                UartMcuConfig
 .text.UartInterruptHandler
                0x00009d28      0x140 ./src/boards/FRDM-K22F/uart-board.o
                0x00009d28                UartInterruptHandler
 .text.LPUART0_IRQHandler
                0x00009e68       0xec ./src/boards/FRDM-K22F/uart-board.o
                0x00009e68                LPUART0_IRQHandler
 .text.UART0_RX_TX_IRQHandler
                0x00009f54       0x10 ./src/boards/FRDM-K22F/uart-board.o
                0x00009f54                UART0_RX_TX_IRQHandler
 .text.UART1_RX_TX_IRQHandler
                0x00009f64       0x10 ./src/boards/FRDM-K22F/uart-board.o
                0x00009f64                UART1_RX_TX_IRQHandler
 .text.UART2_RX_TX_IRQHandler
                0x00009f74       0x10 ./src/boards/FRDM-K22F/uart-board.o
                0x00009f74                UART2_RX_TX_IRQHandler
 .text.PrepareTxFrame
                0x00009f84       0xd8 ./src/apps/LoRaMac/classA/FRDM-K22F/main.o
 .text.ProcessRxFrame
                0x0000a05c       0x48 ./src/apps/LoRaMac/classA/FRDM-K22F/main.o
 .text.SendFrame
                0x0000a0a4       0x44 ./src/apps/LoRaMac/classA/FRDM-K22F/main.o
 .text.OnTxNextPacketTimerEvent
                0x0000a0e8       0x18 ./src/apps/LoRaMac/classA/FRDM-K22F/main.o
 .text.OnLed1TimerEvent
                0x0000a100       0x14 ./src/apps/LoRaMac/classA/FRDM-K22F/main.o
 .text.OnLed2TimerEvent
                0x0000a114       0x14 ./src/apps/LoRaMac/classA/FRDM-K22F/main.o
 .text.OnMacEvent
                0x0000a128       0x6c ./src/apps/LoRaMac/classA/FRDM-K22F/main.o
 .text.main     0x0000a194      0x1a4 ./src/apps/LoRaMac/classA/FRDM-K22F/main.o
                0x0000a194                main
 .text.SIM_HAL_EnableClock
                0x0000a338       0x44 C:/dev/Freescale/KSDK_1.3.0/lib/ksdk_platform_lib/armgcc/K22F51212/debug/libksdk_platform.a(fsl_clock_manager.c.obj)
 .text.CLOCK_HAL_SetClkOutSrc
                0x0000a37c       0x30 C:/dev/Freescale/KSDK_1.3.0/lib/ksdk_platform_lib/armgcc/K22F51212/debug/libksdk_platform.a(fsl_clock_manager.c.obj)
 .text.CLOCK_HAL_GetClkOutStat
                0x0000a3ac       0x24 C:/dev/Freescale/KSDK_1.3.0/lib/ksdk_platform_lib/armgcc/K22F51212/debug/libksdk_platform.a(fsl_clock_manager.c.obj)
 .text.CLOCK_HAL_SetInternalRefClkEnableCmd
                0x0000a3d0       0x24 C:/dev/Freescale/KSDK_1.3.0/lib/ksdk_platform_lib/armgcc/K22F51212/debug/libksdk_platform.a(fsl_clock_manager.c.obj)
 .text.CLOCK_HAL_SetInternalRefClkEnableInStopCmd
                0x0000a3f4       0x24 C:/dev/Freescale/KSDK_1.3.0/lib/ksdk_platform_lib/armgcc/K22F51212/debug/libksdk_platform.a(fsl_clock_manager.c.obj)
 .text.CLOCK_HAL_SetInternalRefClkMode
                0x0000a418       0x28 C:/dev/Freescale/KSDK_1.3.0/lib/ksdk_platform_lib/armgcc/K22F51212/debug/libksdk_platform.a(fsl_clock_manager.c.obj)
 .text.CLOCK_HAL_GetInternalRefClkMode
                0x0000a440       0x24 C:/dev/Freescale/KSDK_1.3.0/lib/ksdk_platform_lib/armgcc/K22F51212/debug/libksdk_platform.a(fsl_clock_manager.c.obj)
 .text.CLOCK_HAL_SetPll0EnableCmd
                0x0000a464       0x28 C:/dev/Freescale/KSDK_1.3.0/lib/ksdk_platform_lib/armgcc/K22F51212/debug/libksdk_platform.a(fsl_clock_manager.c.obj)
 .text.CLOCK_HAL_IsOsc0Stable
                0x0000a48c       0x30 C:/dev/Freescale/KSDK_1.3.0/lib/ksdk_platform_lib/armgcc/K22F51212/debug/libksdk_platform.a(fsl_clock_manager.c.obj)
 .text.OSC_HAL_SetExternalRefClkCmd
                0x0000a4bc       0x24 C:/dev/Freescale/KSDK_1.3.0/lib/ksdk_platform_lib/armgcc/K22F51212/debug/libksdk_platform.a(fsl_clock_manager.c.obj)
 .text.OSC_HAL_SetExternalRefClkInStopModeCmd
                0x0000a4e0       0x24 C:/dev/Freescale/KSDK_1.3.0/lib/ksdk_platform_lib/armgcc/K22F51212/debug/libksdk_platform.a(fsl_clock_manager.c.obj)
 .text.OSC_HAL_SetExternalRefClkDiv
                0x0000a504       0x30 C:/dev/Freescale/KSDK_1.3.0/lib/ksdk_platform_lib/armgcc/K22F51212/debug/libksdk_platform.a(fsl_clock_manager.c.obj)
 .text.CLOCK_SYS_EnableRtcClock
                0x0000a534       0x1c C:/dev/Freescale/KSDK_1.3.0/lib/ksdk_platform_lib/armgcc/K22F51212/debug/libksdk_platform.a(fsl_clock_manager.c.obj)
 .text.RTC_HAL_SetOsc2pfLoadCmd
                0x0000a550       0x28 C:/dev/Freescale/KSDK_1.3.0/lib/ksdk_platform_lib/armgcc/K22F51212/debug/libksdk_platform.a(fsl_clock_manager.c.obj)
 .text.RTC_HAL_SetOsc4pfLoadCmd
                0x0000a578       0x28 C:/dev/Freescale/KSDK_1.3.0/lib/ksdk_platform_lib/armgcc/K22F51212/debug/libksdk_platform.a(fsl_clock_manager.c.obj)
 .text.RTC_HAL_SetOsc8pfLoadCmd
                0x0000a5a0       0x28 C:/dev/Freescale/KSDK_1.3.0/lib/ksdk_platform_lib/armgcc/K22F51212/debug/libksdk_platform.a(fsl_clock_manager.c.obj)
 .text.RTC_HAL_SetOsc16pfLoadCmd
                0x0000a5c8       0x28 C:/dev/Freescale/KSDK_1.3.0/lib/ksdk_platform_lib/armgcc/K22F51212/debug/libksdk_platform.a(fsl_clock_manager.c.obj)
 .text.RTC_HAL_SetOscillatorCmd
                0x0000a5f0       0x28 C:/dev/Freescale/KSDK_1.3.0/lib/ksdk_platform_lib/armgcc/K22F51212/debug/libksdk_platform.a(fsl_clock_manager.c.obj)
 .text.RTC_HAL_IsOscillatorEnabled
                0x0000a618       0x2c C:/dev/Freescale/KSDK_1.3.0/lib/ksdk_platform_lib/armgcc/K22F51212/debug/libksdk_platform.a(fsl_clock_manager.c.obj)
 .text.CLOCK_SYS_FllStableDelay
                0x0000a644       0x24 C:/dev/Freescale/KSDK_1.3.0/lib/ksdk_platform_lib/armgcc/K22F51212/debug/libksdk_platform.a(fsl_clock_manager.c.obj)
 .text.CLOCK_SYS_McgModeToIdx
                0x0000a668       0x50 C:/dev/Freescale/KSDK_1.3.0/lib/ksdk_platform_lib/armgcc/K22F51212/debug/libksdk_platform.a(fsl_clock_manager.c.obj)
 .text.CLOCK_SYS_SetMcgMode
                0x0000a6b8      0x1d4 C:/dev/Freescale/KSDK_1.3.0/lib/ksdk_platform_lib/armgcc/K22F51212/debug/libksdk_platform.a(fsl_clock_manager.c.obj)
                0x0000a6b8                CLOCK_SYS_SetMcgMode
 .text.CLOCK_SYS_OscInit
                0x0000a88c       0xe8 C:/dev/Freescale/KSDK_1.3.0/lib/ksdk_platform_lib/armgcc/K22F51212/debug/libksdk_platform.a(fsl_clock_manager.c.obj)
                0x0000a88c                CLOCK_SYS_OscInit
 .text.CLOCK_SYS_SetOscerConfigration
                0x0000a974       0x50 C:/dev/Freescale/KSDK_1.3.0/lib/ksdk_platform_lib/armgcc/K22F51212/debug/libksdk_platform.a(fsl_clock_manager.c.obj)
                0x0000a974                CLOCK_SYS_SetOscerConfigration
 .text.CLOCK_SYS_RtcOscInit
                0x0000a9c4       0xa0 C:/dev/Freescale/KSDK_1.3.0/lib/ksdk_platform_lib/armgcc/K22F51212/debug/libksdk_platform.a(fsl_clock_manager.c.obj)
                0x0000a9c4                CLOCK_SYS_RtcOscInit
 .text.SIM_HAL_EnableClock
                0x0000aa64       0x44 C:/dev/Freescale/KSDK_1.3.0/lib/ksdk_platform_lib/armgcc/K22F51212/debug/libksdk_platform.a(fsl_clock_MK22F51212.c.obj)
 .text.CLOCK_HAL_GetLpuartSrc
                0x0000aaa8       0x28 C:/dev/Freescale/KSDK_1.3.0/lib/ksdk_platform_lib/armgcc/K22F51212/debug/libksdk_platform.a(fsl_clock_MK22F51212.c.obj)
 .text.CLOCK_HAL_SetExternalRefClock32kSrc
                0x0000aad0       0x2c C:/dev/Freescale/KSDK_1.3.0/lib/ksdk_platform_lib/armgcc/K22F51212/debug/libksdk_platform.a(fsl_clock_MK22F51212.c.obj)
 .text.CLOCK_HAL_SetPllfllSel
                0x0000aafc       0x38 C:/dev/Freescale/KSDK_1.3.0/lib/ksdk_platform_lib/armgcc/K22F51212/debug/libksdk_platform.a(fsl_clock_MK22F51212.c.obj)
 .text.CLOCK_HAL_GetPllfllSel
                0x0000ab34       0x28 C:/dev/Freescale/KSDK_1.3.0/lib/ksdk_platform_lib/armgcc/K22F51212/debug/libksdk_platform.a(fsl_clock_MK22F51212.c.obj)
 .text.CLOCK_HAL_GetOutDiv1
                0x0000ab5c       0x24 C:/dev/Freescale/KSDK_1.3.0/lib/ksdk_platform_lib/armgcc/K22F51212/debug/libksdk_platform.a(fsl_clock_MK22F51212.c.obj)
 .text.CLOCK_HAL_GetOutDiv2
                0x0000ab80       0x28 C:/dev/Freescale/KSDK_1.3.0/lib/ksdk_platform_lib/armgcc/K22F51212/debug/libksdk_platform.a(fsl_clock_MK22F51212.c.obj)
 .text.OSC_HAL_GetExternalRefClkCmd
                0x0000aba8       0x2c C:/dev/Freescale/KSDK_1.3.0/lib/ksdk_platform_lib/armgcc/K22F51212/debug/libksdk_platform.a(fsl_clock_MK22F51212.c.obj)
 .text.OSC_HAL_GetExternalRefClkDiv
                0x0000abd4       0x20 C:/dev/Freescale/KSDK_1.3.0/lib/ksdk_platform_lib/armgcc/K22F51212/debug/libksdk_platform.a(fsl_clock_MK22F51212.c.obj)
 .text.CLOCK_SYS_SetSimConfigration
                0x0000abf4       0x44 C:/dev/Freescale/KSDK_1.3.0/lib/ksdk_platform_lib/armgcc/K22F51212/debug/libksdk_platform.a(fsl_clock_MK22F51212.c.obj)
                0x0000abf4                CLOCK_SYS_SetSimConfigration
 .text.CLOCK_SYS_SetConfiguration
                0x0000ac38       0x70 C:/dev/Freescale/KSDK_1.3.0/lib/ksdk_platform_lib/armgcc/K22F51212/debug/libksdk_platform.a(fsl_clock_MK22F51212.c.obj)
                0x0000ac38                CLOCK_SYS_SetConfiguration
 .text.CLOCK_SYS_GetCoreClockFreq
                0x0000aca8       0x28 C:/dev/Freescale/KSDK_1.3.0/lib/ksdk_platform_lib/armgcc/K22F51212/debug/libksdk_platform.a(fsl_clock_MK22F51212.c.obj)
                0x0000aca8                CLOCK_SYS_GetCoreClockFreq
 .text.CLOCK_SYS_GetSystemClockFreq
                0x0000acd0       0x28 C:/dev/Freescale/KSDK_1.3.0/lib/ksdk_platform_lib/armgcc/K22F51212/debug/libksdk_platform.a(fsl_clock_MK22F51212.c.obj)
                0x0000acd0                CLOCK_SYS_GetSystemClockFreq
 .text.CLOCK_SYS_GetBusClockFreq
                0x0000acf8       0x28 C:/dev/Freescale/KSDK_1.3.0/lib/ksdk_platform_lib/armgcc/K22F51212/debug/libksdk_platform.a(fsl_clock_MK22F51212.c.obj)
                0x0000acf8                CLOCK_SYS_GetBusClockFreq
 .text.CLOCK_SYS_GetPllFllClockFreq
                0x0000ad20       0x54 C:/dev/Freescale/KSDK_1.3.0/lib/ksdk_platform_lib/armgcc/K22F51212/debug/libksdk_platform.a(fsl_clock_MK22F51212.c.obj)
                0x0000ad20                CLOCK_SYS_GetPllFllClockFreq
 .text.CLOCK_SYS_GetOsc0ExternalRefClockUndivFreq
                0x0000ad74       0x28 C:/dev/Freescale/KSDK_1.3.0/lib/ksdk_platform_lib/armgcc/K22F51212/debug/libksdk_platform.a(fsl_clock_MK22F51212.c.obj)
                0x0000ad74                CLOCK_SYS_GetOsc0ExternalRefClockUndivFreq
 .text.CLOCK_SYS_GetOsc0ExternalRefClockFreq
                0x0000ad9c       0x24 C:/dev/Freescale/KSDK_1.3.0/lib/ksdk_platform_lib/armgcc/K22F51212/debug/libksdk_platform.a(fsl_clock_MK22F51212.c.obj)
                0x0000ad9c                CLOCK_SYS_GetOsc0ExternalRefClockFreq
 .text.CLOCK_SYS_GetLpuartFreq
                0x0000adc0       0x54 C:/dev/Freescale/KSDK_1.3.0/lib/ksdk_platform_lib/armgcc/K22F51212/debug/libksdk_platform.a(fsl_clock_MK22F51212.c.obj)
                0x0000adc0                CLOCK_SYS_GetLpuartFreq
 .text.CLOCK_SYS_GetUartFreq
                0x0000ae14       0x34 C:/dev/Freescale/KSDK_1.3.0/lib/ksdk_platform_lib/armgcc/K22F51212/debug/libksdk_platform.a(fsl_clock_MK22F51212.c.obj)
                0x0000ae14                CLOCK_SYS_GetUartFreq
 .text.CLOCK_SYS_EnablePortClock
                0x0000ae48       0x48 C:/dev/Freescale/KSDK_1.3.0/lib/ksdk_platform_lib/armgcc/K22F51212/debug/libksdk_platform.a(fsl_clock_MK22F51212.c.obj)
                0x0000ae48                CLOCK_SYS_EnablePortClock
 .text.CLOCK_SYS_EnableSpiClock
                0x0000ae90       0x48 C:/dev/Freescale/KSDK_1.3.0/lib/ksdk_platform_lib/armgcc/K22F51212/debug/libksdk_platform.a(fsl_clock_MK22F51212.c.obj)
                0x0000ae90                CLOCK_SYS_EnableSpiClock
 .text.CLOCK_SYS_EnableI2cClock
                0x0000aed8       0x48 C:/dev/Freescale/KSDK_1.3.0/lib/ksdk_platform_lib/armgcc/K22F51212/debug/libksdk_platform.a(fsl_clock_MK22F51212.c.obj)
                0x0000aed8                CLOCK_SYS_EnableI2cClock
 .text.CLOCK_SYS_EnableUartClock
                0x0000af20       0x48 C:/dev/Freescale/KSDK_1.3.0/lib/ksdk_platform_lib/armgcc/K22F51212/debug/libksdk_platform.a(fsl_clock_MK22F51212.c.obj)
                0x0000af20                CLOCK_SYS_EnableUartClock
 .text.INT_SYS_EnableIRQGlobal
                0x0000af68       0x30 C:/dev/Freescale/KSDK_1.3.0/lib/ksdk_platform_lib/armgcc/K22F51212/debug/libksdk_platform.a(fsl_interrupt_manager.c.obj)
                0x0000af68                INT_SYS_EnableIRQGlobal
 .text.INT_SYS_DisableIRQGlobal
                0x0000af98       0x1c C:/dev/Freescale/KSDK_1.3.0/lib/ksdk_platform_lib/armgcc/K22F51212/debug/libksdk_platform.a(fsl_interrupt_manager.c.obj)
                0x0000af98                INT_SYS_DisableIRQGlobal
 .text.NVIC_EnableIRQ
                0x0000afb4       0x30 C:/dev/Freescale/KSDK_1.3.0/lib/ksdk_platform_lib/armgcc/K22F51212/debug/libksdk_platform.a(fsl_dspi_master_driver.c.obj)
 .text.DSPI_HAL_Enable
                0x0000afe4       0x24 C:/dev/Freescale/KSDK_1.3.0/lib/ksdk_platform_lib/armgcc/K22F51212/debug/libksdk_platform.a(fsl_dspi_master_driver.c.obj)
 .text.DSPI_HAL_SetMasterSlaveMode
                0x0000b008       0x28 C:/dev/Freescale/KSDK_1.3.0/lib/ksdk_platform_lib/armgcc/K22F51212/debug/libksdk_platform.a(fsl_dspi_master_driver.c.obj)
 .text.DSPI_HAL_SetContinuousSckCmd
                0x0000b030       0x28 C:/dev/Freescale/KSDK_1.3.0/lib/ksdk_platform_lib/armgcc/K22F51212/debug/libksdk_platform.a(fsl_dspi_master_driver.c.obj)
 .text.DSPI_HAL_StartTransfer
                0x0000b058       0x20 C:/dev/Freescale/KSDK_1.3.0/lib/ksdk_platform_lib/armgcc/K22F51212/debug/libksdk_platform.a(fsl_dspi_master_driver.c.obj)
 .text.DSPI_HAL_StopTransfer
                0x0000b078       0x20 C:/dev/Freescale/KSDK_1.3.0/lib/ksdk_platform_lib/armgcc/K22F51212/debug/libksdk_platform.a(fsl_dspi_master_driver.c.obj)
 .text.DSPI_HAL_GetStatusFlag
                0x0000b098       0x30 C:/dev/Freescale/KSDK_1.3.0/lib/ksdk_platform_lib/armgcc/K22F51212/debug/libksdk_platform.a(fsl_dspi_master_driver.c.obj)
 .text.DSPI_HAL_ClearStatusFlag
                0x0000b0c8       0x20 C:/dev/Freescale/KSDK_1.3.0/lib/ksdk_platform_lib/armgcc/K22F51212/debug/libksdk_platform.a(fsl_dspi_master_driver.c.obj)
 .text.DSPI_HAL_WriteCmdDataMastermode
                0x0000b0e8       0x1c C:/dev/Freescale/KSDK_1.3.0/lib/ksdk_platform_lib/armgcc/K22F51212/debug/libksdk_platform.a(fsl_dspi_master_driver.c.obj)
 .text.DSPI_HAL_GetTransferCount
                0x0000b104       0x1c C:/dev/Freescale/KSDK_1.3.0/lib/ksdk_platform_lib/armgcc/K22F51212/debug/libksdk_platform.a(fsl_dspi_master_driver.c.obj)
 .text.DSPI_HAL_PresetTransferCount
                0x0000b120       0x28 C:/dev/Freescale/KSDK_1.3.0/lib/ksdk_platform_lib/armgcc/K22F51212/debug/libksdk_platform.a(fsl_dspi_master_driver.c.obj)
 .text.CLOCK_SYS_GetSpiFreq
                0x0000b148       0x18 C:/dev/Freescale/KSDK_1.3.0/lib/ksdk_platform_lib/armgcc/K22F51212/debug/libksdk_platform.a(fsl_dspi_master_driver.c.obj)
 .text.INT_SYS_EnableIRQ
                0x0000b160       0x54 C:/dev/Freescale/KSDK_1.3.0/lib/ksdk_platform_lib/armgcc/K22F51212/debug/libksdk_platform.a(fsl_dspi_master_driver.c.obj)
 .text.DSPI_DRV_MasterInit
                0x0000b1b4       0xe4 C:/dev/Freescale/KSDK_1.3.0/lib/ksdk_platform_lib/armgcc/K22F51212/debug/libksdk_platform.a(fsl_dspi_master_driver.c.obj)
                0x0000b1b4                DSPI_DRV_MasterInit
 .text.DSPI_DRV_MasterConfigureBus
                0x0000b298       0x8c C:/dev/Freescale/KSDK_1.3.0/lib/ksdk_platform_lib/armgcc/K22F51212/debug/libksdk_platform.a(fsl_dspi_master_driver.c.obj)
                0x0000b298                DSPI_DRV_MasterConfigureBus
 .text.DSPI_DRV_MasterTransfer
                0x0000b324       0x64 C:/dev/Freescale/KSDK_1.3.0/lib/ksdk_platform_lib/armgcc/K22F51212/debug/libksdk_platform.a(fsl_dspi_master_driver.c.obj)
                0x0000b324                DSPI_DRV_MasterTransfer
 .text.DSPI_DRV_MasterGetTransferStatus
                0x0000b388       0x50 C:/dev/Freescale/KSDK_1.3.0/lib/ksdk_platform_lib/armgcc/K22F51212/debug/libksdk_platform.a(fsl_dspi_master_driver.c.obj)
                0x0000b388                DSPI_DRV_MasterGetTransferStatus
 .text.DSPI_DRV_MasterStartTransfer
                0x0000b3d8       0xf8 C:/dev/Freescale/KSDK_1.3.0/lib/ksdk_platform_lib/armgcc/K22F51212/debug/libksdk_platform.a(fsl_dspi_master_driver.c.obj)
 .text.DSPI_DRV_MasterFillupTxFifo
                0x0000b4d0      0x1e8 C:/dev/Freescale/KSDK_1.3.0/lib/ksdk_platform_lib/armgcc/K22F51212/debug/libksdk_platform.a(fsl_dspi_master_driver.c.obj)
 .text.NVIC_EnableIRQ
                0x0000b6b8       0x30 C:/dev/Freescale/KSDK_1.3.0/lib/ksdk_platform_lib/armgcc/K22F51212/debug/libksdk_platform.a(fsl_dspi_slave_driver.c.obj)
 .text.DSPI_HAL_Enable
                0x0000b6e8       0x24 C:/dev/Freescale/KSDK_1.3.0/lib/ksdk_platform_lib/armgcc/K22F51212/debug/libksdk_platform.a(fsl_dspi_slave_driver.c.obj)
 .text.DSPI_HAL_SetMasterSlaveMode
                0x0000b70c       0x28 C:/dev/Freescale/KSDK_1.3.0/lib/ksdk_platform_lib/armgcc/K22F51212/debug/libksdk_platform.a(fsl_dspi_slave_driver.c.obj)
 .text.DSPI_HAL_StartTransfer
                0x0000b734       0x20 C:/dev/Freescale/KSDK_1.3.0/lib/ksdk_platform_lib/armgcc/K22F51212/debug/libksdk_platform.a(fsl_dspi_slave_driver.c.obj)
 .text.DSPI_HAL_StopTransfer
                0x0000b754       0x20 C:/dev/Freescale/KSDK_1.3.0/lib/ksdk_platform_lib/armgcc/K22F51212/debug/libksdk_platform.a(fsl_dspi_slave_driver.c.obj)
 .text.DSPI_HAL_GetStatusFlag
                0x0000b774       0x30 C:/dev/Freescale/KSDK_1.3.0/lib/ksdk_platform_lib/armgcc/K22F51212/debug/libksdk_platform.a(fsl_dspi_slave_driver.c.obj)
 .text.DSPI_HAL_ClearStatusFlag
                0x0000b7a4       0x20 C:/dev/Freescale/KSDK_1.3.0/lib/ksdk_platform_lib/armgcc/K22F51212/debug/libksdk_platform.a(fsl_dspi_slave_driver.c.obj)
 .text.DSPI_HAL_WriteDataSlavemode
                0x0000b7c4       0x1c C:/dev/Freescale/KSDK_1.3.0/lib/ksdk_platform_lib/armgcc/K22F51212/debug/libksdk_platform.a(fsl_dspi_slave_driver.c.obj)
 .text.DSPI_HAL_GetTransferCount
                0x0000b7e0       0x1c C:/dev/Freescale/KSDK_1.3.0/lib/ksdk_platform_lib/armgcc/K22F51212/debug/libksdk_platform.a(fsl_dspi_slave_driver.c.obj)
 .text.DSPI_HAL_PresetTransferCount
                0x0000b7fc       0x28 C:/dev/Freescale/KSDK_1.3.0/lib/ksdk_platform_lib/armgcc/K22F51212/debug/libksdk_platform.a(fsl_dspi_slave_driver.c.obj)
 .text.INT_SYS_EnableIRQ
                0x0000b824       0x54 C:/dev/Freescale/KSDK_1.3.0/lib/ksdk_platform_lib/armgcc/K22F51212/debug/libksdk_platform.a(fsl_dspi_slave_driver.c.obj)
 .text.DSPI_DRV_SlaveInit
                0x0000b878      0x128 C:/dev/Freescale/KSDK_1.3.0/lib/ksdk_platform_lib/armgcc/K22F51212/debug/libksdk_platform.a(fsl_dspi_slave_driver.c.obj)
                0x0000b878                DSPI_DRV_SlaveInit
 .text.DSPI_DRV_SlaveFillUpTxFifo
                0x0000b9a0      0x11c C:/dev/Freescale/KSDK_1.3.0/lib/ksdk_platform_lib/armgcc/K22F51212/debug/libksdk_platform.a(fsl_dspi_slave_driver.c.obj)
 .text.DSPI_DRV_SlaveStartTransfer
                0x0000babc       0xd4 C:/dev/Freescale/KSDK_1.3.0/lib/ksdk_platform_lib/armgcc/K22F51212/debug/libksdk_platform.a(fsl_dspi_slave_driver.c.obj)
 .text.DSPI_DRV_SlaveTransfer
                0x0000bb90       0x9c C:/dev/Freescale/KSDK_1.3.0/lib/ksdk_platform_lib/armgcc/K22F51212/debug/libksdk_platform.a(fsl_dspi_slave_driver.c.obj)
                0x0000bb90                DSPI_DRV_SlaveTransfer
 .text.DSPI_DRV_SlaveGetTransferStatus
                0x0000bc2c       0x54 C:/dev/Freescale/KSDK_1.3.0/lib/ksdk_platform_lib/armgcc/K22F51212/debug/libksdk_platform.a(fsl_dspi_slave_driver.c.obj)
                0x0000bc2c                DSPI_DRV_SlaveGetTransferStatus
 .text.GPIO_HAL_SetPinDir
                0x0000bc80       0x60 C:/dev/Freescale/KSDK_1.3.0/lib/ksdk_platform_lib/armgcc/K22F51212/debug/libksdk_platform.a(fsl_gpio_hal.c.obj)
                0x0000bc80                GPIO_HAL_SetPinDir
 .text.GPIO_HAL_WritePinOutput
                0x0000bce0       0x4c C:/dev/Freescale/KSDK_1.3.0/lib/ksdk_platform_lib/armgcc/K22F51212/debug/libksdk_platform.a(fsl_gpio_hal.c.obj)
                0x0000bce0                GPIO_HAL_WritePinOutput
 .text.I2C_HAL_Init
                0x0000bd2c       0x54 C:/dev/Freescale/KSDK_1.3.0/lib/ksdk_platform_lib/armgcc/K22F51212/debug/libksdk_platform.a(fsl_i2c_hal.c.obj)
                0x0000bd2c                I2C_HAL_Init
 .text.I2C_HAL_SetBaudRate
                0x0000bd80       0xe4 C:/dev/Freescale/KSDK_1.3.0/lib/ksdk_platform_lib/armgcc/K22F51212/debug/libksdk_platform.a(fsl_i2c_hal.c.obj)
                0x0000bd80                I2C_HAL_SetBaudRate
 .text.LPUART_HAL_Init
                0x0000be64       0x4c C:/dev/Freescale/KSDK_1.3.0/lib/ksdk_platform_lib/armgcc/K22F51212/debug/libksdk_platform.a(fsl_lpuart_hal.c.obj)
                0x0000be64                LPUART_HAL_Init
 .text.LPUART_HAL_SetBaudRate
                0x0000beb0      0x138 C:/dev/Freescale/KSDK_1.3.0/lib/ksdk_platform_lib/armgcc/K22F51212/debug/libksdk_platform.a(fsl_lpuart_hal.c.obj)
                0x0000beb0                LPUART_HAL_SetBaudRate
 .text.LPUART_HAL_SetBitCountPerChar
                0x0000bfe8       0x50 C:/dev/Freescale/KSDK_1.3.0/lib/ksdk_platform_lib/armgcc/K22F51212/debug/libksdk_platform.a(fsl_lpuart_hal.c.obj)
                0x0000bfe8                LPUART_HAL_SetBitCountPerChar
 .text.LPUART_HAL_SetParityMode
                0x0000c038       0x40 C:/dev/Freescale/KSDK_1.3.0/lib/ksdk_platform_lib/armgcc/K22F51212/debug/libksdk_platform.a(fsl_lpuart_hal.c.obj)
                0x0000c038                LPUART_HAL_SetParityMode
 .text.LPUART_HAL_SetIntMode
                0x0000c078      0x128 C:/dev/Freescale/KSDK_1.3.0/lib/ksdk_platform_lib/armgcc/K22F51212/debug/libksdk_platform.a(fsl_lpuart_hal.c.obj)
                0x0000c078                LPUART_HAL_SetIntMode
 .text.LPUART_HAL_GetStatusFlag
                0x0000c1a0       0xe4 C:/dev/Freescale/KSDK_1.3.0/lib/ksdk_platform_lib/armgcc/K22F51212/debug/libksdk_platform.a(fsl_lpuart_hal.c.obj)
                0x0000c1a0                LPUART_HAL_GetStatusFlag
 .text.LPUART_HAL_ClearStatusFlag
                0x0000c284       0xf8 C:/dev/Freescale/KSDK_1.3.0/lib/ksdk_platform_lib/armgcc/K22F51212/debug/libksdk_platform.a(fsl_lpuart_hal.c.obj)
                0x0000c284                LPUART_HAL_ClearStatusFlag
 .text.CLOCK_HAL_GetClkOutStat
                0x0000c37c       0x24 C:/dev/Freescale/KSDK_1.3.0/lib/ksdk_platform_lib/armgcc/K22F51212/debug/libksdk_platform.a(fsl_mcg_hal.c.obj)
 .text.CLOCK_HAL_SetInternalRefClkMode
                0x0000c3a0       0x28 C:/dev/Freescale/KSDK_1.3.0/lib/ksdk_platform_lib/armgcc/K22F51212/debug/libksdk_platform.a(fsl_mcg_hal.c.obj)
 .text.CLOCK_HAL_GetInternalRefClkMode
                0x0000c3c8       0x24 C:/dev/Freescale/KSDK_1.3.0/lib/ksdk_platform_lib/armgcc/K22F51212/debug/libksdk_platform.a(fsl_mcg_hal.c.obj)
 .text.CLOCK_HAL_IsPll0Locked
                0x0000c3ec       0x30 C:/dev/Freescale/KSDK_1.3.0/lib/ksdk_platform_lib/armgcc/K22F51212/debug/libksdk_platform.a(fsl_mcg_hal.c.obj)
 .text.CLOCK_HAL_IsPllSelected
                0x0000c41c       0x30 C:/dev/Freescale/KSDK_1.3.0/lib/ksdk_platform_lib/armgcc/K22F51212/debug/libksdk_platform.a(fsl_mcg_hal.c.obj)
 .text.CLOCK_HAL_IsOsc0Stable
                0x0000c44c       0x30 C:/dev/Freescale/KSDK_1.3.0/lib/ksdk_platform_lib/armgcc/K22F51212/debug/libksdk_platform.a(fsl_mcg_hal.c.obj)
 .text.CLOCK_HAL_TestOscFreq
                0x0000c47c       0x50 C:/dev/Freescale/KSDK_1.3.0/lib/ksdk_platform_lib/armgcc/K22F51212/debug/libksdk_platform.a(fsl_mcg_hal.c.obj)
                0x0000c47c                CLOCK_HAL_TestOscFreq
 .text.CLOCK_HAL_PrepareOsc
                0x0000c4cc       0x5c C:/dev/Freescale/KSDK_1.3.0/lib/ksdk_platform_lib/armgcc/K22F51212/debug/libksdk_platform.a(fsl_mcg_hal.c.obj)
                0x0000c4cc                CLOCK_HAL_PrepareOsc
 .text.CLOCK_HAL_GetMcgExternalClkFreq
                0x0000c528       0x28 C:/dev/Freescale/KSDK_1.3.0/lib/ksdk_platform_lib/armgcc/K22F51212/debug/libksdk_platform.a(fsl_mcg_hal.c.obj)
 .text.CLOCK_HAL_TestFllExternalRefFreq
                0x0000c550       0x98 C:/dev/Freescale/KSDK_1.3.0/lib/ksdk_platform_lib/armgcc/K22F51212/debug/libksdk_platform.a(fsl_mcg_hal.c.obj)
                0x0000c550                CLOCK_HAL_TestFllExternalRefFreq
 .text.CLOCK_HAL_GetFllRefClk
                0x0000c5e8       0x74 C:/dev/Freescale/KSDK_1.3.0/lib/ksdk_platform_lib/armgcc/K22F51212/debug/libksdk_platform.a(fsl_mcg_hal.c.obj)
                0x0000c5e8                CLOCK_HAL_GetFllRefClk
 .text.CLOCK_HAL_TestFllFreq
                0x0000c65c       0x68 C:/dev/Freescale/KSDK_1.3.0/lib/ksdk_platform_lib/armgcc/K22F51212/debug/libksdk_platform.a(fsl_mcg_hal.c.obj)
                0x0000c65c                CLOCK_HAL_TestFllFreq
 .text.CLOCK_HAL_GetFllClk
                0x0000c6c4       0x60 C:/dev/Freescale/KSDK_1.3.0/lib/ksdk_platform_lib/armgcc/K22F51212/debug/libksdk_platform.a(fsl_mcg_hal.c.obj)
                0x0000c6c4                CLOCK_HAL_GetFllClk
 .text.CLOCK_HAL_UpdateFastClkInternalRefDiv
                0x0000c724       0xa4 C:/dev/Freescale/KSDK_1.3.0/lib/ksdk_platform_lib/armgcc/K22F51212/debug/libksdk_platform.a(fsl_mcg_hal.c.obj)
                0x0000c724                CLOCK_HAL_UpdateFastClkInternalRefDiv
 .text.CLOCK_HAL_GetPll0RefFreq
                0x0000c7c8       0x18 C:/dev/Freescale/KSDK_1.3.0/lib/ksdk_platform_lib/armgcc/K22F51212/debug/libksdk_platform.a(fsl_mcg_hal.c.obj)
                0x0000c7c8                CLOCK_HAL_GetPll0RefFreq
 .text.CLOCK_HAL_GetPll0Clk
                0x0000c7e0       0x7c C:/dev/Freescale/KSDK_1.3.0/lib/ksdk_platform_lib/armgcc/K22F51212/debug/libksdk_platform.a(fsl_mcg_hal.c.obj)
                0x0000c7e0                CLOCK_HAL_GetPll0Clk
 .text.CLOCK_HAL_EnablePll0InFllMode
                0x0000c85c       0x84 C:/dev/Freescale/KSDK_1.3.0/lib/ksdk_platform_lib/armgcc/K22F51212/debug/libksdk_platform.a(fsl_mcg_hal.c.obj)
                0x0000c85c                CLOCK_HAL_EnablePll0InFllMode
 .text.CLOCK_HAL_GetInternalRefClk
                0x0000c8e0       0x64 C:/dev/Freescale/KSDK_1.3.0/lib/ksdk_platform_lib/armgcc/K22F51212/debug/libksdk_platform.a(fsl_mcg_hal.c.obj)
                0x0000c8e0                CLOCK_HAL_GetInternalRefClk
 .text.CLOCK_HAL_GetOutClk
                0x0000c944       0x68 C:/dev/Freescale/KSDK_1.3.0/lib/ksdk_platform_lib/armgcc/K22F51212/debug/libksdk_platform.a(fsl_mcg_hal.c.obj)
                0x0000c944                CLOCK_HAL_GetOutClk
 .text.CLOCK_HAL_SetOsc0Mode
                0x0000c9ac       0x64 C:/dev/Freescale/KSDK_1.3.0/lib/ksdk_platform_lib/armgcc/K22F51212/debug/libksdk_platform.a(fsl_mcg_hal.c.obj)
                0x0000c9ac                CLOCK_HAL_SetOsc0Mode
 .text.CLOCK_HAL_GetClkOutStat
                0x0000ca10       0x24 C:/dev/Freescale/KSDK_1.3.0/lib/ksdk_platform_lib/armgcc/K22F51212/debug/libksdk_platform.a(fsl_mcg_hal_modes.c.obj)
 .text.CLOCK_HAL_GetFllSrc
                0x0000ca34       0x24 C:/dev/Freescale/KSDK_1.3.0/lib/ksdk_platform_lib/armgcc/K22F51212/debug/libksdk_platform.a(fsl_mcg_hal_modes.c.obj)
 .text.CLOCK_HAL_GetInternalRefClkMode
                0x0000ca58       0x24 C:/dev/Freescale/KSDK_1.3.0/lib/ksdk_platform_lib/armgcc/K22F51212/debug/libksdk_platform.a(fsl_mcg_hal_modes.c.obj)
 .text.CLOCK_HAL_SetPll0EnableCmd
                0x0000ca7c       0x28 C:/dev/Freescale/KSDK_1.3.0/lib/ksdk_platform_lib/armgcc/K22F51212/debug/libksdk_platform.a(fsl_mcg_hal_modes.c.obj)
 .text.CLOCK_HAL_IsPll0Locked
                0x0000caa4       0x30 C:/dev/Freescale/KSDK_1.3.0/lib/ksdk_platform_lib/armgcc/K22F51212/debug/libksdk_platform.a(fsl_mcg_hal_modes.c.obj)
 .text.CLOCK_HAL_IsPllSelected
                0x0000cad4       0x30 C:/dev/Freescale/KSDK_1.3.0/lib/ksdk_platform_lib/armgcc/K22F51212/debug/libksdk_platform.a(fsl_mcg_hal_modes.c.obj)
 .text.CLOCK_HAL_IsOsc0Stable
                0x0000cb04       0x30 C:/dev/Freescale/KSDK_1.3.0/lib/ksdk_platform_lib/armgcc/K22F51212/debug/libksdk_platform.a(fsl_mcg_hal_modes.c.obj)
 .text.CLOCK_HAL_GetMcgMode
                0x0000cb34       0xe4 C:/dev/Freescale/KSDK_1.3.0/lib/ksdk_platform_lib/armgcc/K22F51212/debug/libksdk_platform.a(fsl_mcg_hal_modes.c.obj)
                0x0000cb34                CLOCK_HAL_GetMcgMode
 .text.CLOCK_HAL_SetFeiMode
                0x0000cc18       0xcc C:/dev/Freescale/KSDK_1.3.0/lib/ksdk_platform_lib/armgcc/K22F51212/debug/libksdk_platform.a(fsl_mcg_hal_modes.c.obj)
                0x0000cc18                CLOCK_HAL_SetFeiMode
 .text.CLOCK_HAL_SetFeeMode
                0x0000cce4      0x124 C:/dev/Freescale/KSDK_1.3.0/lib/ksdk_platform_lib/armgcc/K22F51212/debug/libksdk_platform.a(fsl_mcg_hal_modes.c.obj)
                0x0000cce4                CLOCK_HAL_SetFeeMode
 .text.CLOCK_HAL_SetFbiMode
                0x0000ce08      0x114 C:/dev/Freescale/KSDK_1.3.0/lib/ksdk_platform_lib/armgcc/K22F51212/debug/libksdk_platform.a(fsl_mcg_hal_modes.c.obj)
                0x0000ce08                CLOCK_HAL_SetFbiMode
 .text.CLOCK_HAL_SetFbeMode
                0x0000cf1c      0x158 C:/dev/Freescale/KSDK_1.3.0/lib/ksdk_platform_lib/armgcc/K22F51212/debug/libksdk_platform.a(fsl_mcg_hal_modes.c.obj)
                0x0000cf1c                CLOCK_HAL_SetFbeMode
 .text.CLOCK_HAL_SetBlpiMode
                0x0000d074       0x60 C:/dev/Freescale/KSDK_1.3.0/lib/ksdk_platform_lib/armgcc/K22F51212/debug/libksdk_platform.a(fsl_mcg_hal_modes.c.obj)
                0x0000d074                CLOCK_HAL_SetBlpiMode
 .text.CLOCK_HAL_SetBlpeMode
                0x0000d0d4       0x30 C:/dev/Freescale/KSDK_1.3.0/lib/ksdk_platform_lib/armgcc/K22F51212/debug/libksdk_platform.a(fsl_mcg_hal_modes.c.obj)
                0x0000d0d4                CLOCK_HAL_SetBlpeMode
 .text.CLOCK_HAL_SetPbeMode
                0x0000d104       0xf8 C:/dev/Freescale/KSDK_1.3.0/lib/ksdk_platform_lib/armgcc/K22F51212/debug/libksdk_platform.a(fsl_mcg_hal_modes.c.obj)
                0x0000d104                CLOCK_HAL_SetPbeMode
 .text.CLOCK_HAL_SetPeeMode
                0x0000d1fc       0x30 C:/dev/Freescale/KSDK_1.3.0/lib/ksdk_platform_lib/armgcc/K22F51212/debug/libksdk_platform.a(fsl_mcg_hal_modes.c.obj)
                0x0000d1fc                CLOCK_HAL_SetPeeMode
 .text.OSC_HAL_SetCapacitor
                0x0000d22c       0x2c C:/dev/Freescale/KSDK_1.3.0/lib/ksdk_platform_lib/armgcc/K22F51212/debug/libksdk_platform.a(fsl_osc_hal.c.obj)
                0x0000d22c                OSC_HAL_SetCapacitor
 .text.RTC_HAL_GetSecsReg
                0x0000d258       0x18 C:/dev/Freescale/KSDK_1.3.0/lib/ksdk_platform_lib/armgcc/K22F51212/debug/libksdk_platform.a(fsl_rtc_hal.c.obj)
 .text.RTC_HAL_SetSecsReg
                0x0000d270       0x28 C:/dev/Freescale/KSDK_1.3.0/lib/ksdk_platform_lib/armgcc/K22F51212/debug/libksdk_platform.a(fsl_rtc_hal.c.obj)
 .text.RTC_HAL_SoftwareReset
                0x0000d298       0x24 C:/dev/Freescale/KSDK_1.3.0/lib/ksdk_platform_lib/armgcc/K22F51212/debug/libksdk_platform.a(fsl_rtc_hal.c.obj)
 .text.RTC_HAL_SoftwareResetFlagClear
                0x0000d2bc       0x24 C:/dev/Freescale/KSDK_1.3.0/lib/ksdk_platform_lib/armgcc/K22F51212/debug/libksdk_platform.a(fsl_rtc_hal.c.obj)
 .text.RTC_HAL_SetSecsIntCmd
                0x0000d2e0       0x28 C:/dev/Freescale/KSDK_1.3.0/lib/ksdk_platform_lib/armgcc/K22F51212/debug/libksdk_platform.a(fsl_rtc_hal.c.obj)
 .text.RTC_HAL_SetAlarmIntCmd
                0x0000d308       0x28 C:/dev/Freescale/KSDK_1.3.0/lib/ksdk_platform_lib/armgcc/K22F51212/debug/libksdk_platform.a(fsl_rtc_hal.c.obj)
 .text.RTC_HAL_SetTimeOverflowIntCmd
                0x0000d330       0x28 C:/dev/Freescale/KSDK_1.3.0/lib/ksdk_platform_lib/armgcc/K22F51212/debug/libksdk_platform.a(fsl_rtc_hal.c.obj)
 .text.RTC_HAL_SetTimeInvalidIntCmd
                0x0000d358       0x28 C:/dev/Freescale/KSDK_1.3.0/lib/ksdk_platform_lib/armgcc/K22F51212/debug/libksdk_platform.a(fsl_rtc_hal.c.obj)
 .text.RTC_HAL_ConvertDatetimeToSecs
                0x0000d380       0xc4 C:/dev/Freescale/KSDK_1.3.0/lib/ksdk_platform_lib/armgcc/K22F51212/debug/libksdk_platform.a(fsl_rtc_hal.c.obj)
                0x0000d380                RTC_HAL_ConvertDatetimeToSecs
 .text.RTC_HAL_Init
                0x0000d444       0x54 C:/dev/Freescale/KSDK_1.3.0/lib/ksdk_platform_lib/armgcc/K22F51212/debug/libksdk_platform.a(fsl_rtc_hal.c.obj)
                0x0000d444                RTC_HAL_Init
 .text.RTC_HAL_GetDatetimeInSecs
                0x0000d498       0x3c C:/dev/Freescale/KSDK_1.3.0/lib/ksdk_platform_lib/armgcc/K22F51212/debug/libksdk_platform.a(fsl_rtc_hal.c.obj)
                0x0000d498                RTC_HAL_GetDatetimeInSecs
 .text.CLOCK_HAL_SetOutDiv
                0x0000d4d4       0x68 C:/dev/Freescale/KSDK_1.3.0/lib/ksdk_platform_lib/armgcc/K22F51212/debug/libksdk_platform.a(fsl_sim_hal_MK22F51212.c.obj)
                0x0000d4d4                CLOCK_HAL_SetOutDiv
 .text.UART_HAL_Init
                0x0000d53c       0x74 C:/dev/Freescale/KSDK_1.3.0/lib/ksdk_platform_lib/armgcc/K22F51212/debug/libksdk_platform.a(fsl_uart_hal.c.obj)
                0x0000d53c                UART_HAL_Init
 .text.UART_HAL_SetBaudRate
                0x0000d5b0       0xa0 C:/dev/Freescale/KSDK_1.3.0/lib/ksdk_platform_lib/armgcc/K22F51212/debug/libksdk_platform.a(fsl_uart_hal.c.obj)
                0x0000d5b0                UART_HAL_SetBaudRate
 .text.UART_HAL_SetParityMode
                0x0000d650       0x44 C:/dev/Freescale/KSDK_1.3.0/lib/ksdk_platform_lib/armgcc/K22F51212/debug/libksdk_platform.a(fsl_uart_hal.c.obj)
                0x0000d650                UART_HAL_SetParityMode
 .text.UART_HAL_Putchar
                0x0000d694       0x28 C:/dev/Freescale/KSDK_1.3.0/lib/ksdk_platform_lib/armgcc/K22F51212/debug/libksdk_platform.a(fsl_uart_hal.c.obj)
                0x0000d694                UART_HAL_Putchar
 .text.UART_HAL_Getchar
                0x0000d6bc       0x2c C:/dev/Freescale/KSDK_1.3.0/lib/ksdk_platform_lib/armgcc/K22F51212/debug/libksdk_platform.a(fsl_uart_hal.c.obj)
                0x0000d6bc                UART_HAL_Getchar
 .text.UART_HAL_SetIntMode
                0x0000d6e8      0x114 C:/dev/Freescale/KSDK_1.3.0/lib/ksdk_platform_lib/armgcc/K22F51212/debug/libksdk_platform.a(fsl_uart_hal.c.obj)
                0x0000d6e8                UART_HAL_SetIntMode
 .text.UART_HAL_GetStatusFlag
                0x0000d7fc       0xb8 C:/dev/Freescale/KSDK_1.3.0/lib/ksdk_platform_lib/armgcc/K22F51212/debug/libksdk_platform.a(fsl_uart_hal.c.obj)
                0x0000d7fc                UART_HAL_GetStatusFlag
 .text.OSA_SemaCreate
                0x0000d8b4       0x4c C:/dev/Freescale/KSDK_1.3.0/lib/ksdk_platform_lib/armgcc/K22F51212/debug/libksdk_platform.a(fsl_os_abstraction_bm.c.obj)
                0x0000d8b4                OSA_SemaCreate
 .text.OSA_EventCreate
                0x0000d900       0x54 C:/dev/Freescale/KSDK_1.3.0/lib/ksdk_platform_lib/armgcc/K22F51212/debug/libksdk_platform.a(fsl_os_abstraction_bm.c.obj)
                0x0000d900                OSA_EventCreate
 .text.DSPI_HAL_Enable
                0x0000d954       0x24 C:/dev/Freescale/KSDK_1.3.0/lib/ksdk_platform_lib/armgcc/K22F51212/debug/libksdk_platform.a(fsl_dspi_hal.c.obj)
 .text.DSPI_HAL_Disable
                0x0000d978       0x24 C:/dev/Freescale/KSDK_1.3.0/lib/ksdk_platform_lib/armgcc/K22F51212/debug/libksdk_platform.a(fsl_dspi_hal.c.obj)
 .text.DSPI_HAL_IsMaster
                0x0000d99c       0x1c C:/dev/Freescale/KSDK_1.3.0/lib/ksdk_platform_lib/armgcc/K22F51212/debug/libksdk_platform.a(fsl_dspi_hal.c.obj)
 .text.DSPI_HAL_Init
                0x0000d9b8       0x84 C:/dev/Freescale/KSDK_1.3.0/lib/ksdk_platform_lib/armgcc/K22F51212/debug/libksdk_platform.a(fsl_dspi_hal.c.obj)
                0x0000d9b8                DSPI_HAL_Init
 .text.DSPI_HAL_SetBaudRate
                0x0000da3c      0x150 C:/dev/Freescale/KSDK_1.3.0/lib/ksdk_platform_lib/armgcc/K22F51212/debug/libksdk_platform.a(fsl_dspi_hal.c.obj)
                0x0000da3c                DSPI_HAL_SetBaudRate
 .text.DSPI_HAL_SetPcsPolarityMode
                0x0000db8c       0x58 C:/dev/Freescale/KSDK_1.3.0/lib/ksdk_platform_lib/armgcc/K22F51212/debug/libksdk_platform.a(fsl_dspi_hal.c.obj)
                0x0000db8c                DSPI_HAL_SetPcsPolarityMode
 .text.DSPI_HAL_SetFifoCmd
                0x0000dbe4       0x68 C:/dev/Freescale/KSDK_1.3.0/lib/ksdk_platform_lib/armgcc/K22F51212/debug/libksdk_platform.a(fsl_dspi_hal.c.obj)
                0x0000dbe4                DSPI_HAL_SetFifoCmd
 .text.DSPI_HAL_SetFlushFifoCmd
                0x0000dc4c       0x3c C:/dev/Freescale/KSDK_1.3.0/lib/ksdk_platform_lib/armgcc/K22F51212/debug/libksdk_platform.a(fsl_dspi_hal.c.obj)
                0x0000dc4c                DSPI_HAL_SetFlushFifoCmd
 .text.DSPI_HAL_SetDataFormat
                0x0000dc88      0x130 C:/dev/Freescale/KSDK_1.3.0/lib/ksdk_platform_lib/armgcc/K22F51212/debug/libksdk_platform.a(fsl_dspi_hal.c.obj)
                0x0000dc88                DSPI_HAL_SetDataFormat
 .text.DSPI_HAL_SetDelay
                0x0000ddb8      0x114 C:/dev/Freescale/KSDK_1.3.0/lib/ksdk_platform_lib/armgcc/K22F51212/debug/libksdk_platform.a(fsl_dspi_hal.c.obj)
                0x0000ddb8                DSPI_HAL_SetDelay
 .text.DSPI_HAL_SetRxFifoDrainDmaIntMode
                0x0000decc       0x40 C:/dev/Freescale/KSDK_1.3.0/lib/ksdk_platform_lib/armgcc/K22F51212/debug/libksdk_platform.a(fsl_dspi_hal.c.obj)
                0x0000decc                DSPI_HAL_SetRxFifoDrainDmaIntMode
 .text.DSPI_HAL_SetIntMode
                0x0000df0c       0x3c C:/dev/Freescale/KSDK_1.3.0/lib/ksdk_platform_lib/armgcc/K22F51212/debug/libksdk_platform.a(fsl_dspi_hal.c.obj)
                0x0000df0c                DSPI_HAL_SetIntMode
 .text.DSPI_HAL_GetFormattedCommand
                0x0000df48       0x40 C:/dev/Freescale/KSDK_1.3.0/lib/ksdk_platform_lib/armgcc/K22F51212/debug/libksdk_platform.a(fsl_dspi_hal.c.obj)
                0x0000df48                DSPI_HAL_GetFormattedCommand
 .text.ceil     0x0000df88      0x118 c:/dev/tools/gnu tools arm embedded/4.9 2015q2/bin/../lib/gcc/arm-none-eabi/4.9.3/../../../../arm-none-eabi/lib/armv7e-m/fpu\libm.a(lib_a-s_ceil.o)
                0x0000df88                ceil
 .text.floor    0x0000e0a0      0x120 c:/dev/tools/gnu tools arm embedded/4.9 2015q2/bin/../lib/gcc/arm-none-eabi/4.9.3/../../../../arm-none-eabi/lib/armv7e-m/fpu\libm.a(lib_a-s_floor.o)
                0x0000e0a0                floor
 .text.round    0x0000e1c0       0xa8 c:/dev/tools/gnu tools arm embedded/4.9 2015q2/bin/../lib/gcc/arm-none-eabi/4.9.3/../../../../arm-none-eabi/lib/armv7e-m/fpu\libm.a(lib_a-s_round.o)
                0x0000e1c0                round
 .text.__assert_func
                0x0000e268       0x38 c:/dev/tools/gnu tools arm embedded/4.9 2015q2/bin/../lib/gcc/arm-none-eabi/4.9.3/../../../../arm-none-eabi/lib/armv7e-m/fpu\libg_nano.a(lib_a-assert.o)
                0x0000e268                __assert_func
 .text.exit     0x0000e2a0       0x28 c:/dev/tools/gnu tools arm embedded/4.9 2015q2/bin/../lib/gcc/arm-none-eabi/4.9.3/../../../../arm-none-eabi/lib/armv7e-m/fpu\libg_nano.a(lib_a-exit.o)
                0x0000e2a0                exit
 .text.fprintf  0x0000e2c8       0x24 c:/dev/tools/gnu tools arm embedded/4.9 2015q2/bin/../lib/gcc/arm-none-eabi/4.9.3/../../../../arm-none-eabi/lib/armv7e-m/fpu\libg_nano.a(lib_a-fprintf.o)
                0x0000e2c8                fiprintf
                0x0000e2c8                fprintf
 .text.__libc_init_array
                0x0000e2ec       0x4c c:/dev/tools/gnu tools arm embedded/4.9 2015q2/bin/../lib/gcc/arm-none-eabi/4.9.3/../../../../arm-none-eabi/lib/armv7e-m/fpu\libg_nano.a(lib_a-init.o)
                0x0000e2ec                __libc_init_array
 .text.malloc   0x0000e338       0x10 c:/dev/tools/gnu tools arm embedded/4.9 2015q2/bin/../lib/gcc/arm-none-eabi/4.9.3/../../../../arm-none-eabi/lib/armv7e-m/fpu\libg_nano.a(lib_a-malloc.o)
                0x0000e338                malloc
 .text.memset   0x0000e348       0x10 c:/dev/tools/gnu tools arm embedded/4.9 2015q2/bin/../lib/gcc/arm-none-eabi/4.9.3/../../../../arm-none-eabi/lib/armv7e-m/fpu\libg_nano.a(lib_a-memset.o)
                0x0000e348                memset
 .text._free_r  0x0000e358       0x88 c:/dev/tools/gnu tools arm embedded/4.9 2015q2/bin/../lib/gcc/arm-none-eabi/4.9.3/../../../../arm-none-eabi/lib/armv7e-m/fpu\libg_nano.a(lib_a-nano-freer.o)
                0x0000e358                _free_r
 .text._malloc_r
                0x0000e3e0       0xac c:/dev/tools/gnu tools arm embedded/4.9 2015q2/bin/../lib/gcc/arm-none-eabi/4.9.3/../../../../arm-none-eabi/lib/armv7e-m/fpu\libg_nano.a(lib_a-nano-mallocr.o)
                0x0000e3e0                _malloc_r
 .text.__sfputc_r
                0x0000e48c       0x2c c:/dev/tools/gnu tools arm embedded/4.9 2015q2/bin/../lib/gcc/arm-none-eabi/4.9.3/../../../../arm-none-eabi/lib/armv7e-m/fpu\libg_nano.a(lib_a-nano-vfprintf.o)
 .text.__sfputs_r
                0x0000e4b8       0x24 c:/dev/tools/gnu tools arm embedded/4.9 2015q2/bin/../lib/gcc/arm-none-eabi/4.9.3/../../../../arm-none-eabi/lib/armv7e-m/fpu\libg_nano.a(lib_a-nano-vfprintf.o)
                0x0000e4b8                __sfputs_r
 .text._vfprintf_r
                0x0000e4dc      0x210 c:/dev/tools/gnu tools arm embedded/4.9 2015q2/bin/../lib/gcc/arm-none-eabi/4.9.3/../../../../arm-none-eabi/lib/armv7e-m/fpu\libg_nano.a(lib_a-nano-vfprintf.o)
                0x0000e4dc                _vfprintf_r
                0x0000e4dc                _vfiprintf_r
 .text._printf_common
                0x0000e6ec       0xea c:/dev/tools/gnu tools arm embedded/4.9 2015q2/bin/../lib/gcc/arm-none-eabi/4.9.3/../../../../arm-none-eabi/lib/armv7e-m/fpu\libg_nano.a(lib_a-nano-vfprintf_i.o)
                0x0000e6ec                _printf_common
 *fill*         0x0000e7d6        0x2 
 .text._printf_i
                0x0000e7d8      0x240 c:/dev/tools/gnu tools arm embedded/4.9 2015q2/bin/../lib/gcc/arm-none-eabi/4.9.3/../../../../arm-none-eabi/lib/armv7e-m/fpu\libg_nano.a(lib_a-nano-vfprintf_i.o)
                0x0000e7d8                _printf_i
 .text.srand    0x0000ea18       0x50 c:/dev/tools/gnu tools arm embedded/4.9 2015q2/bin/../lib/gcc/arm-none-eabi/4.9.3/../../../../arm-none-eabi/lib/armv7e-m/fpu\libg_nano.a(lib_a-rand.o)
                0x0000ea18                srand
 .text._sbrk_r  0x0000ea68       0x20 c:/dev/tools/gnu tools arm embedded/4.9 2015q2/bin/../lib/gcc/arm-none-eabi/4.9.3/../../../../arm-none-eabi/lib/armv7e-m/fpu\libg_nano.a(lib_a-sbrkr.o)
                0x0000ea68                _sbrk_r
 .text.__swbuf_r
                0x0000ea88       0xa8 c:/dev/tools/gnu tools arm embedded/4.9 2015q2/bin/../lib/gcc/arm-none-eabi/4.9.3/../../../../arm-none-eabi/lib/armv7e-m/fpu\libg_nano.a(lib_a-wbuf.o)
                0x0000ea88                __swbuf_r
 .text.__swsetup_r
                0x0000eb30       0xd8 c:/dev/tools/gnu tools arm embedded/4.9 2015q2/bin/../lib/gcc/arm-none-eabi/4.9.3/../../../../arm-none-eabi/lib/armv7e-m/fpu\libg_nano.a(lib_a-wsetup.o)
                0x0000eb30                __swsetup_r
 .text.abort    0x0000ec08        0xe c:/dev/tools/gnu tools arm embedded/4.9 2015q2/bin/../lib/gcc/arm-none-eabi/4.9.3/../../../../arm-none-eabi/lib/armv7e-m/fpu\libg_nano.a(lib_a-abort.o)
                0x0000ec08                abort
 .text.__sflush_r
                0x0000ec16      0x108 c:/dev/tools/gnu tools arm embedded/4.9 2015q2/bin/../lib/gcc/arm-none-eabi/4.9.3/../../../../arm-none-eabi/lib/armv7e-m/fpu\libg_nano.a(lib_a-fflush.o)
                0x0000ec16                __sflush_r
 *fill*         0x0000ed1e        0x2 
 .text._fflush_r
                0x0000ed20       0x54 c:/dev/tools/gnu tools arm embedded/4.9 2015q2/bin/../lib/gcc/arm-none-eabi/4.9.3/../../../../arm-none-eabi/lib/armv7e-m/fpu\libg_nano.a(lib_a-fflush.o)
                0x0000ed20                _fflush_r
 .text._cleanup_r
                0x0000ed74        0xc c:/dev/tools/gnu tools arm embedded/4.9 2015q2/bin/../lib/gcc/arm-none-eabi/4.9.3/../../../../arm-none-eabi/lib/armv7e-m/fpu\libg_nano.a(lib_a-findfp.o)
                0x0000ed74                _cleanup_r
 .text.std.isra.0
                0x0000ed80       0x48 c:/dev/tools/gnu tools arm embedded/4.9 2015q2/bin/../lib/gcc/arm-none-eabi/4.9.3/../../../../arm-none-eabi/lib/armv7e-m/fpu\libg_nano.a(lib_a-findfp.o)
 .text.__sfmoreglue
                0x0000edc8       0x2c c:/dev/tools/gnu tools arm embedded/4.9 2015q2/bin/../lib/gcc/arm-none-eabi/4.9.3/../../../../arm-none-eabi/lib/armv7e-m/fpu\libg_nano.a(lib_a-findfp.o)
                0x0000edc8                __sfmoreglue
 .text.__sinit  0x0000edf4       0x60 c:/dev/tools/gnu tools arm embedded/4.9 2015q2/bin/../lib/gcc/arm-none-eabi/4.9.3/../../../../arm-none-eabi/lib/armv7e-m/fpu\libg_nano.a(lib_a-findfp.o)
                0x0000edf4                __sinit
 .text.__sfp    0x0000ee54       0x74 c:/dev/tools/gnu tools arm embedded/4.9 2015q2/bin/../lib/gcc/arm-none-eabi/4.9.3/../../../../arm-none-eabi/lib/armv7e-m/fpu\libg_nano.a(lib_a-findfp.o)
                0x0000ee54                __sfp
 .text._fwalk_reent
                0x0000eec8       0x3c c:/dev/tools/gnu tools arm embedded/4.9 2015q2/bin/../lib/gcc/arm-none-eabi/4.9.3/../../../../arm-none-eabi/lib/armv7e-m/fpu\libg_nano.a(lib_a-fwalk.o)
                0x0000eec8                _fwalk_reent
 .text.__smakebuf_r
                0x0000ef04       0x9c c:/dev/tools/gnu tools arm embedded/4.9 2015q2/bin/../lib/gcc/arm-none-eabi/4.9.3/../../../../arm-none-eabi/lib/armv7e-m/fpu\libg_nano.a(lib_a-makebuf.o)
                0x0000ef04                __smakebuf_r
 .text.memchr   0x0000efa0       0x1e c:/dev/tools/gnu tools arm embedded/4.9 2015q2/bin/../lib/gcc/arm-none-eabi/4.9.3/../../../../arm-none-eabi/lib/armv7e-m/fpu\libg_nano.a(lib_a-memchr.o)
                0x0000efa0                memchr
 .text._raise_r
                0x0000efbe       0x50 c:/dev/tools/gnu tools arm embedded/4.9 2015q2/bin/../lib/gcc/arm-none-eabi/4.9.3/../../../../arm-none-eabi/lib/armv7e-m/fpu\libg_nano.a(lib_a-signal.o)
                0x0000efbe                _raise_r
 *fill*         0x0000f00e        0x2 
 .text.raise    0x0000f010       0x10 c:/dev/tools/gnu tools arm embedded/4.9 2015q2/bin/../lib/gcc/arm-none-eabi/4.9.3/../../../../arm-none-eabi/lib/armv7e-m/fpu\libg_nano.a(lib_a-signal.o)
                0x0000f010                raise
 .text._kill_r  0x0000f020       0x24 c:/dev/tools/gnu tools arm embedded/4.9 2015q2/bin/../lib/gcc/arm-none-eabi/4.9.3/../../../../arm-none-eabi/lib/armv7e-m/fpu\libg_nano.a(lib_a-signalr.o)
                0x0000f020                _kill_r
 .text._getpid_r
                0x0000f044        0x4 c:/dev/tools/gnu tools arm embedded/4.9 2015q2/bin/../lib/gcc/arm-none-eabi/4.9.3/../../../../arm-none-eabi/lib/armv7e-m/fpu\libg_nano.a(lib_a-signalr.o)
                0x0000f044                _getpid_r
 .text.__sread  0x0000f048       0x22 c:/dev/tools/gnu tools arm embedded/4.9 2015q2/bin/../lib/gcc/arm-none-eabi/4.9.3/../../../../arm-none-eabi/lib/armv7e-m/fpu\libg_nano.a(lib_a-stdio.o)
                0x0000f048                __sread
 .text.__swrite
                0x0000f06a       0x38 c:/dev/tools/gnu tools arm embedded/4.9 2015q2/bin/../lib/gcc/arm-none-eabi/4.9.3/../../../../arm-none-eabi/lib/armv7e-m/fpu\libg_nano.a(lib_a-stdio.o)
                0x0000f06a                __swrite
 .text.__sseek  0x0000f0a2       0x24 c:/dev/tools/gnu tools arm embedded/4.9 2015q2/bin/../lib/gcc/arm-none-eabi/4.9.3/../../../../arm-none-eabi/lib/armv7e-m/fpu\libg_nano.a(lib_a-stdio.o)
                0x0000f0a2                __sseek
 .text.__sclose
                0x0000f0c6        0x8 c:/dev/tools/gnu tools arm embedded/4.9 2015q2/bin/../lib/gcc/arm-none-eabi/4.9.3/../../../../arm-none-eabi/lib/armv7e-m/fpu\libg_nano.a(lib_a-stdio.o)
                0x0000f0c6                __sclose
 *fill*         0x0000f0ce        0x2 
 .text._write_r
                0x0000f0d0       0x24 c:/dev/tools/gnu tools arm embedded/4.9 2015q2/bin/../lib/gcc/arm-none-eabi/4.9.3/../../../../arm-none-eabi/lib/armv7e-m/fpu\libg_nano.a(lib_a-writer.o)
                0x0000f0d0                _write_r
 .text._close_r
                0x0000f0f4       0x20 c:/dev/tools/gnu tools arm embedded/4.9 2015q2/bin/../lib/gcc/arm-none-eabi/4.9.3/../../../../arm-none-eabi/lib/armv7e-m/fpu\libg_nano.a(lib_a-closer.o)
                0x0000f0f4                _close_r
 .text._fstat_r
                0x0000f114       0x24 c:/dev/tools/gnu tools arm embedded/4.9 2015q2/bin/../lib/gcc/arm-none-eabi/4.9.3/../../../../arm-none-eabi/lib/armv7e-m/fpu\libg_nano.a(lib_a-fstatr.o)
                0x0000f114                _fstat_r
 .text._isatty_r
                0x0000f138       0x20 c:/dev/tools/gnu tools arm embedded/4.9 2015q2/bin/../lib/gcc/arm-none-eabi/4.9.3/../../../../arm-none-eabi/lib/armv7e-m/fpu\libg_nano.a(lib_a-isattyr.o)
                0x0000f138                _isatty_r
 .text._lseek_r
                0x0000f158       0x24 c:/dev/tools/gnu tools arm embedded/4.9 2015q2/bin/../lib/gcc/arm-none-eabi/4.9.3/../../../../arm-none-eabi/lib/armv7e-m/fpu\libg_nano.a(lib_a-lseekr.o)
                0x0000f158                _lseek_r
 .text._read_r  0x0000f17c       0x24 c:/dev/tools/gnu tools arm embedded/4.9 2015q2/bin/../lib/gcc/arm-none-eabi/4.9.3/../../../../arm-none-eabi/lib/armv7e-m/fpu\libg_nano.a(lib_a-readr.o)
                0x0000f17c                _read_r
 .text._close   0x0000f1a0       0x10 c:/dev/tools/gnu tools arm embedded/4.9 2015q2/bin/../lib/gcc/arm-none-eabi/4.9.3/../../../../arm-none-eabi/lib/armv7e-m/fpu\libnosys.a(close.o)
                0x0000f1a0                _close
 .text._fstat   0x0000f1b0       0x10 c:/dev/tools/gnu tools arm embedded/4.9 2015q2/bin/../lib/gcc/arm-none-eabi/4.9.3/../../../../arm-none-eabi/lib/armv7e-m/fpu\libnosys.a(fstat.o)
                0x0000f1b0                _fstat
 .text._getpid  0x0000f1c0       0x10 c:/dev/tools/gnu tools arm embedded/4.9 2015q2/bin/../lib/gcc/arm-none-eabi/4.9.3/../../../../arm-none-eabi/lib/armv7e-m/fpu\libnosys.a(getpid.o)
                0x0000f1c0                _getpid
 .text._isatty  0x0000f1d0       0x10 c:/dev/tools/gnu tools arm embedded/4.9 2015q2/bin/../lib/gcc/arm-none-eabi/4.9.3/../../../../arm-none-eabi/lib/armv7e-m/fpu\libnosys.a(isatty.o)
                0x0000f1d0                _isatty
 .text._kill    0x0000f1e0       0x10 c:/dev/tools/gnu tools arm embedded/4.9 2015q2/bin/../lib/gcc/arm-none-eabi/4.9.3/../../../../arm-none-eabi/lib/armv7e-m/fpu\libnosys.a(kill.o)
                0x0000f1e0                _kill
 .text._lseek   0x0000f1f0       0x10 c:/dev/tools/gnu tools arm embedded/4.9 2015q2/bin/../lib/gcc/arm-none-eabi/4.9.3/../../../../arm-none-eabi/lib/armv7e-m/fpu\libnosys.a(lseek.o)
                0x0000f1f0                _lseek
 .text._read    0x0000f200       0x10 c:/dev/tools/gnu tools arm embedded/4.9 2015q2/bin/../lib/gcc/arm-none-eabi/4.9.3/../../../../arm-none-eabi/lib/armv7e-m/fpu\libnosys.a(read.o)
                0x0000f200                _read
 .text._sbrk    0x0000f210       0x1c c:/dev/tools/gnu tools arm embedded/4.9 2015q2/bin/../lib/gcc/arm-none-eabi/4.9.3/../../../../arm-none-eabi/lib/armv7e-m/fpu\libnosys.a(sbrk.o)
                0x0000f210                _sbrk
 .text._write   0x0000f22c       0x10 c:/dev/tools/gnu tools arm embedded/4.9 2015q2/bin/../lib/gcc/arm-none-eabi/4.9.3/../../../../arm-none-eabi/lib/armv7e-m/fpu\libnosys.a(write.o)
                0x0000f22c                _write
 .text._exit    0x0000f23c        0x4 c:/dev/tools/gnu tools arm embedded/4.9 2015q2/bin/../lib/gcc/arm-none-eabi/4.9.3/../../../../arm-none-eabi/lib/armv7e-m/fpu\libnosys.a(_exit.o)
                0x0000f23c                _exit
 *(.rodata)
 .rodata        0x0000f240       0x46 ./src/boards/FRDM-K22F/board.o
 *fill*         0x0000f286        0x2 
 .rodata        0x0000f288      0x113 ./src/boards/FRDM-K22F/gpio-board.o
 *fill*         0x0000f39b        0x1 
 .rodata        0x0000f39c       0x83 ./src/boards/FRDM-K22F/rtc-board.o
 *fill*         0x0000f41f        0x1 
 .rodata        0x0000f420       0xe7 ./src/boards/FRDM-K22F/timer-board.o
 *fill*         0x0000f507        0x1 
 .rodata        0x0000f508       0x83 ./src/boards/FRDM-K22F/uart-board.o
 *fill*         0x0000f58b        0x1 
 .rodata        0x0000f58c       0xce C:/dev/Freescale/KSDK_1.3.0/lib/ksdk_platform_lib/armgcc/K22F51212/debug/libksdk_platform.a(fsl_clock_manager.c.obj)
 *fill*         0x0000f65a        0x2 
 .rodata        0x0000f65c      0x1f6 C:/dev/Freescale/KSDK_1.3.0/lib/ksdk_platform_lib/armgcc/K22F51212/debug/libksdk_platform.a(fsl_clock_MK22F51212.c.obj)
 *fill*         0x0000f852        0x2 
 .rodata        0x0000f854       0xdb C:/dev/Freescale/KSDK_1.3.0/lib/ksdk_platform_lib/armgcc/K22F51212/debug/libksdk_platform.a(fsl_dspi_master_driver.c.obj)
 *fill*         0x0000f92f        0x1 
 .rodata        0x0000f930       0xf2 C:/dev/Freescale/KSDK_1.3.0/lib/ksdk_platform_lib/armgcc/K22F51212/debug/libksdk_platform.a(fsl_dspi_slave_driver.c.obj)
 *fill*         0x0000fa22        0x2 
 .rodata        0x0000fa24       0x4d C:/dev/Freescale/KSDK_1.3.0/lib/ksdk_platform_lib/armgcc/K22F51212/debug/libksdk_platform.a(fsl_gpio_hal.c.obj)
 *fill*         0x0000fa71        0x3 
 .rodata        0x0000fa74       0x59 C:/dev/Freescale/KSDK_1.3.0/lib/ksdk_platform_lib/armgcc/K22F51212/debug/libksdk_platform.a(fsl_rtc_hal.c.obj)