Archive member included because of file (symbol)

C:/dev/Freescale/KSDK_1.3.0/lib/ksdk_platform_lib/armgcc/K22F51212/debug/libksdk_platform.a(fsl_clock_manager.c.obj)
                              ./src/boards/FRDM-K22F/board.o (CLOCK_SYS_OscInit)
C:/dev/Freescale/KSDK_1.3.0/lib/ksdk_platform_lib/armgcc/K22F51212/debug/libksdk_platform.a(fsl_clock_manager_common.c.obj)
                              C:/dev/Freescale/KSDK_1.3.0/lib/ksdk_platform_lib/armgcc/K22F51212/debug/libksdk_platform.a(fsl_clock_manager.c.obj) (g_oscBase)
C:/dev/Freescale/KSDK_1.3.0/lib/ksdk_platform_lib/armgcc/K22F51212/debug/libksdk_platform.a(fsl_clock_MK22F51212.c.obj)
                              ./src/boards/FRDM-K22F/board.o (CLOCK_SYS_SetConfiguration)
C:/dev/Freescale/KSDK_1.3.0/lib/ksdk_platform_lib/armgcc/K22F51212/debug/libksdk_platform.a(fsl_interrupt_manager.c.obj)
                              ./src/boards/FRDM-K22F/rtc-board.o (INT_SYS_EnableIRQGlobal)
C:/dev/Freescale/KSDK_1.3.0/lib/ksdk_platform_lib/armgcc/K22F51212/debug/libksdk_platform.a(fsl_hwtimer.c.obj)
                              ./src/boards/FRDM-K22F/timer-board.o (HWTIMER_SYS_Init)
C:/dev/Freescale/KSDK_1.3.0/lib/ksdk_platform_lib/armgcc/K22F51212/debug/libksdk_platform.a(fsl_hwtimer_systick.c.obj)
                              ./src/boards/FRDM-K22F/timer-board.o (kSystickDevif)
C:/dev/Freescale/KSDK_1.3.0/lib/ksdk_platform_lib/armgcc/K22F51212/debug/libksdk_platform.a(fsl_dspi_hal.c.obj)
                              ./src/boards/FRDM-K22F/spi-board.o (DSPI_HAL_Init)
C:/dev/Freescale/KSDK_1.3.0/lib/ksdk_platform_lib/armgcc/K22F51212/debug/libksdk_platform.a(fsl_dspi_common.c.obj)
                              ./src/boards/FRDM-K22F/spi-board.o (g_dspiBase)
C:/dev/Freescale/KSDK_1.3.0/lib/ksdk_platform_lib/armgcc/K22F51212/debug/libksdk_platform.a(fsl_gpio_hal.c.obj)
                              ./src/boards/FRDM-K22F/gpio-board.o (GPIO_HAL_SetPinDir)
C:/dev/Freescale/KSDK_1.3.0/lib/ksdk_platform_lib/armgcc/K22F51212/debug/libksdk_platform.a(fsl_gpio_common.c.obj)
                              ./src/boards/FRDM-K22F/gpio-board.o (g_gpioBase)
C:/dev/Freescale/KSDK_1.3.0/lib/ksdk_platform_lib/armgcc/K22F51212/debug/libksdk_platform.a(fsl_i2c_hal.c.obj)
                              ./src/boards/FRDM-K22F/i2c-board.o (I2C_HAL_Init)
C:/dev/Freescale/KSDK_1.3.0/lib/ksdk_platform_lib/armgcc/K22F51212/debug/libksdk_platform.a(fsl_lpuart_hal.c.obj)
                              ./src/boards/FRDM-K22F/uart-board.o (LPUART_HAL_Init)
C:/dev/Freescale/KSDK_1.3.0/lib/ksdk_platform_lib/armgcc/K22F51212/debug/libksdk_platform.a(fsl_mcg_hal.c.obj)
                              C:/dev/Freescale/KSDK_1.3.0/lib/ksdk_platform_lib/armgcc/K22F51212/debug/libksdk_platform.a(fsl_clock_manager.c.obj) (g_xtal0ClkFreq)
C:/dev/Freescale/KSDK_1.3.0/lib/ksdk_platform_lib/armgcc/K22F51212/debug/libksdk_platform.a(fsl_mcg_hal_modes.c.obj)
                              C:/dev/Freescale/KSDK_1.3.0/lib/ksdk_platform_lib/armgcc/K22F51212/debug/libksdk_platform.a(fsl_clock_manager.c.obj) (CLOCK_HAL_GetMcgMode)
C:/dev/Freescale/KSDK_1.3.0/lib/ksdk_platform_lib/armgcc/K22F51212/debug/libksdk_platform.a(fsl_osc_hal.c.obj)
                              C:/dev/Freescale/KSDK_1.3.0/lib/ksdk_platform_lib/armgcc/K22F51212/debug/libksdk_platform.a(fsl_clock_manager.c.obj) (OSC_HAL_SetCapacitor)
C:/dev/Freescale/KSDK_1.3.0/lib/ksdk_platform_lib/armgcc/K22F51212/debug/libksdk_platform.a(fsl_pit_driver.c.obj)
                              ./src/boards/FRDM-K22F/timer-board.o (PIT_DRV_Init)
C:/dev/Freescale/KSDK_1.3.0/lib/ksdk_platform_lib/armgcc/K22F51212/debug/libksdk_platform.a(fsl_pit_common.c.obj)
                              C:/dev/Freescale/KSDK_1.3.0/lib/ksdk_platform_lib/armgcc/K22F51212/debug/libksdk_platform.a(fsl_pit_driver.c.obj) (g_pitBase)
C:/dev/Freescale/KSDK_1.3.0/lib/ksdk_platform_lib/armgcc/K22F51212/debug/libksdk_platform.a(fsl_rtc_hal.c.obj)
                              ./src/boards/FRDM-K22F/rtc-board.o (RTC_HAL_ConvertDatetimeToSecs)
C:/dev/Freescale/KSDK_1.3.0/lib/ksdk_platform_lib/armgcc/K22F51212/debug/libksdk_platform.a(fsl_rnga_driver.c.obj)
                              ./src/boards/mcu/kinetis/utilities/utilities.o (RNGA_DRV_Init)
C:/dev/Freescale/KSDK_1.3.0/lib/ksdk_platform_lib/armgcc/K22F51212/debug/libksdk_platform.a(fsl_rnga_common.c.obj)
                              ./src/boards/mcu/kinetis/utilities/utilities.o (g_rngaBase)
C:/dev/Freescale/KSDK_1.3.0/lib/ksdk_platform_lib/armgcc/K22F51212/debug/libksdk_platform.a(fsl_sim_hal_MK22F51212.c.obj)
                              C:/dev/Freescale/KSDK_1.3.0/lib/ksdk_platform_lib/armgcc/K22F51212/debug/libksdk_platform.a(fsl_clock_MK22F51212.c.obj) (CLOCK_HAL_GetUsbfsDiv)
C:/dev/Freescale/KSDK_1.3.0/lib/ksdk_platform_lib/armgcc/K22F51212/debug/libksdk_platform.a(fsl_uart_hal.c.obj)
                              ./src/boards/FRDM-K22F/uart-board.o (UART_HAL_Init)
[...]
Memory Configuration

Name             Origin             Length             Attributes
m_interrupts     0x00000000         0x00000400         xr
m_flash_config   0x00000400         0x00000010         xr
m_text           0x00000410         0x0007fbf0         xr
m_data           0x1fff0000         0x00010000         rw
m_data_2         0x20000000         0x00010000         rw
*default*        0x00000000         0xffffffff

Linker script and memory map

LOAD c:/dev/freescale/kds_3.0.0/toolchain/bin/../lib/gcc/arm-none-eabi/4.8.4/armv7e-m/fpu/crti.o
LOAD c:/dev/freescale/kds_3.0.0/toolchain/bin/../lib/gcc/arm-none-eabi/4.8.4/armv7e-m/fpu/crtbegin.o
LOAD c:/dev/freescale/kds_3.0.0/toolchain/bin/../lib/gcc/arm-none-eabi/4.8.4/../../../../arm-none-eabi/lib/armv7e-m/fpu/crt0.o
                0x00002000                __stack_size__ = 0x2000
                0x00002000                __heap_size__ = 0x2000
LOAD ./src/system/crypto/aes.o
LOAD ./src/system/crypto/cmac.o
LOAD ./src/system/adc.o
LOAD ./src/system/delay.o
LOAD ./src/system/eeprom.o
LOAD ./src/system/fifo.o
LOAD ./src/system/gpio.o
LOAD ./src/system/gps.o
LOAD ./src/system/i2c.o
LOAD ./src/system/timer.o
LOAD ./src/system/uart.o
LOAD ./src/radio/sx1276/sx1276.o
LOAD ./src/mac/LoRaMac.o
LOAD ./src/mac/LoRaMacCrypto.o
LOAD ./src/boards/mcu/kinetis/utilities/fsl_debug_console.o
LOAD ./src/boards/mcu/kinetis/utilities/print_scan.o
LOAD ./src/boards/mcu/kinetis/utilities/utilities.o
LOAD ./src/boards/mcu/kinetis/k22f/startup/startup.o
LOAD ./src/boards/mcu/kinetis/k22f/startup/startup_MK22F51212.o
LOAD ./src/boards/mcu/kinetis/k22f/startup/system_MK22F51212.o
LOAD ./src/boards/FRDM-K22F/adc-board.o
LOAD ./src/boards/FRDM-K22F/board.o
LOAD ./src/boards/FRDM-K22F/gpio-board.o
LOAD ./src/boards/FRDM-K22F/gps-board.o
LOAD ./src/boards/FRDM-K22F/i2c-board.o
LOAD ./src/boards/FRDM-K22F/rtc-board.o
LOAD ./src/boards/FRDM-K22F/spi-board.o
LOAD ./src/boards/FRDM-K22F/sx1276-board.o
LOAD ./src/boards/FRDM-K22F/timer-board.o
LOAD ./src/boards/FRDM-K22F/uart-board.o
LOAD ./src/apps/LoRaMac/classA/FRDM-K22F/main.o
LOAD C:/dev/Freescale/KSDK_1.3.0/lib/ksdk_platform_lib/armgcc/K22F51212/debug/libksdk_platform.a
LOAD c:/dev/freescale/kds_3.0.0/toolchain/bin/../lib/gcc/arm-none-eabi/4.8.4/../../../../arm-none-eabi/lib/armv7e-m/fpu\libm.a
LOAD c:/dev/freescale/kds_3.0.0/toolchain/bin/../lib/gcc/arm-none-eabi/4.8.4/../../../../arm-none-eabi/lib/armv7e-m/fpu\libg_s.a
LOAD c:/dev/freescale/kds_3.0.0/toolchain/bin/../lib/gcc/arm-none-eabi/4.8.4/armv7e-m/fpu\libgcc.a
LOAD c:/dev/freescale/kds_3.0.0/toolchain/bin/../lib/gcc/arm-none-eabi/4.8.4/../../../../arm-none-eabi/lib/armv7e-m/fpu\libnosys.a
START GROUP
LOAD c:/dev/freescale/kds_3.0.0/toolchain/bin/../lib/gcc/arm-none-eabi/4.8.4/armv7e-m/fpu\libgcc.a
LOAD c:/dev/freescale/kds_3.0.0/toolchain/bin/../lib/gcc/arm-none-eabi/4.8.4/../../../../arm-none-eabi/lib/armv7e-m/fpu\libg_s.a
LOAD c:/dev/freescale/kds_3.0.0/toolchain/bin/../lib/gcc/arm-none-eabi/4.8.4/../../../../arm-none-eabi/lib/armv7e-m/fpu\libc_s.a
END GROUP
START GROUP
LOAD c:/dev/freescale/kds_3.0.0/toolchain/bin/../lib/gcc/arm-none-eabi/4.8.4/armv7e-m/fpu\libgcc.a
LOAD c:/dev/freescale/kds_3.0.0/toolchain/bin/../lib/gcc/arm-none-eabi/4.8.4/../../../../arm-none-eabi/lib/armv7e-m/fpu\libc_s.a
END GROUP
LOAD c:/dev/freescale/kds_3.0.0/toolchain/bin/../lib/gcc/arm-none-eabi/4.8.4/armv7e-m/fpu/crtend.o
LOAD c:/dev/freescale/kds_3.0.0/toolchain/bin/../lib/gcc/arm-none-eabi/4.8.4/armv7e-m/fpu/crtn.o
                0x00000400                HEAP_SIZE = DEFINED (__heap_size__)?__heap_size__:0x400
                0x00000400                STACK_SIZE = DEFINED (__stack_size__)?__stack_size__:0x400
                0x00000000                M_VECTOR_RAM_SIZE = DEFINED (__ram_vector_table__)?0x400:0x0

.interrupts     0x00000000      0x400
                0x00000000                __VECTOR_TABLE = .
                0x00000000                . = ALIGN (0x4)
 *(.isr_vector)
 .isr_vector    0x00000000      0x400 ./src/boards/mcu/kinetis/k22f/startup/startup_MK22F51212.o
                0x00000000                __isr_vector
                0x00000400                . = ALIGN (0x4)

.flash_config   0x00000400       0x10
                0x00000400                . = ALIGN (0x4)
 *(.FlashConfig)
 .FlashConfig   0x00000400       0x10 ./src/boards/mcu/kinetis/k22f/startup/startup_MK22F51212.o
                0x00000410                . = ALIGN (0x4)

.text           0x00000410    0x101fc
                0x00000410                . = ALIGN (0x4)
 *(.text)
 .text          0x00000410       0x54 c:/dev/freescale/kds_3.0.0/toolchain/bin/../lib/gcc/arm-none-eabi/4.8.4/armv7e-m/fpu/crtbegin.o
 .text          0x00000464       0x74 c:/dev/freescale/kds_3.0.0/toolchain/bin/../lib/gcc/arm-none-eabi/4.8.4/../../../../arm-none-eabi/lib/armv7e-m/fpu/crt0.o
                0x00000464                _start
                0x00000464                _mainCRTStartup
 .text          0x000004d8       0x14 ./src/boards/mcu/kinetis/k22f/startup/startup_MK22F51212.o
                0x000004d8                Reset_Handler
                0x000004e8                Reserved54_IRQHandler
                0x000004e8                DebugMon_Handler
                0x000004e8                I2C0_IRQHandler
                0x000004e8                HardFault_Handler
                0x000004e8                Reserved86_IRQHandler
                0x000004e8                Reserved85_IRQHandler
                0x000004e8                PendSV_Handler
                0x000004e8                NMI_Handler
                0x000004e8                I2C1_IRQHandler
                0x000004e8                DMA2_IRQHandler
                0x000004e8                Reserved99_IRQHandler
                0x000004e8                PIT0_IRQHandler
                0x000004e8                LLWU_IRQHandler
                0x000004e8                Reserved84_IRQHandler
                0x000004e8                Reserved92_IRQHandler
                0x000004e8                SWI_IRQHandler
                0x000004e8                ADC0_IRQHandler
                0x000004e8                UsageFault_Handler
                0x000004e8                I2S0_Tx_IRQHandler
                0x000004e8                SPI1_IRQHandler
                0x000004e8                DefaultISR
                0x000004e8                DMA9_IRQHandler
                0x000004e8                DMA14_IRQHandler
                0x000004e8                Reserved82_IRQHandler
                0x000004e8                CMP1_IRQHandler
                0x000004e8                Reserved71_IRQHandler
                0x000004e8                Reserved70_IRQHandler
                0x000004e8                ADC1_IRQHandler
                0x000004e8                PIT2_IRQHandler
                0x000004e8                I2S0_Rx_IRQHandler
                0x000004e8                Reserved53_IRQHandler
                0x000004e8                DMA5_IRQHandler
                0x000004e8                PDB0_IRQHandler
                0x000004e8                Reserved96_IRQHandler
                0x000004e8                FTM1_IRQHandler
                0x000004e8                Reserved61_IRQHandler
                0x000004e8                Reserved95_IRQHandler
                0x000004e8                PIT3_IRQHandler
                0x000004e8                MCG_IRQHandler
                0x000004e8                UART2_ERR_IRQHandler
                0x000004e8                DMA11_IRQHandler
                0x000004e8                Read_Collision_IRQHandler
                0x000004e8                Reserved98_IRQHandler
                0x000004e8                DMA7_IRQHandler
                0x000004e8                Reserved101_IRQHandler
                0x000004e8                USB0_IRQHandler
                0x000004e8                WDOG_EWM_IRQHandler
                0x000004e8                MemManage_Handler
                0x000004e8                Reserved90_IRQHandler
                0x000004e8                Reserved83_IRQHandler
                0x000004e8                SVC_Handler
                0x000004e8                DMA13_IRQHandler
                0x000004e8                DMA3_IRQHandler
                0x000004e8                Reserved100_IRQHandler
                0x000004e8                RNG_IRQHandler
                0x000004e8                DMA0_IRQHandler
                0x000004e8                Reserved97_IRQHandler
                0x000004e8                Reserved91_IRQHandler
                0x000004e8                DMA15_IRQHandler
                0x000004e8                DAC0_IRQHandler
                0x000004e8                Reserved81_IRQHandler
                0x000004e8                Reserved94_IRQHandler
                0x000004e8                DMA4_IRQHandler
                0x000004e8                PIT1_IRQHandler
                0x000004e8                UART0_ERR_IRQHandler
                0x000004e8                DMA_Error_IRQHandler
                0x000004e8                LVD_LVW_IRQHandler
                0x000004e8                SPI0_IRQHandler
                0x000004e8                FTM0_IRQHandler
                0x000004e8                DAC1_IRQHandler
                0x000004e8                MCM_IRQHandler
                0x000004e8                DMA12_IRQHandler
                0x000004e8                FTM3_IRQHandler
                0x000004e8                FTM2_IRQHandler
                0x000004e8                LPTMR0_IRQHandler
                0x000004e8                BusFault_Handler
                0x000004e8                DMA8_IRQHandler
                0x000004e8                Reserved93_IRQHandler
                0x000004e8                DMA10_IRQHandler
                0x000004e8                UART1_ERR_IRQHandler
                0x000004e8                CMP0_IRQHandler
                0x000004e8                DMA6_IRQHandler
                0x000004e8                FTF_IRQHandler
                0x000004e8                DMA1_IRQHandler
 .text          0x000004ec      0x370 c:/dev/freescale/kds_3.0.0/toolchain/bin/../lib/gcc/arm-none-eabi/4.8.4/armv7e-m/fpu\libgcc.a(_arm_addsubdf3.o)
                0x000004ec                __aeabi_drsub
                0x000004f4                __aeabi_dsub
                0x000004f4                __subdf3
                0x000004f8                __aeabi_dadd
                0x000004f8                __adddf3
                0x00000770                __floatunsidf
                0x00000770                __aeabi_ui2d
                0x00000790                __floatsidf
                0x00000790                __aeabi_i2d
                0x000007b4                __aeabi_f2d
                0x000007b4                __extendsfdf2
                0x000007f0                __floatundidf
                0x000007f0                __aeabi_ul2d
                0x00000800                __floatdidf
                0x00000800                __aeabi_l2d
 .text          0x0000085c      0x424 c:/dev/freescale/kds_3.0.0/toolchain/bin/../lib/gcc/arm-none-eabi/4.8.4/armv7e-m/fpu\libgcc.a(_arm_muldivdf3.o)
                0x0000085c                __aeabi_dmul
                0x0000085c                __muldf3
                0x00000ab0                __divdf3
                0x00000ab0                __aeabi_ddiv
 .text          0x00000c80      0x110 c:/dev/freescale/kds_3.0.0/toolchain/bin/../lib/gcc/arm-none-eabi/4.8.4/armv7e-m/fpu\libgcc.a(_arm_cmpdf2.o)
                0x00000c80                __gtdf2
                0x00000c80                __gedf2
                0x00000c88                __ltdf2
                0x00000c88                __ledf2
                0x00000c90                __nedf2
                0x00000c90                __eqdf2
                0x00000c90                __cmpdf2
                0x00000d0c                __aeabi_cdrcmple
                0x00000d1c                __aeabi_cdcmpeq
                0x00000d1c                __aeabi_cdcmple
                0x00000d2c                __aeabi_dcmpeq
                0x00000d40                __aeabi_dcmplt
                0x00000d54                __aeabi_dcmple
                0x00000d68                __aeabi_dcmpge
                0x00000d7c                __aeabi_dcmpgt
 .text          0x00000d90       0x50 c:/dev/freescale/kds_3.0.0/toolchain/bin/../lib/gcc/arm-none-eabi/4.8.4/armv7e-m/fpu\libgcc.a(_arm_fixdfsi.o)
                0x00000d90                __aeabi_d2iz
                0x00000d90                __fixdfsi
 .text          0x00000de0       0x40 c:/dev/freescale/kds_3.0.0/toolchain/bin/../lib/gcc/arm-none-eabi/4.8.4/armv7e-m/fpu\libgcc.a(_arm_fixunsdfsi.o)
                0x00000de0                __aeabi_d2uiz
                0x00000de0                __fixunsdfsi
 .text          0x00000e20       0x2c c:/dev/freescale/kds_3.0.0/toolchain/bin/../lib/gcc/arm-none-eabi/4.8.4/armv7e-m/fpu\libgcc.a(_aeabi_uldivmod.o)
                0x00000e20                __aeabi_uldivmod
 .text          0x00000e4c       0x44 c:/dev/freescale/kds_3.0.0/toolchain/bin/../lib/gcc/arm-none-eabi/4.8.4/armv7e-m/fpu\libgcc.a(_fixunsdfdi.o)
                0x00000e4c                __fixunsdfdi
                0x00000e4c                __aeabi_d2ulz
 .text          0x00000e90       0x60 c:/dev/freescale/kds_3.0.0/toolchain/bin/../lib/gcc/arm-none-eabi/4.8.4/armv7e-m/fpu\libgcc.a(bpabi.o)
                0x00000e90                __gnu_ldivmod_helper
                0x00000ec0                __gnu_uldivmod_helper
 .text          0x00000ef0        0x4 c:/dev/freescale/kds_3.0.0/toolchain/bin/../lib/gcc/arm-none-eabi/4.8.4/armv7e-m/fpu\libgcc.a(_dvmd_tls.o)
                0x00000ef0                __aeabi_idiv0
                0x00000ef0                __aeabi_ldiv0
 .text          0x00000ef4      0x298 c:/dev/freescale/kds_3.0.0/toolchain/bin/../lib/gcc/arm-none-eabi/4.8.4/armv7e-m/fpu\libgcc.a(_divdi3.o)
                0x00000ef4                __divdi3
 .text          0x0000118c      0x284 c:/dev/freescale/kds_3.0.0/toolchain/bin/../lib/gcc/arm-none-eabi/4.8.4/armv7e-m/fpu\libgcc.a(_udivdi3.o)
                0x0000118c                __udivdi3
 *(.text*)
 .text.copy_block
                0x00001410       0x3c ./src/system/crypto/aes.o
 .text.copy_block_nn
                0x0000144c       0x34 ./src/system/crypto/aes.o
 .text.xor_block
                0x00001480       0x60 ./src/system/crypto/aes.o
 .text.copy_and_key
                0x000014e0       0x60 ./src/system/crypto/aes.o
 .text.add_round_key
                0x00001540       0x18 ./src/system/crypto/aes.o
 .text.shift_sub_rows
                0x00001558      0x11c ./src/system/crypto/aes.o
 .text.mix_sub_columns
                0x00001674      0x2d4 ./src/system/crypto/aes.o
 .text.aes_set_key
                0x00001948      0x19c ./src/system/crypto/aes.o
                0x00001948                aes_set_key
 .text.aes_encrypt
                0x00001ae4       0x98 ./src/system/crypto/aes.o
                0x00001ae4                aes_encrypt
 .text.AES_CMAC_Init
                0x00001b7c       0x30 ./src/system/crypto/cmac.o
                0x00001b7c                AES_CMAC_Init
 .text.AES_CMAC_SetKey
                0x00001bac       0x1c ./src/system/crypto/cmac.o
                0x00001bac                AES_CMAC_SetKey
 .text.AES_CMAC_Update
                0x00001bc8      0x164 ./src/system/crypto/cmac.o
                0x00001bc8                AES_CMAC_Update
 .text.AES_CMAC_Final
                0x00001d2c      0x2c8 ./src/system/crypto/cmac.o
                0x00001d2c                AES_CMAC_Final
 .text.DelayMs  0x00001ff4       0x28 ./src/system/delay.o
                0x00001ff4                DelayMs
 .text.FifoNext
                0x0000201c       0x2c ./src/system/fifo.o
 .text.FifoPush
                0x00002048       0x34 ./src/system/fifo.o
                0x00002048                FifoPush
 .text.FifoPop  0x0000207c       0x40 ./src/system/fifo.o
                0x0000207c                FifoPop
 .text.IsFifoEmpty
                0x000020bc       0x28 ./src/system/fifo.o
                0x000020bc                IsFifoEmpty
 .text.IsFifoFull
                0x000020e4       0x30 ./src/system/fifo.o
                0x000020e4                IsFifoFull
 .text.GpioInit
                0x00002114       0x38 ./src/system/gpio.o
                0x00002114                GpioInit
 .text.GpioSetInterrupt
                0x0000214c       0x38 ./src/system/gpio.o
                0x0000214c                GpioSetInterrupt
 .text.GpioWrite
                0x00002184       0x28 ./src/system/gpio.o
                0x00002184                GpioWrite
 .text.I2cInit  0x000021ac       0x58 ./src/system/i2c.o
                0x000021ac                I2cInit
 .text.TimerSetLowPowerEnable
                0x00002204       0x20 ./src/system/timer.o
                0x00002204                TimerSetLowPowerEnable
 .text.TimerGetLowPowerEnable
                0x00002224       0x18 ./src/system/timer.o
                0x00002224                TimerGetLowPowerEnable
 .text.TimerInit
                0x0000223c       0x34 ./src/system/timer.o
                0x0000223c                TimerInit
 .text.TimerStart
                0x00002270       0xb0 ./src/system/timer.o
                0x00002270                TimerStart
 .text.TimerInsertTimer
                0x00002320       0xd8 ./src/system/timer.o
 .text.TimerInsertNewHeadTimer
                0x000023f8       0x50 ./src/system/timer.o
 .text.TimerIrqHandler
                0x00002448       0xd4 ./src/system/timer.o
                0x00002448                TimerIrqHandler
 .text.TimerStop
                0x0000251c      0x13c ./src/system/timer.o
                0x0000251c                TimerStop
 .text.TimerExists
                0x00002658       0x3c ./src/system/timer.o
 .text.TimerSetValue
                0x00002694       0x4c ./src/system/timer.o
                0x00002694                TimerSetValue
 .text.TimerGetValue
                0x000026e0       0x28 ./src/system/timer.o
                0x000026e0                TimerGetValue
 .text.TimerGetCurrentTime
                0x00002708       0x28 ./src/system/timer.o
                0x00002708                TimerGetCurrentTime
 .text.TimerSetTimeout
                0x00002730       0x3c ./src/system/timer.o
 .text.TimerLowPowerHandler
                0x0000276c       0x58 ./src/system/timer.o
                0x0000276c                TimerLowPowerHandler
 .text.SX1276Init
                0x000027c4       0xb8 ./src/radio/sx1276/sx1276.o
                0x000027c4                SX1276Init
 .text.SX1276GetStatus
                0x0000287c       0x18 ./src/radio/sx1276/sx1276.o
                0x0000287c                SX1276GetStatus
 *fill*         0x00002894        0x4 
 .text.SX1276SetChannel
                0x00002898       0x78 ./src/radio/sx1276/sx1276.o
                0x00002898                SX1276SetChannel
 .text.SX1276IsChannelFree
                0x00002910       0x58 ./src/radio/sx1276/sx1276.o
                0x00002910                SX1276IsChannelFree
 .text.SX1276Random
                0x00002968       0x5c ./src/radio/sx1276/sx1276.o
                0x00002968                SX1276Random
 *fill*         0x000029c4        0x4 
 .text.RxChainCalibration
                0x000029c8       0xe0 ./src/radio/sx1276/sx1276.o
 .text.GetFskBandwidthRegValue
                0x00002aa8       0x58 ./src/radio/sx1276/sx1276.o
 .text.SX1276SetRxConfig
                0x00002b00      0x5a0 ./src/radio/sx1276/sx1276.o
                0x00002b00                SX1276SetRxConfig
 .text.SX1276SetTxConfig
                0x000030a0      0x650 ./src/radio/sx1276/sx1276.o
                0x000030a0                SX1276SetTxConfig
 .text.SX1276GetTimeOnAir
                0x000036f0      0x388 ./src/radio/sx1276/sx1276.o
                0x000036f0                SX1276GetTimeOnAir
 .text.SX1276Send
                0x00003a78      0x158 ./src/radio/sx1276/sx1276.o
                0x00003a78                SX1276Send
 .text.SX1276SetSleep
                0x00003bd0       0x2c ./src/radio/sx1276/sx1276.o
                0x00003bd0                SX1276SetSleep
 .text.SX1276SetStby
                0x00003bfc       0x2c ./src/radio/sx1276/sx1276.o
                0x00003bfc                SX1276SetStby
 .text.SX1276SetRx
                0x00003c28      0x280 ./src/radio/sx1276/sx1276.o
                0x00003c28                SX1276SetRx
 .text.SX1276SetTx
                0x00003ea8       0xe4 ./src/radio/sx1276/sx1276.o
                0x00003ea8                SX1276SetTx
 .text.SX1276StartCad
                0x00003f8c       0x4c ./src/radio/sx1276/sx1276.o
                0x00003f8c                SX1276StartCad
 .text.SX1276ReadRssi
                0x00003fd8       0x78 ./src/radio/sx1276/sx1276.o
                0x00003fd8                SX1276ReadRssi
 .text.SX1276Reset
                0x00004050       0x48 ./src/radio/sx1276/sx1276.o
                0x00004050                SX1276Reset
 .text.SX1276SetOpMode
                0x00004098       0x6c ./src/radio/sx1276/sx1276.o
                0x00004098                SX1276SetOpMode
 .text.SX1276SetModem
                0x00004104       0x9c ./src/radio/sx1276/sx1276.o
                0x00004104                SX1276SetModem
 .text.SX1276Write
                0x000041a0       0x24 ./src/radio/sx1276/sx1276.o
                0x000041a0                SX1276Write
 .text.SX1276Read
                0x000041c4       0x24 ./src/radio/sx1276/sx1276.o
                0x000041c4                SX1276Read
 .text.SX1276WriteBuffer
                0x000041e8       0x64 ./src/radio/sx1276/sx1276.o
                0x000041e8                SX1276WriteBuffer
 .text.SX1276ReadBuffer
                0x0000424c       0x68 ./src/radio/sx1276/sx1276.o
                0x0000424c                SX1276ReadBuffer
 .text.SX1276WriteFifo
                0x000042b4       0x20 ./src/radio/sx1276/sx1276.o
                0x000042b4                SX1276WriteFifo
 .text.SX1276ReadFifo
                0x000042d4       0x20 ./src/radio/sx1276/sx1276.o
                0x000042d4                SX1276ReadFifo
 .text.SX1276OnTimeoutIrq
                0x000042f4       0xd0 ./src/radio/sx1276/sx1276.o
                0x000042f4                SX1276OnTimeoutIrq
 .text.SX1276OnDio0Irq
                0x000043c4      0x480 ./src/radio/sx1276/sx1276.o
                0x000043c4                SX1276OnDio0Irq
 .text.SX1276OnDio1Irq
                0x00004844      0x1e8 ./src/radio/sx1276/sx1276.o
                0x00004844                SX1276OnDio1Irq
 *fill*         0x00004a2c        0x4 
 .text.SX1276OnDio2Irq
                0x00004a30      0x178 ./src/radio/sx1276/sx1276.o
                0x00004a30                SX1276OnDio2Irq
 .text.SX1276OnDio3Irq
                0x00004ba8       0x80 ./src/radio/sx1276/sx1276.o
                0x00004ba8                SX1276OnDio3Irq
 .text.SX1276OnDio4Irq
                0x00004c28       0x38 ./src/radio/sx1276/sx1276.o
                0x00004c28                SX1276OnDio4Irq
 .text.LoRaMacSetNextChannel
                0x00004c60      0x3a4 ./src/mac/LoRaMac.o
 .text.OnChannelCheckTimerEvent
                0x00005004       0x5c ./src/mac/LoRaMac.o
 .text.AddMacCommand
                0x00005060       0xe4 ./src/mac/LoRaMac.o
 .text.LoRaMacNotify
                0x00005144       0x38 ./src/mac/LoRaMac.o
 .text.LoRaMacInit
                0x0000517c      0x280 ./src/mac/LoRaMac.o
                0x0000517c                LoRaMacInit
 .text.LoRaMacSetAdrOn
                0x000053fc       0x20 ./src/mac/LoRaMac.o
                0x000053fc                LoRaMacSetAdrOn
 .text.LoRaMacInitNwkIds
                0x0000541c       0x50 ./src/mac/LoRaMac.o
                0x0000541c                LoRaMacInitNwkIds
 .text.LoRaMacSendFrame
                0x0000546c       0x40 ./src/mac/LoRaMac.o
                0x0000546c                LoRaMacSendFrame
 .text.LoRaMacSend
                0x000054ac       0xa4 ./src/mac/LoRaMac.o
                0x000054ac                LoRaMacSend
 .text.LoRaMacPrepareFrame
                0x00005550      0x4f0 ./src/mac/LoRaMac.o
                0x00005550                LoRaMacPrepareFrame
 .text.LoRaMacSendFrameOnChannel
                0x00005a40      0x2b8 ./src/mac/LoRaMac.o
                0x00005a40                LoRaMacSendFrameOnChannel
 .text.OnTxDelayedTimerEvent
                0x00005cf8       0x24 ./src/mac/LoRaMac.o
 .text.LoRaMacSendOnChannel
                0x00005d1c       0x80 ./src/mac/LoRaMac.o
                0x00005d1c                LoRaMacSendOnChannel
 *fill*         0x00005d9c        0x4 
 .text.LoRaMacProcessMacCommands
                0x00005da0      0x5b0 ./src/mac/LoRaMac.o
 .text.OnRadioTxDone
                0x00006350      0x218 ./src/mac/LoRaMac.o
 .text.OnRadioRxDone
                0x00006568      0x7f8 ./src/mac/LoRaMac.o
 .text.OnRadioTxTimeout
                0x00006d60       0x3c ./src/mac/LoRaMac.o
 .text.OnRadioRxTimeout
                0x00006d9c       0x44 ./src/mac/LoRaMac.o
 .text.OnRadioRxError
                0x00006de0       0x44 ./src/mac/LoRaMac.o
 .text.LoRaMacRxWindowSetup
                0x00006e24      0x114 ./src/mac/LoRaMac.o
                0x00006e24                LoRaMacRxWindowSetup
 .text.OnRxWindow1TimerEvent
                0x00006f38       0x94 ./src/mac/LoRaMac.o
 .text.OnRxWindow2TimerEvent
                0x00006fcc       0xc0 ./src/mac/LoRaMac.o
 .text.OnMacStateCheckTimerEvent
                0x0000708c      0x26c ./src/mac/LoRaMac.o
 .text.OnAckTimeoutTimerEvent
                0x000072f8       0x28 ./src/mac/LoRaMac.o
 .text.LoRaMacSetPublicNetwork
                0x00007320       0x44 ./src/mac/LoRaMac.o
                0x00007320                LoRaMacSetPublicNetwork
 .text.LoRaMacSetChannel
                0x00007364      0x284 ./src/mac/LoRaMac.o
                0x00007364                LoRaMacSetChannel
 .text.LoRaMacComputeMic
                0x000075e8       0xcc ./src/mac/LoRaMacCrypto.o
                0x000075e8                LoRaMacComputeMic
 .text.LoRaMacPayloadEncrypt
                0x000076b4      0x140 ./src/mac/LoRaMacCrypto.o
                0x000076b4                LoRaMacPayloadEncrypt
 .text.LoRaMacPayloadDecrypt
                0x000077f4       0x30 ./src/mac/LoRaMacCrypto.o
                0x000077f4                LoRaMacPayloadDecrypt
 .text.LoRaMacJoinComputeMic
                0x00007824       0x64 ./src/mac/LoRaMacCrypto.o
                0x00007824                LoRaMacJoinComputeMic
 .text.LoRaMacJoinDecrypt
                0x00007888       0x54 ./src/mac/LoRaMacCrypto.o
                0x00007888                LoRaMacJoinDecrypt
 .text.LoRaMacJoinComputeSKeys
                0x000078dc       0xb4 ./src/mac/LoRaMacCrypto.o
                0x000078dc                LoRaMacJoinComputeSKeys
 .text.UART_HAL_EnableTransmitter
                0x00007990       0x24 ./src/boards/mcu/kinetis/utilities/fsl_debug_console.o
 .text.UART_HAL_EnableReceiver
                0x000079b4       0x24 ./src/boards/mcu/kinetis/utilities/fsl_debug_console.o
 .text.UART_HAL_SetBitCountPerChar
                0x000079d8       0x28 ./src/boards/mcu/kinetis/utilities/fsl_debug_console.o
 .text.LPUART_HAL_SetTransmitterCmd
                0x00007a00       0x28 ./src/boards/mcu/kinetis/utilities/fsl_debug_console.o
 .text.LPUART_HAL_SetReceiverCmd
                0x00007a28       0x28 ./src/boards/mcu/kinetis/utilities/fsl_debug_console.o
 .text.LPUART_HAL_SetStopBitCount
                0x00007a50       0x24 ./src/boards/mcu/kinetis/utilities/fsl_debug_console.o
 .text.SIM_HAL_EnableClock
                0x00007a74       0x44 ./src/boards/mcu/kinetis/utilities/fsl_debug_console.o
 .text.CLOCK_SYS_EnableLpuartClock
                0x00007ab8       0x1c ./src/boards/mcu/kinetis/utilities/fsl_debug_console.o
 .text.DbgConsole_Init
                0x00007ad4      0x134 ./src/boards/mcu/kinetis/utilities/fsl_debug_console.o
                0x00007ad4                DbgConsole_Init
 .text._write   0x00007c08       0x58 ./src/boards/mcu/kinetis/utilities/fsl_debug_console.o
                0x00007c08                _write
 .text._read    0x00007c60       0x44 ./src/boards/mcu/kinetis/utilities/fsl_debug_console.o
                0x00007c60                _read
 .text.debug_printf
                0x00007ca4       0x48 ./src/boards/mcu/kinetis/utilities/fsl_debug_console.o
                0x00007ca4                debug_printf
 .text.debug_putc
                0x00007cec       0x40 ./src/boards/mcu/kinetis/utilities/fsl_debug_console.o
 .text._doprint
                0x00007d2c      0x754 ./src/boards/mcu/kinetis/utilities/print_scan.o
                0x00007d2c                _doprint
 .text.mknumstr
                0x00008480      0x110 ./src/boards/mcu/kinetis/utilities/print_scan.o
 .text.fput_pad
                0x00008590       0x40 ./src/boards/mcu/kinetis/utilities/print_scan.o
 .text.RNGA_HAL_WriteSeed
                0x000085d0       0x1c ./src/boards/mcu/kinetis/utilities/utilities.o
 .text.RNGA_DRV_Seed
                0x000085ec       0x24 ./src/boards/mcu/kinetis/utilities/utilities.o
 .text.rand     0x00008610       0x4c ./src/boards/mcu/kinetis/utilities/utilities.o
                0x00008610                rand
 .text.srand    0x0000865c       0x18 ./src/boards/mcu/kinetis/utilities/utilities.o
                0x0000865c                srand
 .text.randr    0x00008674       0x30 ./src/boards/mcu/kinetis/utilities/utilities.o
                0x00008674                randr
 .text.memcpy1  0x000086a4       0x34 ./src/boards/mcu/kinetis/utilities/utilities.o
                0x000086a4                memcpy1
 .text.memset1  0x000086d8       0x30 ./src/boards/mcu/kinetis/utilities/utilities.o
                0x000086d8                memset1
 .text.init_data_bss
                0x00008708       0xcc ./src/boards/mcu/kinetis/k22f/startup/startup.o
                0x00008708                init_data_bss
 .text.SystemInit
                0x000087d4       0x3c ./src/boards/mcu/kinetis/k22f/startup/system_MK22F51212.o
                0x000087d4                SystemInit
 .text.PORT_HAL_SetMuxMode
                0x00008810       0x58 ./src/boards/FRDM-K22F/board.o
 .text.WDOG_HAL_Disable
                0x00008868       0x20 ./src/boards/FRDM-K22F/board.o
 .text.SMC_HAL_SetProtection
                0x00008888       0x1c ./src/boards/FRDM-K22F/board.o
 .text.BoardInitPeriph
                0x000088a4       0x9c ./src/boards/FRDM-K22F/board.o
                0x000088a4                BoardInitPeriph
 .text.BoardInitMcu
                0x00008940      0x114 ./src/boards/FRDM-K22F/board.o
                0x00008940                BoardInitMcu
 .text.BoardMeasureBatterieLevel
                0x00008a54       0x10 ./src/boards/FRDM-K22F/board.o
                0x00008a54                BoardMeasureBatterieLevel
 .text.BoardGetUniqueId
                0x00008a64      0x130 ./src/boards/FRDM-K22F/board.o
                0x00008a64                BoardGetUniqueId
 .text.BoardUnusedIoInit
                0x00008b94        0xc ./src/boards/FRDM-K22F/board.o
 .text.NVIC_EnableIRQ
                0x00008ba0       0x30 ./src/boards/FRDM-K22F/gpio-board.o
 .text.PORT_HAL_SetPullCmd
                0x00008bd0       0x48 ./src/boards/FRDM-K22F/gpio-board.o
 .text.PORT_HAL_SetMuxMode
                0x00008c18       0x58 ./src/boards/FRDM-K22F/gpio-board.o
 .text.PORT_HAL_SetPinIntMode
                0x00008c70       0x58 ./src/boards/FRDM-K22F/gpio-board.o
 .text.PORT_HAL_ClearPortIntFlag
                0x00008cc8       0x1c ./src/boards/FRDM-K22F/gpio-board.o
 .text.INT_SYS_EnableIRQ
                0x00008ce4       0x54 ./src/boards/FRDM-K22F/gpio-board.o
 .text.GpioMcuInit
                0x00008d38      0x240 ./src/boards/FRDM-K22F/gpio-board.o
                0x00008d38                GpioMcuInit
 .text.GpioMcuSetInterrupt
                0x00008f78      0x130 ./src/boards/FRDM-K22F/gpio-board.o
                0x00008f78                GpioMcuSetInterrupt
 .text.GpioMcuWrite
                0x000090a8       0x4c ./src/boards/FRDM-K22F/gpio-board.o
                0x000090a8                GpioMcuWrite
 .text.PORTA_IRQHandler
                0x000090f4       0xe8 ./src/boards/FRDM-K22F/gpio-board.o
                0x000090f4                PORTA_IRQHandler
 .text.PORTB_IRQHandler
                0x000091dc       0xc0 ./src/boards/FRDM-K22F/gpio-board.o
                0x000091dc                PORTB_IRQHandler
 .text.PORTC_IRQHandler
                0x0000929c      0x110 ./src/boards/FRDM-K22F/gpio-board.o
                0x0000929c                PORTC_IRQHandler
 .text.PORTD_IRQHandler
                0x000093ac       0xd0 ./src/boards/FRDM-K22F/gpio-board.o
                0x000093ac                PORTD_IRQHandler
 .text.PORTE_IRQHandler
                0x0000947c       0x48 ./src/boards/FRDM-K22F/gpio-board.o
                0x0000947c                PORTE_IRQHandler
 .text.I2C_HAL_Enable
                0x000094c4       0x24 ./src/boards/FRDM-K22F/i2c-board.o
 .text.CLOCK_SYS_GetI2cFreq
                0x000094e8       0x18 ./src/boards/FRDM-K22F/i2c-board.o
 .text.I2cMcuInit
                0x00009500       0x80 ./src/boards/FRDM-K22F/i2c-board.o
                0x00009500                I2cMcuInit
 .text.I2cMcuFormat
                0x00009580       0x74 ./src/boards/FRDM-K22F/i2c-board.o
                0x00009580                I2cMcuFormat
 .text.NVIC_EnableIRQ
                0x000095f4       0x30 ./src/boards/FRDM-K22F/rtc-board.o
 .text.NVIC_ClearPendingIRQ
                0x00009624       0x34 ./src/boards/FRDM-K22F/rtc-board.o
 .text.RTC_HAL_GetSecsReg
                0x00009658       0x18 ./src/boards/FRDM-K22F/rtc-board.o
 .text.RTC_HAL_SetSecsReg
                0x00009670       0x28 ./src/boards/FRDM-K22F/rtc-board.o
 .text.RTC_HAL_SetAlarmReg
                0x00009698       0x1c ./src/boards/FRDM-K22F/rtc-board.o
 .text.RTC_HAL_GetPrescaler
                0x000096b4       0x1c ./src/boards/FRDM-K22F/rtc-board.o
 .text.RTC_HAL_SetPrescaler
                0x000096d0       0x28 ./src/boards/FRDM-K22F/rtc-board.o
 .text.RTC_HAL_EnableCounter
                0x000096f8       0x28 ./src/boards/FRDM-K22F/rtc-board.o
 .text.RTC_HAL_HasAlarmOccured
                0x00009720       0x2c ./src/boards/FRDM-K22F/rtc-board.o
 .text.RTC_HAL_SetSecsIntCmd
                0x0000974c       0x28 ./src/boards/FRDM-K22F/rtc-board.o
 .text.RTC_HAL_SetAlarmIntCmd
                0x00009774       0x28 ./src/boards/FRDM-K22F/rtc-board.o
 .text.SIM_HAL_EnableClock
                0x0000979c       0x44 ./src/boards/FRDM-K22F/rtc-board.o
 .text.CLOCK_SYS_GetRtcFreq
                0x000097e0       0x1c ./src/boards/FRDM-K22F/rtc-board.o
 .text.CLOCK_SYS_EnableRtcClock
                0x000097fc       0x1c ./src/boards/FRDM-K22F/rtc-board.o
 .text.INT_SYS_EnableIRQ
                0x00009818       0x54 ./src/boards/FRDM-K22F/rtc-board.o
 .text.RtcInit  0x0000986c      0x100 ./src/boards/FRDM-K22F/rtc-board.o
                0x0000986c                RtcInit
 *fill*         0x0000996c        0x4 
 .text.RtcGetMinimumTimeout
                0x00009970       0x28 ./src/boards/FRDM-K22F/rtc-board.o
                0x00009970                RtcGetMinimumTimeout
 .text.RtcSetTimeout
                0x00009998       0x88 ./src/boards/FRDM-K22F/rtc-board.o
                0x00009998                RtcSetTimeout
 .text.RtcGetTimerElapsedTime
                0x00009a20       0x88 ./src/boards/FRDM-K22F/rtc-board.o
                0x00009a20                RtcGetTimerElapsedTime
 .text.RtcGetTimerValue
                0x00009aa8       0x60 ./src/boards/FRDM-K22F/rtc-board.o
                0x00009aa8                RtcGetTimerValue
 .text.RtcClearStatus
                0x00009b08       0x14 ./src/boards/FRDM-K22F/rtc-board.o
 *fill*         0x00009b1c        0x4 
 .text.RtcStartWakeUpAlarm
                0x00009b20       0xe0 ./src/boards/FRDM-K22F/rtc-board.o
 .text.RtcEnterLowPowerStopMode
                0x00009c00       0x2c ./src/boards/FRDM-K22F/rtc-board.o
                0x00009c00                RtcEnterLowPowerStopMode
 .text.RTC_IRQHandler
                0x00009c2c       0x2c ./src/boards/FRDM-K22F/rtc-board.o
                0x00009c2c                RTC_IRQHandler
 .text.RTC_Seconds_IRQHandler
                0x00009c58       0x14 ./src/boards/FRDM-K22F/rtc-board.o
                0x00009c58                RTC_Seconds_IRQHandler
 .text.RtcDelayMs
                0x00009c6c       0x60 ./src/boards/FRDM-K22F/rtc-board.o
                0x00009c6c                RtcDelayMs
 .text.RtcGetCalendarValue
                0x00009ccc       0xa4 ./src/boards/FRDM-K22F/rtc-board.o
 .text.DSPI_HAL_StartTransfer
                0x00009d70       0x20 ./src/boards/FRDM-K22F/spi-board.o
 .text.DSPI_HAL_StopTransfer
                0x00009d90       0x20 ./src/boards/FRDM-K22F/spi-board.o
 .text.DSPI_HAL_GetStatusFlag
                0x00009db0       0x30 ./src/boards/FRDM-K22F/spi-board.o
 .text.DSPI_HAL_ClearStatusFlag
                0x00009de0       0x20 ./src/boards/FRDM-K22F/spi-board.o
 .text.DSPI_HAL_ReadData
                0x00009e00       0x18 ./src/boards/FRDM-K22F/spi-board.o
 .text.DSPI_HAL_PresetTransferCount
                0x00009e18       0x28 ./src/boards/FRDM-K22F/spi-board.o
 .text.SpiInOut
                0x00009e40      0x194 ./src/boards/FRDM-K22F/spi-board.o
                0x00009e40                SpiInOut
 .text.SX1276IoIrqInit
                0x00009fd4       0x84 ./src/boards/FRDM-K22F/sx1276-board.o
                0x00009fd4                SX1276IoIrqInit
 .text.SX1276SetAntSwLowPower
                0x0000a058       0x3c ./src/boards/FRDM-K22F/sx1276-board.o
                0x0000a058                SX1276SetAntSwLowPower
 .text.SX1276AntSwInit
                0x0000a094        0xc ./src/boards/FRDM-K22F/sx1276-board.o
                0x0000a094                SX1276AntSwInit
 .text.SX1276AntSwDeInit
                0x0000a0a0        0xc ./src/boards/FRDM-K22F/sx1276-board.o
                0x0000a0a0                SX1276AntSwDeInit
 .text.SX1276SetAntSw
                0x0000a0ac       0x30 ./src/boards/FRDM-K22F/sx1276-board.o
                0x0000a0ac                SX1276SetAntSw
 .text.SX1276CheckRfFrequency
                0x0000a0dc       0x18 ./src/boards/FRDM-K22F/sx1276-board.o
                0x0000a0dc                SX1276CheckRfFrequency
 .text.NVIC_SetPriority
                0x0000a0f4       0x54 ./src/boards/FRDM-K22F/timer-board.o
 .text.TimerHwInit
                0x0000a148       0x50 ./src/boards/FRDM-K22F/timer-board.o
                0x0000a148                TimerHwInit
 .text.TimerHwGetMinimumTimeout
                0x0000a198       0x28 ./src/boards/FRDM-K22F/timer-board.o
                0x0000a198                TimerHwGetMinimumTimeout
 .text.TimerHwStart
                0x0000a1c0       0x68 ./src/boards/FRDM-K22F/timer-board.o
                0x0000a1c0                TimerHwStart
 .text.TimerHwDelayMs
                0x0000a228       0x20 ./src/boards/FRDM-K22F/timer-board.o
                0x0000a228                TimerHwDelayMs
 .text.TimerHwGetElapsedTime
                0x0000a248       0x48 ./src/boards/FRDM-K22F/timer-board.o
                0x0000a248                TimerHwGetElapsedTime
 .text.TimerHwGetTimerValue
                0x0000a290       0x38 ./src/boards/FRDM-K22F/timer-board.o
                0x0000a290                TimerHwGetTimerValue
 .text.TimerHwGetTime
                0x0000a2c8       0x34 ./src/boards/FRDM-K22F/timer-board.o
                0x0000a2c8                TimerHwGetTime
 .text.TimerIncrementTickCounter
                0x0000a2fc       0x24 ./src/boards/FRDM-K22F/timer-board.o
                0x0000a2fc                TimerIncrementTickCounter
 .text.hwtimer_callback
                0x0000a320       0x34 ./src/boards/FRDM-K22F/timer-board.o
                0x0000a320                hwtimer_callback
 .text.SysTick_Handler
                0x0000a354        0xc ./src/boards/FRDM-K22F/timer-board.o
                0x0000a354                SysTick_Handler
 .text.TimerHwEnterLowPowerStopMode
                0x0000a360        0xc ./src/boards/FRDM-K22F/timer-board.o
                0x0000a360                TimerHwEnterLowPowerStopMode
 .text.LPUART_HAL_Putchar
                0x0000a36c       0x1c ./src/boards/FRDM-K22F/uart-board.o
 .text.LPUART_HAL_Getchar
                0x0000a388       0x20 ./src/boards/FRDM-K22F/uart-board.o
 .text.UartInterruptHandler
                0x0000a3a8      0x140 ./src/boards/FRDM-K22F/uart-board.o
                0x0000a3a8                UartInterruptHandler
 .text.LPUART0_IRQHandler
                0x0000a4e8       0xec ./src/boards/FRDM-K22F/uart-board.o
                0x0000a4e8                LPUART0_IRQHandler
 .text.UART0_RX_TX_IRQHandler
                0x0000a5d4       0x10 ./src/boards/FRDM-K22F/uart-board.o
                0x0000a5d4                UART0_RX_TX_IRQHandler
 .text.UART1_RX_TX_IRQHandler
                0x0000a5e4       0x10 ./src/boards/FRDM-K22F/uart-board.o
                0x0000a5e4                UART1_RX_TX_IRQHandler
 .text.UART2_RX_TX_IRQHandler
                0x0000a5f4       0x10 ./src/boards/FRDM-K22F/uart-board.o
                0x0000a5f4                UART2_RX_TX_IRQHandler
 .text.PrepareTxFrame
                0x0000a604       0xd8 ./src/apps/LoRaMac/classA/FRDM-K22F/main.o
 .text.ProcessRxFrame
                0x0000a6dc       0x48 ./src/apps/LoRaMac/classA/FRDM-K22F/main.o
 .text.SendFrame
                0x0000a724       0x40 ./src/apps/LoRaMac/classA/FRDM-K22F/main.o
 .text.OnTxNextPacketTimerEvent
                0x0000a764       0x18 ./src/apps/LoRaMac/classA/FRDM-K22F/main.o
 .text.OnLed1TimerEvent
                0x0000a77c       0x14 ./src/apps/LoRaMac/classA/FRDM-K22F/main.o
 .text.OnLed2TimerEvent
                0x0000a790       0x14 ./src/apps/LoRaMac/classA/FRDM-K22F/main.o
 .text.OnMacEvent
                0x0000a7a4       0x74 ./src/apps/LoRaMac/classA/FRDM-K22F/main.o
 .text.main     0x0000a818      0x1a4 ./src/apps/LoRaMac/classA/FRDM-K22F/main.o
                0x0000a818                main
 .text.SIM_HAL_EnableClock
                0x0000a9bc       0x44 C:/dev/Freescale/KSDK_1.3.0/lib/ksdk_platform_lib/armgcc/K22F51212/debug/libksdk_platform.a(fsl_clock_manager.c.obj)
 .text.CLOCK_HAL_SetClkOutSrc
                0x0000aa00       0x30 C:/dev/Freescale/KSDK_1.3.0/lib/ksdk_platform_lib/armgcc/K22F51212/debug/libksdk_platform.a(fsl_clock_manager.c.obj)
 .text.CLOCK_HAL_GetClkOutStat
                0x0000aa30       0x24 C:/dev/Freescale/KSDK_1.3.0/lib/ksdk_platform_lib/armgcc/K22F51212/debug/libksdk_platform.a(fsl_clock_manager.c.obj)
 .text.CLOCK_HAL_SetInternalRefClkEnableCmd
                0x0000aa54       0x24 C:/dev/Freescale/KSDK_1.3.0/lib/ksdk_platform_lib/armgcc/K22F51212/debug/libksdk_platform.a(fsl_clock_manager.c.obj)
 .text.CLOCK_HAL_SetInternalRefClkEnableInStopCmd
                0x0000aa78       0x24 C:/dev/Freescale/KSDK_1.3.0/lib/ksdk_platform_lib/armgcc/K22F51212/debug/libksdk_platform.a(fsl_clock_manager.c.obj)
 .text.CLOCK_HAL_SetInternalRefClkMode
                0x0000aa9c       0x28 C:/dev/Freescale/KSDK_1.3.0/lib/ksdk_platform_lib/armgcc/K22F51212/debug/libksdk_platform.a(fsl_clock_manager.c.obj)
 .text.CLOCK_HAL_GetInternalRefClkMode
                0x0000aac4       0x24 C:/dev/Freescale/KSDK_1.3.0/lib/ksdk_platform_lib/armgcc/K22F51212/debug/libksdk_platform.a(fsl_clock_manager.c.obj)
 .text.CLOCK_HAL_SetPll0EnableCmd
                0x0000aae8       0x28 C:/dev/Freescale/KSDK_1.3.0/lib/ksdk_platform_lib/armgcc/K22F51212/debug/libksdk_platform.a(fsl_clock_manager.c.obj)
 .text.CLOCK_HAL_IsOsc0Stable
                0x0000ab10       0x30 C:/dev/Freescale/KSDK_1.3.0/lib/ksdk_platform_lib/armgcc/K22F51212/debug/libksdk_platform.a(fsl_clock_manager.c.obj)
 .text.OSC_HAL_SetExternalRefClkCmd
                0x0000ab40       0x24 C:/dev/Freescale/KSDK_1.3.0/lib/ksdk_platform_lib/armgcc/K22F51212/debug/libksdk_platform.a(fsl_clock_manager.c.obj)
 .text.OSC_HAL_SetExternalRefClkInStopModeCmd
                0x0000ab64       0x24 C:/dev/Freescale/KSDK_1.3.0/lib/ksdk_platform_lib/armgcc/K22F51212/debug/libksdk_platform.a(fsl_clock_manager.c.obj)
 .text.OSC_HAL_SetExternalRefClkDiv
                0x0000ab88       0x30 C:/dev/Freescale/KSDK_1.3.0/lib/ksdk_platform_lib/armgcc/K22F51212/debug/libksdk_platform.a(fsl_clock_manager.c.obj)
 .text.CLOCK_SYS_EnableRtcClock
                0x0000abb8       0x1c C:/dev/Freescale/KSDK_1.3.0/lib/ksdk_platform_lib/armgcc/K22F51212/debug/libksdk_platform.a(fsl_clock_manager.c.obj)
 .text.RTC_HAL_SetOsc2pfLoadCmd
                0x0000abd4       0x28 C:/dev/Freescale/KSDK_1.3.0/lib/ksdk_platform_lib/armgcc/K22F51212/debug/libksdk_platform.a(fsl_clock_manager.c.obj)
 .text.RTC_HAL_SetOsc4pfLoadCmd
                0x0000abfc       0x28 C:/dev/Freescale/KSDK_1.3.0/lib/ksdk_platform_lib/armgcc/K22F51212/debug/libksdk_platform.a(fsl_clock_manager.c.obj)
 .text.RTC_HAL_SetOsc8pfLoadCmd
                0x0000ac24       0x28 C:/dev/Freescale/KSDK_1.3.0/lib/ksdk_platform_lib/armgcc/K22F51212/debug/libksdk_platform.a(fsl_clock_manager.c.obj)
 .text.RTC_HAL_SetOsc16pfLoadCmd
                0x0000ac4c       0x28 C:/dev/Freescale/KSDK_1.3.0/lib/ksdk_platform_lib/armgcc/K22F51212/debug/libksdk_platform.a(fsl_clock_manager.c.obj)
 .text.RTC_HAL_SetOscillatorCmd
                0x0000ac74       0x28 C:/dev/Freescale/KSDK_1.3.0/lib/ksdk_platform_lib/armgcc/K22F51212/debug/libksdk_platform.a(fsl_clock_manager.c.obj)
 .text.RTC_HAL_IsOscillatorEnabled
                0x0000ac9c       0x2c C:/dev/Freescale/KSDK_1.3.0/lib/ksdk_platform_lib/armgcc/K22F51212/debug/libksdk_platform.a(fsl_clock_manager.c.obj)
 .text.CLOCK_SYS_FllStableDelay
                0x0000acc8       0x24 C:/dev/Freescale/KSDK_1.3.0/lib/ksdk_platform_lib/armgcc/K22F51212/debug/libksdk_platform.a(fsl_clock_manager.c.obj)
 .text.CLOCK_SYS_McgModeToIdx
                0x0000acec       0x50 C:/dev/Freescale/KSDK_1.3.0/lib/ksdk_platform_lib/armgcc/K22F51212/debug/libksdk_platform.a(fsl_clock_manager.c.obj)
 .text.CLOCK_SYS_SetMcgMode
                0x0000ad3c      0x1d4 C:/dev/Freescale/KSDK_1.3.0/lib/ksdk_platform_lib/armgcc/K22F51212/debug/libksdk_platform.a(fsl_clock_manager.c.obj)
                0x0000ad3c                CLOCK_SYS_SetMcgMode
 .text.CLOCK_SYS_OscInit
                0x0000af10       0xe8 C:/dev/Freescale/KSDK_1.3.0/lib/ksdk_platform_lib/armgcc/K22F51212/debug/libksdk_platform.a(fsl_clock_manager.c.obj)
                0x0000af10                CLOCK_SYS_OscInit
 .text.CLOCK_SYS_SetOscerConfigration
                0x0000aff8       0x50 C:/dev/Freescale/KSDK_1.3.0/lib/ksdk_platform_lib/armgcc/K22F51212/debug/libksdk_platform.a(fsl_clock_manager.c.obj)
                0x0000aff8                CLOCK_SYS_SetOscerConfigration
 .text.CLOCK_SYS_RtcOscInit
                0x0000b048       0xa0 C:/dev/Freescale/KSDK_1.3.0/lib/ksdk_platform_lib/armgcc/K22F51212/debug/libksdk_platform.a(fsl_clock_manager.c.obj)
                0x0000b048                CLOCK_SYS_RtcOscInit
 .text.SIM_HAL_EnableClock
                0x0000b0e8       0x44 C:/dev/Freescale/KSDK_1.3.0/lib/ksdk_platform_lib/armgcc/K22F51212/debug/libksdk_platform.a(fsl_clock_MK22F51212.c.obj)
 .text.CLOCK_HAL_GetLpuartSrc
                0x0000b12c       0x28 C:/dev/Freescale/KSDK_1.3.0/lib/ksdk_platform_lib/armgcc/K22F51212/debug/libksdk_platform.a(fsl_clock_MK22F51212.c.obj)
 .text.CLOCK_HAL_SetExternalRefClock32kSrc
                0x0000b154       0x2c C:/dev/Freescale/KSDK_1.3.0/lib/ksdk_platform_lib/armgcc/K22F51212/debug/libksdk_platform.a(fsl_clock_MK22F51212.c.obj)
 .text.CLOCK_HAL_SetPllfllSel
                0x0000b180       0x38 C:/dev/Freescale/KSDK_1.3.0/lib/ksdk_platform_lib/armgcc/K22F51212/debug/libksdk_platform.a(fsl_clock_MK22F51212.c.obj)
 .text.CLOCK_HAL_GetPllfllSel
                0x0000b1b8       0x28 C:/dev/Freescale/KSDK_1.3.0/lib/ksdk_platform_lib/armgcc/K22F51212/debug/libksdk_platform.a(fsl_clock_MK22F51212.c.obj)
 .text.CLOCK_HAL_GetOutDiv1
                0x0000b1e0       0x24 C:/dev/Freescale/KSDK_1.3.0/lib/ksdk_platform_lib/armgcc/K22F51212/debug/libksdk_platform.a(fsl_clock_MK22F51212.c.obj)
 .text.CLOCK_HAL_GetOutDiv2
                0x0000b204       0x28 C:/dev/Freescale/KSDK_1.3.0/lib/ksdk_platform_lib/armgcc/K22F51212/debug/libksdk_platform.a(fsl_clock_MK22F51212.c.obj)
 .text.OSC_HAL_GetExternalRefClkCmd
                0x0000b22c       0x2c C:/dev/Freescale/KSDK_1.3.0/lib/ksdk_platform_lib/armgcc/K22F51212/debug/libksdk_platform.a(fsl_clock_MK22F51212.c.obj)
 .text.OSC_HAL_GetExternalRefClkDiv
                0x0000b258       0x20 C:/dev/Freescale/KSDK_1.3.0/lib/ksdk_platform_lib/armgcc/K22F51212/debug/libksdk_platform.a(fsl_clock_MK22F51212.c.obj)
 .text.CLOCK_SYS_SetSimConfigration
                0x0000b278       0x44 C:/dev/Freescale/KSDK_1.3.0/lib/ksdk_platform_lib/armgcc/K22F51212/debug/libksdk_platform.a(fsl_clock_MK22F51212.c.obj)
                0x0000b278                CLOCK_SYS_SetSimConfigration
 .text.CLOCK_SYS_SetConfiguration
                0x0000b2bc       0x70 C:/dev/Freescale/KSDK_1.3.0/lib/ksdk_platform_lib/armgcc/K22F51212/debug/libksdk_platform.a(fsl_clock_MK22F51212.c.obj)
                0x0000b2bc                CLOCK_SYS_SetConfiguration
 .text.CLOCK_SYS_GetCoreClockFreq
                0x0000b32c       0x28 C:/dev/Freescale/KSDK_1.3.0/lib/ksdk_platform_lib/armgcc/K22F51212/debug/libksdk_platform.a(fsl_clock_MK22F51212.c.obj)
                0x0000b32c                CLOCK_SYS_GetCoreClockFreq
 .text.CLOCK_SYS_GetSystemClockFreq
                0x0000b354       0x28 C:/dev/Freescale/KSDK_1.3.0/lib/ksdk_platform_lib/armgcc/K22F51212/debug/libksdk_platform.a(fsl_clock_MK22F51212.c.obj)
                0x0000b354                CLOCK_SYS_GetSystemClockFreq
 .text.CLOCK_SYS_GetBusClockFreq
                0x0000b37c       0x28 C:/dev/Freescale/KSDK_1.3.0/lib/ksdk_platform_lib/armgcc/K22F51212/debug/libksdk_platform.a(fsl_clock_MK22F51212.c.obj)
                0x0000b37c                CLOCK_SYS_GetBusClockFreq
 .text.CLOCK_SYS_GetPllFllClockFreq
                0x0000b3a4       0x54 C:/dev/Freescale/KSDK_1.3.0/lib/ksdk_platform_lib/armgcc/K22F51212/debug/libksdk_platform.a(fsl_clock_MK22F51212.c.obj)
                0x0000b3a4                CLOCK_SYS_GetPllFllClockFreq
 .text.CLOCK_SYS_GetOsc0ExternalRefClockUndivFreq
                0x0000b3f8       0x28 C:/dev/Freescale/KSDK_1.3.0/lib/ksdk_platform_lib/armgcc/K22F51212/debug/libksdk_platform.a(fsl_clock_MK22F51212.c.obj)
                0x0000b3f8                CLOCK_SYS_GetOsc0ExternalRefClockUndivFreq
 .text.CLOCK_SYS_GetOsc0ExternalRefClockFreq
                0x0000b420       0x24 C:/dev/Freescale/KSDK_1.3.0/lib/ksdk_platform_lib/armgcc/K22F51212/debug/libksdk_platform.a(fsl_clock_MK22F51212.c.obj)
                0x0000b420                CLOCK_SYS_GetOsc0ExternalRefClockFreq
 .text.CLOCK_SYS_GetLpuartFreq
                0x0000b444       0x54 C:/dev/Freescale/KSDK_1.3.0/lib/ksdk_platform_lib/armgcc/K22F51212/debug/libksdk_platform.a(fsl_clock_MK22F51212.c.obj)
                0x0000b444                CLOCK_SYS_GetLpuartFreq
 .text.CLOCK_SYS_GetUartFreq
                0x0000b498       0x34 C:/dev/Freescale/KSDK_1.3.0/lib/ksdk_platform_lib/armgcc/K22F51212/debug/libksdk_platform.a(fsl_clock_MK22F51212.c.obj)
                0x0000b498                CLOCK_SYS_GetUartFreq
 .text.CLOCK_SYS_EnablePortClock
                0x0000b4cc       0x48 C:/dev/Freescale/KSDK_1.3.0/lib/ksdk_platform_lib/armgcc/K22F51212/debug/libksdk_platform.a(fsl_clock_MK22F51212.c.obj)
                0x0000b4cc                CLOCK_SYS_EnablePortClock
 .text.CLOCK_SYS_EnableI2cClock
                0x0000b514       0x48 C:/dev/Freescale/KSDK_1.3.0/lib/ksdk_platform_lib/armgcc/K22F51212/debug/libksdk_platform.a(fsl_clock_MK22F51212.c.obj)
                0x0000b514                CLOCK_SYS_EnableI2cClock
 .text.CLOCK_SYS_EnableUartClock
                0x0000b55c       0x48 C:/dev/Freescale/KSDK_1.3.0/lib/ksdk_platform_lib/armgcc/K22F51212/debug/libksdk_platform.a(fsl_clock_MK22F51212.c.obj)
                0x0000b55c                CLOCK_SYS_EnableUartClock
 .text.INT_SYS_EnableIRQGlobal
                0x0000b5a4       0x30 C:/dev/Freescale/KSDK_1.3.0/lib/ksdk_platform_lib/armgcc/K22F51212/debug/libksdk_platform.a(fsl_interrupt_manager.c.obj)
                0x0000b5a4                INT_SYS_EnableIRQGlobal
 .text.INT_SYS_DisableIRQGlobal
                0x0000b5d4       0x1c C:/dev/Freescale/KSDK_1.3.0/lib/ksdk_platform_lib/armgcc/K22F51212/debug/libksdk_platform.a(fsl_interrupt_manager.c.obj)
                0x0000b5d4                INT_SYS_DisableIRQGlobal
 .text.HWTIMER_SYS_Init
                0x0000b5f0       0x90 C:/dev/Freescale/KSDK_1.3.0/lib/ksdk_platform_lib/armgcc/K22F51212/debug/libksdk_platform.a(fsl_hwtimer.c.obj)
                0x0000b5f0                HWTIMER_SYS_Init
 .text.HWTIMER_SYS_SetPeriod
                0x0000b680       0x60 C:/dev/Freescale/KSDK_1.3.0/lib/ksdk_platform_lib/armgcc/K22F51212/debug/libksdk_platform.a(fsl_hwtimer.c.obj)
                0x0000b680                HWTIMER_SYS_SetPeriod
 .text.HWTIMER_SYS_Start
                0x0000b6e0       0x54 C:/dev/Freescale/KSDK_1.3.0/lib/ksdk_platform_lib/armgcc/K22F51212/debug/libksdk_platform.a(fsl_hwtimer.c.obj)
                0x0000b6e0                HWTIMER_SYS_Start
 .text.HWTIMER_SYS_RegisterCallback
                0x0000b734       0x40 C:/dev/Freescale/KSDK_1.3.0/lib/ksdk_platform_lib/armgcc/K22F51212/debug/libksdk_platform.a(fsl_hwtimer.c.obj)
                0x0000b734                HWTIMER_SYS_RegisterCallback
 .text.CLOCK_SYS_GetSystickFreq
                0x0000b774       0x10 C:/dev/Freescale/KSDK_1.3.0/lib/ksdk_platform_lib/armgcc/K22F51212/debug/libksdk_platform.a(fsl_hwtimer_systick.c.obj)
 .text.HWTIMER_SYS_SystickIsrAction
                0x0000b784       0x64 C:/dev/Freescale/KSDK_1.3.0/lib/ksdk_platform_lib/armgcc/K22F51212/debug/libksdk_platform.a(fsl_hwtimer_systick.c.obj)
                0x0000b784                HWTIMER_SYS_SystickIsrAction
 .text.HWTIMER_SYS_SystickInit
                0x0000b7e8       0x60 C:/dev/Freescale/KSDK_1.3.0/lib/ksdk_platform_lib/armgcc/K22F51212/debug/libksdk_platform.a(fsl_hwtimer_systick.c.obj)
 .text.HWTIMER_SYS_SystickDeinit
                0x0000b848       0x54 C:/dev/Freescale/KSDK_1.3.0/lib/ksdk_platform_lib/armgcc/K22F51212/debug/libksdk_platform.a(fsl_hwtimer_systick.c.obj)
 .text.HWTIMER_SYS_SystickSetDiv
                0x0000b89c       0xd0 C:/dev/Freescale/KSDK_1.3.0/lib/ksdk_platform_lib/armgcc/K22F51212/debug/libksdk_platform.a(fsl_hwtimer_systick.c.obj)
 .text.HWTIMER_SYS_SystickStart
                0x0000b96c       0x48 C:/dev/Freescale/KSDK_1.3.0/lib/ksdk_platform_lib/armgcc/K22F51212/debug/libksdk_platform.a(fsl_hwtimer_systick.c.obj)
 .text.HWTIMER_SYS_SystickStop
                0x0000b9b4       0x3c C:/dev/Freescale/KSDK_1.3.0/lib/ksdk_platform_lib/armgcc/K22F51212/debug/libksdk_platform.a(fsl_hwtimer_systick.c.obj)
 .text.HWTIMER_SYS_SystickGetTime
                0x0000b9f0       0xc4 C:/dev/Freescale/KSDK_1.3.0/lib/ksdk_platform_lib/armgcc/K22F51212/debug/libksdk_platform.a(fsl_hwtimer_systick.c.obj)
 .text.DSPI_HAL_SetFlushFifoCmd
                0x0000bab4       0x3c C:/dev/Freescale/KSDK_1.3.0/lib/ksdk_platform_lib/armgcc/K22F51212/debug/libksdk_platform.a(fsl_dspi_hal.c.obj)
                0x0000bab4                DSPI_HAL_SetFlushFifoCmd
 .text.DSPI_HAL_WriteDataMastermode
                0x0000baf0       0x4c C:/dev/Freescale/KSDK_1.3.0/lib/ksdk_platform_lib/armgcc/K22F51212/debug/libksdk_platform.a(fsl_dspi_hal.c.obj)
                0x0000baf0                DSPI_HAL_WriteDataMastermode
 .text.GPIO_HAL_SetPinDir
                0x0000bb3c       0x60 C:/dev/Freescale/KSDK_1.3.0/lib/ksdk_platform_lib/armgcc/K22F51212/debug/libksdk_platform.a(fsl_gpio_hal.c.obj)
                0x0000bb3c                GPIO_HAL_SetPinDir
 .text.GPIO_HAL_WritePinOutput
                0x0000bb9c       0x4c C:/dev/Freescale/KSDK_1.3.0/lib/ksdk_platform_lib/armgcc/K22F51212/debug/libksdk_platform.a(fsl_gpio_hal.c.obj)
                0x0000bb9c                GPIO_HAL_WritePinOutput
 .text.I2C_HAL_Init
                0x0000bbe8       0x54 C:/dev/Freescale/KSDK_1.3.0/lib/ksdk_platform_lib/armgcc/K22F51212/debug/libksdk_platform.a(fsl_i2c_hal.c.obj)
                0x0000bbe8                I2C_HAL_Init
 .text.I2C_HAL_SetBaudRate
                0x0000bc3c       0xe4 C:/dev/Freescale/KSDK_1.3.0/lib/ksdk_platform_lib/armgcc/K22F51212/debug/libksdk_platform.a(fsl_i2c_hal.c.obj)
                0x0000bc3c                I2C_HAL_SetBaudRate
 .text.LPUART_HAL_Putchar
                0x0000bd20       0x1c C:/dev/Freescale/KSDK_1.3.0/lib/ksdk_platform_lib/armgcc/K22F51212/debug/libksdk_platform.a(fsl_lpuart_hal.c.obj)
 .text.LPUART_HAL_Getchar
                0x0000bd3c       0x20 C:/dev/Freescale/KSDK_1.3.0/lib/ksdk_platform_lib/armgcc/K22F51212/debug/libksdk_platform.a(fsl_lpuart_hal.c.obj)
 .text.LPUART_HAL_SetBaudRate
                0x0000bd5c      0x138 C:/dev/Freescale/KSDK_1.3.0/lib/ksdk_platform_lib/armgcc/K22F51212/debug/libksdk_platform.a(fsl_lpuart_hal.c.obj)
                0x0000bd5c                LPUART_HAL_SetBaudRate
 .text.LPUART_HAL_SetBitCountPerChar
                0x0000be94       0x50 C:/dev/Freescale/KSDK_1.3.0/lib/ksdk_platform_lib/armgcc/K22F51212/debug/libksdk_platform.a(fsl_lpuart_hal.c.obj)
                0x0000be94                LPUART_HAL_SetBitCountPerChar
 .text.LPUART_HAL_SetParityMode
                0x0000bee4       0x40 C:/dev/Freescale/KSDK_1.3.0/lib/ksdk_platform_lib/armgcc/K22F51212/debug/libksdk_platform.a(fsl_lpuart_hal.c.obj)
                0x0000bee4                LPUART_HAL_SetParityMode
 .text.LPUART_HAL_SendDataPolling
                0x0000bf24       0x44 C:/dev/Freescale/KSDK_1.3.0/lib/ksdk_platform_lib/armgcc/K22F51212/debug/libksdk_platform.a(fsl_lpuart_hal.c.obj)
                0x0000bf24                LPUART_HAL_SendDataPolling
 .text.LPUART_HAL_ReceiveDataPolling
                0x0000bf68       0x70 C:/dev/Freescale/KSDK_1.3.0/lib/ksdk_platform_lib/armgcc/K22F51212/debug/libksdk_platform.a(fsl_lpuart_hal.c.obj)
                0x0000bf68                LPUART_HAL_ReceiveDataPolling
 .text.LPUART_HAL_SetIntMode
                0x0000bfd8      0x128 C:/dev/Freescale/KSDK_1.3.0/lib/ksdk_platform_lib/armgcc/K22F51212/debug/libksdk_platform.a(fsl_lpuart_hal.c.obj)
                0x0000bfd8                LPUART_HAL_SetIntMode
 .text.LPUART_HAL_GetStatusFlag
                0x0000c100       0xe4 C:/dev/Freescale/KSDK_1.3.0/lib/ksdk_platform_lib/armgcc/K22F51212/debug/libksdk_platform.a(fsl_lpuart_hal.c.obj)
                0x0000c100                LPUART_HAL_GetStatusFlag
 .text.LPUART_HAL_ClearStatusFlag
                0x0000c1e4       0xf8 C:/dev/Freescale/KSDK_1.3.0/lib/ksdk_platform_lib/armgcc/K22F51212/debug/libksdk_platform.a(fsl_lpuart_hal.c.obj)
                0x0000c1e4                LPUART_HAL_ClearStatusFlag
 .text.CLOCK_HAL_GetClkOutStat
                0x0000c2dc       0x24 C:/dev/Freescale/KSDK_1.3.0/lib/ksdk_platform_lib/armgcc/K22F51212/debug/libksdk_platform.a(fsl_mcg_hal.c.obj)
 .text.CLOCK_HAL_SetInternalRefClkMode
                0x0000c300       0x28 C:/dev/Freescale/KSDK_1.3.0/lib/ksdk_platform_lib/armgcc/K22F51212/debug/libksdk_platform.a(fsl_mcg_hal.c.obj)
 .text.CLOCK_HAL_GetInternalRefClkMode
                0x0000c328       0x24 C:/dev/Freescale/KSDK_1.3.0/lib/ksdk_platform_lib/armgcc/K22F51212/debug/libksdk_platform.a(fsl_mcg_hal.c.obj)
 .text.CLOCK_HAL_IsPll0Locked
                0x0000c34c       0x30 C:/dev/Freescale/KSDK_1.3.0/lib/ksdk_platform_lib/armgcc/K22F51212/debug/libksdk_platform.a(fsl_mcg_hal.c.obj)
 .text.CLOCK_HAL_IsPllSelected
                0x0000c37c       0x30 C:/dev/Freescale/KSDK_1.3.0/lib/ksdk_platform_lib/armgcc/K22F51212/debug/libksdk_platform.a(fsl_mcg_hal.c.obj)
 .text.CLOCK_HAL_IsOsc0Stable
                0x0000c3ac       0x30 C:/dev/Freescale/KSDK_1.3.0/lib/ksdk_platform_lib/armgcc/K22F51212/debug/libksdk_platform.a(fsl_mcg_hal.c.obj)
 .text.CLOCK_HAL_TestOscFreq
                0x0000c3dc       0x50 C:/dev/Freescale/KSDK_1.3.0/lib/ksdk_platform_lib/armgcc/K22F51212/debug/libksdk_platform.a(fsl_mcg_hal.c.obj)
                0x0000c3dc                CLOCK_HAL_TestOscFreq
 .text.CLOCK_HAL_PrepareOsc
                0x0000c42c       0x5c C:/dev/Freescale/KSDK_1.3.0/lib/ksdk_platform_lib/armgcc/K22F51212/debug/libksdk_platform.a(fsl_mcg_hal.c.obj)
                0x0000c42c                CLOCK_HAL_PrepareOsc
 .text.CLOCK_HAL_GetMcgExternalClkFreq
                0x0000c488       0x28 C:/dev/Freescale/KSDK_1.3.0/lib/ksdk_platform_lib/armgcc/K22F51212/debug/libksdk_platform.a(fsl_mcg_hal.c.obj)
 .text.CLOCK_HAL_TestFllExternalRefFreq
                0x0000c4b0       0x98 C:/dev/Freescale/KSDK_1.3.0/lib/ksdk_platform_lib/armgcc/K22F51212/debug/libksdk_platform.a(fsl_mcg_hal.c.obj)
                0x0000c4b0                CLOCK_HAL_TestFllExternalRefFreq
 .text.CLOCK_HAL_GetFllRefClk
                0x0000c548       0x74 C:/dev/Freescale/KSDK_1.3.0/lib/ksdk_platform_lib/armgcc/K22F51212/debug/libksdk_platform.a(fsl_mcg_hal.c.obj)
                0x0000c548                CLOCK_HAL_GetFllRefClk
 .text.CLOCK_HAL_TestFllFreq
                0x0000c5bc       0x68 C:/dev/Freescale/KSDK_1.3.0/lib/ksdk_platform_lib/armgcc/K22F51212/debug/libksdk_platform.a(fsl_mcg_hal.c.obj)
                0x0000c5bc                CLOCK_HAL_TestFllFreq
 .text.CLOCK_HAL_GetFllClk
                0x0000c624       0x60 C:/dev/Freescale/KSDK_1.3.0/lib/ksdk_platform_lib/armgcc/K22F51212/debug/libksdk_platform.a(fsl_mcg_hal.c.obj)
                0x0000c624                CLOCK_HAL_GetFllClk
 .text.CLOCK_HAL_UpdateFastClkInternalRefDiv
                0x0000c684       0xa4 C:/dev/Freescale/KSDK_1.3.0/lib/ksdk_platform_lib/armgcc/K22F51212/debug/libksdk_platform.a(fsl_mcg_hal.c.obj)
                0x0000c684                CLOCK_HAL_UpdateFastClkInternalRefDiv
 .text.CLOCK_HAL_GetPll0RefFreq
                0x0000c728       0x18 C:/dev/Freescale/KSDK_1.3.0/lib/ksdk_platform_lib/armgcc/K22F51212/debug/libksdk_platform.a(fsl_mcg_hal.c.obj)
                0x0000c728                CLOCK_HAL_GetPll0RefFreq
 .text.CLOCK_HAL_GetPll0Clk
                0x0000c740       0x7c C:/dev/Freescale/KSDK_1.3.0/lib/ksdk_platform_lib/armgcc/K22F51212/debug/libksdk_platform.a(fsl_mcg_hal.c.obj)
                0x0000c740                CLOCK_HAL_GetPll0Clk
 .text.CLOCK_HAL_EnablePll0InFllMode
                0x0000c7bc       0x84 C:/dev/Freescale/KSDK_1.3.0/lib/ksdk_platform_lib/armgcc/K22F51212/debug/libksdk_platform.a(fsl_mcg_hal.c.obj)
                0x0000c7bc                CLOCK_HAL_EnablePll0InFllMode
 .text.CLOCK_HAL_GetInternalRefClk
                0x0000c840       0x64 C:/dev/Freescale/KSDK_1.3.0/lib/ksdk_platform_lib/armgcc/K22F51212/debug/libksdk_platform.a(fsl_mcg_hal.c.obj)
                0x0000c840                CLOCK_HAL_GetInternalRefClk
 .text.CLOCK_HAL_GetOutClk
                0x0000c8a4       0x68 C:/dev/Freescale/KSDK_1.3.0/lib/ksdk_platform_lib/armgcc/K22F51212/debug/libksdk_platform.a(fsl_mcg_hal.c.obj)
                0x0000c8a4                CLOCK_HAL_GetOutClk
 .text.CLOCK_HAL_SetOsc0Mode
                0x0000c90c       0x64 C:/dev/Freescale/KSDK_1.3.0/lib/ksdk_platform_lib/armgcc/K22F51212/debug/libksdk_platform.a(fsl_mcg_hal.c.obj)
                0x0000c90c                CLOCK_HAL_SetOsc0Mode
 .text.CLOCK_HAL_GetClkOutStat
                0x0000c970       0x24 C:/dev/Freescale/KSDK_1.3.0/lib/ksdk_platform_lib/armgcc/K22F51212/debug/libksdk_platform.a(fsl_mcg_hal_modes.c.obj)
 .text.CLOCK_HAL_GetFllSrc
                0x0000c994       0x24 C:/dev/Freescale/KSDK_1.3.0/lib/ksdk_platform_lib/armgcc/K22F51212/debug/libksdk_platform.a(fsl_mcg_hal_modes.c.obj)
 .text.CLOCK_HAL_GetInternalRefClkMode
                0x0000c9b8       0x24 C:/dev/Freescale/KSDK_1.3.0/lib/ksdk_platform_lib/armgcc/K22F51212/debug/libksdk_platform.a(fsl_mcg_hal_modes.c.obj)
 .text.CLOCK_HAL_SetPll0EnableCmd
                0x0000c9dc       0x28 C:/dev/Freescale/KSDK_1.3.0/lib/ksdk_platform_lib/armgcc/K22F51212/debug/libksdk_platform.a(fsl_mcg_hal_modes.c.obj)
 .text.CLOCK_HAL_IsPll0Locked
                0x0000ca04       0x30 C:/dev/Freescale/KSDK_1.3.0/lib/ksdk_platform_lib/armgcc/K22F51212/debug/libksdk_platform.a(fsl_mcg_hal_modes.c.obj)
 .text.CLOCK_HAL_IsPllSelected
                0x0000ca34       0x30 C:/dev/Freescale/KSDK_1.3.0/lib/ksdk_platform_lib/armgcc/K22F51212/debug/libksdk_platform.a(fsl_mcg_hal_modes.c.obj)
 .text.CLOCK_HAL_IsOsc0Stable
                0x0000ca64       0x30 C:/dev/Freescale/KSDK_1.3.0/lib/ksdk_platform_lib/armgcc/K22F51212/debug/libksdk_platform.a(fsl_mcg_hal_modes.c.obj)
 .text.CLOCK_HAL_GetMcgMode
                0x0000ca94       0xe4 C:/dev/Freescale/KSDK_1.3.0/lib/ksdk_platform_lib/armgcc/K22F51212/debug/libksdk_platform.a(fsl_mcg_hal_modes.c.obj)
                0x0000ca94                CLOCK_HAL_GetMcgMode
 .text.CLOCK_HAL_SetFeiMode
                0x0000cb78       0xcc C:/dev/Freescale/KSDK_1.3.0/lib/ksdk_platform_lib/armgcc/K22F51212/debug/libksdk_platform.a(fsl_mcg_hal_modes.c.obj)
                0x0000cb78                CLOCK_HAL_SetFeiMode
 .text.CLOCK_HAL_SetFeeMode
                0x0000cc44      0x124 C:/dev/Freescale/KSDK_1.3.0/lib/ksdk_platform_lib/armgcc/K22F51212/debug/libksdk_platform.a(fsl_mcg_hal_modes.c.obj)
                0x0000cc44                CLOCK_HAL_SetFeeMode
 .text.CLOCK_HAL_SetFbiMode
                0x0000cd68      0x114 C:/dev/Freescale/KSDK_1.3.0/lib/ksdk_platform_lib/armgcc/K22F51212/debug/libksdk_platform.a(fsl_mcg_hal_modes.c.obj)
                0x0000cd68                CLOCK_HAL_SetFbiMode
 .text.CLOCK_HAL_SetFbeMode
                0x0000ce7c      0x158 C:/dev/Freescale/KSDK_1.3.0/lib/ksdk_platform_lib/armgcc/K22F51212/debug/libksdk_platform.a(fsl_mcg_hal_modes.c.obj)
                0x0000ce7c                CLOCK_HAL_SetFbeMode
 .text.CLOCK_HAL_SetBlpiMode
                0x0000cfd4       0x60 C:/dev/Freescale/KSDK_1.3.0/lib/ksdk_platform_lib/armgcc/K22F51212/debug/libksdk_platform.a(fsl_mcg_hal_modes.c.obj)
                0x0000cfd4                CLOCK_HAL_SetBlpiMode
 .text.CLOCK_HAL_SetBlpeMode
                0x0000d034       0x30 C:/dev/Freescale/KSDK_1.3.0/lib/ksdk_platform_lib/armgcc/K22F51212/debug/libksdk_platform.a(fsl_mcg_hal_modes.c.obj)
                0x0000d034                CLOCK_HAL_SetBlpeMode
 .text.CLOCK_HAL_SetPbeMode
                0x0000d064       0xf8 C:/dev/Freescale/KSDK_1.3.0/lib/ksdk_platform_lib/armgcc/K22F51212/debug/libksdk_platform.a(fsl_mcg_hal_modes.c.obj)
                0x0000d064                CLOCK_HAL_SetPbeMode
 .text.CLOCK_HAL_SetPeeMode
                0x0000d15c       0x30 C:/dev/Freescale/KSDK_1.3.0/lib/ksdk_platform_lib/armgcc/K22F51212/debug/libksdk_platform.a(fsl_mcg_hal_modes.c.obj)
                0x0000d15c                CLOCK_HAL_SetPeeMode
 .text.OSC_HAL_SetCapacitor
                0x0000d18c       0x2c C:/dev/Freescale/KSDK_1.3.0/lib/ksdk_platform_lib/armgcc/K22F51212/debug/libksdk_platform.a(fsl_osc_hal.c.obj)
                0x0000d18c                OSC_HAL_SetCapacitor
 .text.PIT_HAL_Enable
                0x0000d1b8       0x24 C:/dev/Freescale/KSDK_1.3.0/lib/ksdk_platform_lib/armgcc/K22F51212/debug/libksdk_platform.a(fsl_pit_driver.c.obj)
 .text.PIT_HAL_SetTimerRunInDebugCmd
                0x0000d1dc       0x2c C:/dev/Freescale/KSDK_1.3.0/lib/ksdk_platform_lib/armgcc/K22F51212/debug/libksdk_platform.a(fsl_pit_driver.c.obj)
 .text.PIT_HAL_SetTimerChainCmd
                0x0000d208       0x4c C:/dev/Freescale/KSDK_1.3.0/lib/ksdk_platform_lib/armgcc/K22F51212/debug/libksdk_platform.a(fsl_pit_driver.c.obj)
 .text.PIT_HAL_StartTimer
                0x0000d254       0x48 C:/dev/Freescale/KSDK_1.3.0/lib/ksdk_platform_lib/armgcc/K22F51212/debug/libksdk_platform.a(fsl_pit_driver.c.obj)
 .text.PIT_HAL_SetTimerPeriodByCount
                0x0000d29c       0x40 C:/dev/Freescale/KSDK_1.3.0/lib/ksdk_platform_lib/armgcc/K22F51212/debug/libksdk_platform.a(fsl_pit_driver.c.obj)
 .text.PIT_HAL_ReadTimerCount
                0x0000d2dc       0x3c C:/dev/Freescale/KSDK_1.3.0/lib/ksdk_platform_lib/armgcc/K22F51212/debug/libksdk_platform.a(fsl_pit_driver.c.obj)
 .text.SIM_HAL_EnableClock
                0x0000d318       0x44 C:/dev/Freescale/KSDK_1.3.0/lib/ksdk_platform_lib/armgcc/K22F51212/debug/libksdk_platform.a(fsl_pit_driver.c.obj)
 .text.CLOCK_SYS_GetPitFreq
                0x0000d35c       0x18 C:/dev/Freescale/KSDK_1.3.0/lib/ksdk_platform_lib/armgcc/K22F51212/debug/libksdk_platform.a(fsl_pit_driver.c.obj)
 .text.CLOCK_SYS_EnablePitClock
                0x0000d374       0x1c C:/dev/Freescale/KSDK_1.3.0/lib/ksdk_platform_lib/armgcc/K22F51212/debug/libksdk_platform.a(fsl_pit_driver.c.obj)
 .text.PIT_DRV_Init
                0x0000d390       0x70 C:/dev/Freescale/KSDK_1.3.0/lib/ksdk_platform_lib/armgcc/K22F51212/debug/libksdk_platform.a(fsl_pit_driver.c.obj)
                0x0000d390                PIT_DRV_Init
 .text.PIT_DRV_InitUs
                0x0000d400       0xa8 C:/dev/Freescale/KSDK_1.3.0/lib/ksdk_platform_lib/armgcc/K22F51212/debug/libksdk_platform.a(fsl_pit_driver.c.obj)
                0x0000d400                PIT_DRV_InitUs
 .text.PIT_DRV_DelayUs
                0x0000d4a8       0xf4 C:/dev/Freescale/KSDK_1.3.0/lib/ksdk_platform_lib/armgcc/K22F51212/debug/libksdk_platform.a(fsl_pit_driver.c.obj)
                0x0000d4a8                PIT_DRV_DelayUs
 .text.RTC_HAL_GetSecsReg
                0x0000d59c       0x18 C:/dev/Freescale/KSDK_1.3.0/lib/ksdk_platform_lib/armgcc/K22F51212/debug/libksdk_platform.a(fsl_rtc_hal.c.obj)
 .text.RTC_HAL_SetSecsReg
                0x0000d5b4       0x28 C:/dev/Freescale/KSDK_1.3.0/lib/ksdk_platform_lib/armgcc/K22F51212/debug/libksdk_platform.a(fsl_rtc_hal.c.obj)
 .text.RTC_HAL_SoftwareReset
                0x0000d5dc       0x24 C:/dev/Freescale/KSDK_1.3.0/lib/ksdk_platform_lib/armgcc/K22F51212/debug/libksdk_platform.a(fsl_rtc_hal.c.obj)
 .text.RTC_HAL_SoftwareResetFlagClear
                0x0000d600       0x24 C:/dev/Freescale/KSDK_1.3.0/lib/ksdk_platform_lib/armgcc/K22F51212/debug/libksdk_platform.a(fsl_rtc_hal.c.obj)
 .text.RTC_HAL_SetSecsIntCmd
                0x0000d624       0x28 C:/dev/Freescale/KSDK_1.3.0/lib/ksdk_platform_lib/armgcc/K22F51212/debug/libksdk_platform.a(fsl_rtc_hal.c.obj)
 .text.RTC_HAL_SetAlarmIntCmd
                0x0000d64c       0x28 C:/dev/Freescale/KSDK_1.3.0/lib/ksdk_platform_lib/armgcc/K22F51212/debug/libksdk_platform.a(fsl_rtc_hal.c.obj)
 .text.RTC_HAL_SetTimeOverflowIntCmd
                0x0000d674       0x28 C:/dev/Freescale/KSDK_1.3.0/lib/ksdk_platform_lib/armgcc/K22F51212/debug/libksdk_platform.a(fsl_rtc_hal.c.obj)
 .text.RTC_HAL_SetTimeInvalidIntCmd
                0x0000d69c       0x28 C:/dev/Freescale/KSDK_1.3.0/lib/ksdk_platform_lib/armgcc/K22F51212/debug/libksdk_platform.a(fsl_rtc_hal.c.obj)
 .text.RTC_HAL_ConvertDatetimeToSecs
                0x0000d6c4       0xc4 C:/dev/Freescale/KSDK_1.3.0/lib/ksdk_platform_lib/armgcc/K22F51212/debug/libksdk_platform.a(fsl_rtc_hal.c.obj)
                0x0000d6c4                RTC_HAL_ConvertDatetimeToSecs
 .text.RTC_HAL_Init
                0x0000d788       0x54 C:/dev/Freescale/KSDK_1.3.0/lib/ksdk_platform_lib/armgcc/K22F51212/debug/libksdk_platform.a(fsl_rtc_hal.c.obj)
                0x0000d788                RTC_HAL_Init
 .text.RTC_HAL_GetDatetimeInSecs
                0x0000d7dc       0x3c C:/dev/Freescale/KSDK_1.3.0/lib/ksdk_platform_lib/armgcc/K22F51212/debug/libksdk_platform.a(fsl_rtc_hal.c.obj)
                0x0000d7dc                RTC_HAL_GetDatetimeInSecs
 .text.RNGA_HAL_Init
                0x0000d818       0x18 C:/dev/Freescale/KSDK_1.3.0/lib/ksdk_platform_lib/armgcc/K22F51212/debug/libksdk_platform.a(fsl_rnga_driver.c.obj)
 .text.RNGA_HAL_Enable
                0x0000d830       0x20 C:/dev/Freescale/KSDK_1.3.0/lib/ksdk_platform_lib/armgcc/K22F51212/debug/libksdk_platform.a(fsl_rnga_driver.c.obj)
 .text.RNGA_HAL_SetHighAssuranceCmd
                0x0000d850       0x28 C:/dev/Freescale/KSDK_1.3.0/lib/ksdk_platform_lib/armgcc/K22F51212/debug/libksdk_platform.a(fsl_rnga_driver.c.obj)
 .text.RNGA_HAL_SetIntMaskCmd
                0x0000d878       0x28 C:/dev/Freescale/KSDK_1.3.0/lib/ksdk_platform_lib/armgcc/K22F51212/debug/libksdk_platform.a(fsl_rnga_driver.c.obj)
 .text.SIM_HAL_EnableClock
                0x0000d8a0       0x44 C:/dev/Freescale/KSDK_1.3.0/lib/ksdk_platform_lib/armgcc/K22F51212/debug/libksdk_platform.a(fsl_rnga_driver.c.obj)
 .text.SIM_HAL_DisableClock
                0x0000d8e4       0x44 C:/dev/Freescale/KSDK_1.3.0/lib/ksdk_platform_lib/armgcc/K22F51212/debug/libksdk_platform.a(fsl_rnga_driver.c.obj)
 .text.SIM_HAL_GetGateCmd
                0x0000d928       0x4c C:/dev/Freescale/KSDK_1.3.0/lib/ksdk_platform_lib/armgcc/K22F51212/debug/libksdk_platform.a(fsl_rnga_driver.c.obj)
 .text.CLOCK_SYS_EnableRngaClock
                0x0000d974       0x2c C:/dev/Freescale/KSDK_1.3.0/lib/ksdk_platform_lib/armgcc/K22F51212/debug/libksdk_platform.a(fsl_rnga_driver.c.obj)
 .text.CLOCK_SYS_GetRngaGateCmd
                0x0000d9a0       0x20 C:/dev/Freescale/KSDK_1.3.0/lib/ksdk_platform_lib/armgcc/K22F51212/debug/libksdk_platform.a(fsl_rnga_driver.c.obj)
 .text.RNGA_DRV_Init
                0x0000d9c0       0x8c C:/dev/Freescale/KSDK_1.3.0/lib/ksdk_platform_lib/armgcc/K22F51212/debug/libksdk_platform.a(fsl_rnga_driver.c.obj)
                0x0000d9c0                RNGA_DRV_Init
 .text.RNGA_DRV_GetRandomData
                0x0000da4c       0xd8 C:/dev/Freescale/KSDK_1.3.0/lib/ksdk_platform_lib/armgcc/K22F51212/debug/libksdk_platform.a(fsl_rnga_driver.c.obj)
                0x0000da4c                RNGA_DRV_GetRandomData
 .text.CLOCK_HAL_SetOutDiv
                0x0000db24       0x68 C:/dev/Freescale/KSDK_1.3.0/lib/ksdk_platform_lib/armgcc/K22F51212/debug/libksdk_platform.a(fsl_sim_hal_MK22F51212.c.obj)
                0x0000db24                CLOCK_HAL_SetOutDiv
 .text.UART_HAL_SetBaudRate
                0x0000db8c       0xa0 C:/dev/Freescale/KSDK_1.3.0/lib/ksdk_platform_lib/armgcc/K22F51212/debug/libksdk_platform.a(fsl_uart_hal.c.obj)
                0x0000db8c                UART_HAL_SetBaudRate
 .text.UART_HAL_SetParityMode
                0x0000dc2c       0x44 C:/dev/Freescale/KSDK_1.3.0/lib/ksdk_platform_lib/armgcc/K22F51212/debug/libksdk_platform.a(fsl_uart_hal.c.obj)
                0x0000dc2c                UART_HAL_SetParityMode
 .text.UART_HAL_Putchar
                0x0000dc70       0x28 C:/dev/Freescale/KSDK_1.3.0/lib/ksdk_platform_lib/armgcc/K22F51212/debug/libksdk_platform.a(fsl_uart_hal.c.obj)
                0x0000dc70                UART_HAL_Putchar
 .text.UART_HAL_Getchar
                0x0000dc98       0x2c C:/dev/Freescale/KSDK_1.3.0/lib/ksdk_platform_lib/armgcc/K22F51212/debug/libksdk_platform.a(fsl_uart_hal.c.obj)
                0x0000dc98                UART_HAL_Getchar
 .text.UART_HAL_SendDataPolling
                0x0000dcc4       0x44 C:/dev/Freescale/KSDK_1.3.0/lib/ksdk_platform_lib/armgcc/K22F51212/debug/libksdk_platform.a(fsl_uart_hal.c.obj)
                0x0000dcc4                UART_HAL_SendDataPolling
 .text.UART_HAL_ReceiveDataPolling
                0x0000dd08       0x78 C:/dev/Freescale/KSDK_1.3.0/lib/ksdk_platform_lib/armgcc/K22F51212/debug/libksdk_platform.a(fsl_uart_hal.c.obj)
                0x0000dd08                UART_HAL_ReceiveDataPolling
 .text.UART_HAL_SetIntMode
                0x0000dd80      0x114 C:/dev/Freescale/KSDK_1.3.0/lib/ksdk_platform_lib/armgcc/K22F51212/debug/libksdk_platform.a(fsl_uart_hal.c.obj)
                0x0000dd80                UART_HAL_SetIntMode
 .text.UART_HAL_GetStatusFlag
                0x0000de94       0xb8 C:/dev/Freescale/KSDK_1.3.0/lib/ksdk_platform_lib/armgcc/K22F51212/debug/libksdk_platform.a(fsl_uart_hal.c.obj)
                0x0000de94                UART_HAL_GetStatusFlag
 .text.OSA_EnterCritical
                0x0000df4c       0x20 C:/dev/Freescale/KSDK_1.3.0/lib/ksdk_platform_lib/armgcc/K22F51212/debug/libksdk_platform.a(fsl_os_abstraction_bm.c.obj)
                0x0000df4c                OSA_EnterCritical
 .text.OSA_ExitCritical
                0x0000df6c       0x20 C:/dev/Freescale/KSDK_1.3.0/lib/ksdk_platform_lib/armgcc/K22F51212/debug/libksdk_platform.a(fsl_os_abstraction_bm.c.obj)
                0x0000df6c                OSA_ExitCritical
 .text.RNGA_HAL_GetOutputRegLevel
                0x0000df8c       0x20 C:/dev/Freescale/KSDK_1.3.0/lib/ksdk_platform_lib/armgcc/K22F51212/debug/libksdk_platform.a(fsl_rnga_hal.c.obj)
 .text.RNGA_HAL_ReadRandomData
                0x0000dfac       0x18 C:/dev/Freescale/KSDK_1.3.0/lib/ksdk_platform_lib/armgcc/K22F51212/debug/libksdk_platform.a(fsl_rnga_hal.c.obj)
 .text.RNGA_HAL_GetRandomData
                0x0000dfc4       0x48 C:/dev/Freescale/KSDK_1.3.0/lib/ksdk_platform_lib/armgcc/K22F51212/debug/libksdk_platform.a(fsl_rnga_hal.c.obj)
                0x0000dfc4                RNGA_HAL_GetRandomData
 *fill*         0x0000e00c        0x4 
 .text.ceil     0x0000e010      0x130 c:/dev/freescale/kds_3.0.0/toolchain/bin/../lib/gcc/arm-none-eabi/4.8.4/../../../../arm-none-eabi/lib/armv7e-m/fpu\libm.a(lib_a-s_ceil.o)
                0x0000e010                ceil
 .text.floor    0x0000e140      0x138 c:/dev/freescale/kds_3.0.0/toolchain/bin/../lib/gcc/arm-none-eabi/4.8.4/../../../../arm-none-eabi/lib/armv7e-m/fpu\libm.a(lib_a-s_floor.o)
                0x0000e140                floor
 .text.round    0x0000e278       0x98 c:/dev/freescale/kds_3.0.0/toolchain/bin/../lib/gcc/arm-none-eabi/4.8.4/../../../../arm-none-eabi/lib/armv7e-m/fpu\libm.a(lib_a-s_round.o)
                0x0000e278                round
 .text.__assert_func
                0x0000e310       0x38 c:/dev/freescale/kds_3.0.0/toolchain/bin/../lib/gcc/arm-none-eabi/4.8.4/../../../../arm-none-eabi/lib/armv7e-m/fpu\libg_s.a(lib_a-assert.o)
                0x0000e310                __assert_func
 .text.exit     0x0000e348       0x28 c:/dev/freescale/kds_3.0.0/toolchain/bin/../lib/gcc/arm-none-eabi/4.8.4/../../../../arm-none-eabi/lib/armv7e-m/fpu\libg_s.a(lib_a-exit.o)
                0x0000e348                exit
 .text.fprintf  0x0000e370       0x24 c:/dev/freescale/kds_3.0.0/toolchain/bin/../lib/gcc/arm-none-eabi/4.8.4/../../../../arm-none-eabi/lib/armv7e-m/fpu\libg_s.a(lib_a-fprintf.o)
                0x0000e370                fiprintf
                0x0000e370                fprintf
 .text.__libc_init_array
                0x0000e394       0x4c c:/dev/freescale/kds_3.0.0/toolchain/bin/../lib/gcc/arm-none-eabi/4.8.4/../../../../arm-none-eabi/lib/armv7e-m/fpu\libg_s.a(lib_a-init.o)
                0x0000e394                __libc_init_array
 .text.memset   0x0000e3e0       0x10 c:/dev/freescale/kds_3.0.0/toolchain/bin/../lib/gcc/arm-none-eabi/4.8.4/../../../../arm-none-eabi/lib/armv7e-m/fpu\libg_s.a(lib_a-memset.o)
                0x0000e3e0                memset
 .text._free_r  0x0000e3f0       0x88 c:/dev/freescale/kds_3.0.0/toolchain/bin/../lib/gcc/arm-none-eabi/4.8.4/../../../../arm-none-eabi/lib/armv7e-m/fpu\libg_s.a(lib_a-nano-freer.o)
                0x0000e3f0                _free_r
 .text._malloc_r
                0x0000e478       0xa8 c:/dev/freescale/kds_3.0.0/toolchain/bin/../lib/gcc/arm-none-eabi/4.8.4/../../../../arm-none-eabi/lib/armv7e-m/fpu\libg_s.a(lib_a-nano-mallocr.o)
                0x0000e478                _malloc_r
 .text._sbrk_r  0x0000e520       0x20 c:/dev/freescale/kds_3.0.0/toolchain/bin/../lib/gcc/arm-none-eabi/4.8.4/../../../../arm-none-eabi/lib/armv7e-m/fpu\libg_s.a(lib_a-sbrkr.o)
                0x0000e520                _sbrk_r
 .text.strlen   0x0000e540       0x10 c:/dev/freescale/kds_3.0.0/toolchain/bin/../lib/gcc/arm-none-eabi/4.8.4/../../../../arm-none-eabi/lib/armv7e-m/fpu\libg_s.a(lib_a-strlen.o)
                0x0000e540                strlen
 .text.__sfputc_r
                0x0000e550       0x2c c:/dev/freescale/kds_3.0.0/toolchain/bin/../lib/gcc/arm-none-eabi/4.8.4/../../../../arm-none-eabi/lib/armv7e-m/fpu\libg_s.a(lib_a-vfprintf.o)
 .text.__sfputs_r
                0x0000e57c       0x24 c:/dev/freescale/kds_3.0.0/toolchain/bin/../lib/gcc/arm-none-eabi/4.8.4/../../../../arm-none-eabi/lib/armv7e-m/fpu\libg_s.a(lib_a-vfprintf.o)
                0x0000e57c                __sfputs_r
 .text._vfprintf_r
                0x0000e5a0      0x208 c:/dev/freescale/kds_3.0.0/toolchain/bin/../lib/gcc/arm-none-eabi/4.8.4/../../../../arm-none-eabi/lib/armv7e-m/fpu\libg_s.a(lib_a-vfprintf.o)
                0x0000e5a0                _vfprintf_r
                0x0000e5a0                _vfiprintf_r
 .text._printf_common
                0x0000e7a8       0xe4 c:/dev/freescale/kds_3.0.0/toolchain/bin/../lib/gcc/arm-none-eabi/4.8.4/../../../../arm-none-eabi/lib/armv7e-m/fpu\libg_s.a(lib_a-vfprintf_i.o)
                0x0000e7a8                _printf_common
 .text._printf_i
                0x0000e88c      0x228 c:/dev/freescale/kds_3.0.0/toolchain/bin/../lib/gcc/arm-none-eabi/4.8.4/../../../../arm-none-eabi/lib/armv7e-m/fpu\libg_s.a(lib_a-vfprintf_i.o)
                0x0000e88c                _printf_i
 .text.__swbuf_r
                0x0000eab4       0xa8 c:/dev/freescale/kds_3.0.0/toolchain/bin/../lib/gcc/arm-none-eabi/4.8.4/../../../../arm-none-eabi/lib/armv7e-m/fpu\libg_s.a(lib_a-wbuf.o)
                0x0000eab4                __swbuf_r
 .text.__swsetup_r
                0x0000eb5c       0xdc c:/dev/freescale/kds_3.0.0/toolchain/bin/../lib/gcc/arm-none-eabi/4.8.4/../../../../arm-none-eabi/lib/armv7e-m/fpu\libg_s.a(lib_a-wsetup.o)
                0x0000eb5c                __swsetup_r
 .text.abort    0x0000ec38        0xe c:/dev/freescale/kds_3.0.0/toolchain/bin/../lib/gcc/arm-none-eabi/4.8.4/../../../../arm-none-eabi/lib/armv7e-m/fpu\libg_s.a(lib_a-abort.o)
                0x0000ec38                abort
 .text.__sflush_r
                0x0000ec46      0x106 c:/dev/freescale/kds_3.0.0/toolchain/bin/../lib/gcc/arm-none-eabi/4.8.4/../../../../arm-none-eabi/lib/armv7e-m/fpu\libg_s.a(lib_a-fflush.o)
                0x0000ec46                __sflush_r
 .text._fflush_r
                0x0000ed4c       0x54 c:/dev/freescale/kds_3.0.0/toolchain/bin/../lib/gcc/arm-none-eabi/4.8.4/../../../../arm-none-eabi/lib/armv7e-m/fpu\libg_s.a(lib_a-fflush.o)
                0x0000ed4c                _fflush_r
 .text._cleanup_r
                0x0000eda0       0x32 c:/dev/freescale/kds_3.0.0/toolchain/bin/../lib/gcc/arm-none-eabi/4.8.4/../../../../arm-none-eabi/lib/armv7e-m/fpu\libg_s.a(lib_a-findfp.o)
                0x0000eda0                _cleanup_r
 *fill*         0x0000edd2        0x2 
 .text.std.isra.0
                0x0000edd4       0x48 c:/dev/freescale/kds_3.0.0/toolchain/bin/../lib/gcc/arm-none-eabi/4.8.4/../../../../arm-none-eabi/lib/armv7e-m/fpu\libg_s.a(lib_a-findfp.o)
 .text.__sfmoreglue
                0x0000ee1c       0x2c c:/dev/freescale/kds_3.0.0/toolchain/bin/../lib/gcc/arm-none-eabi/4.8.4/../../../../arm-none-eabi/lib/armv7e-m/fpu\libg_s.a(lib_a-findfp.o)
                0x0000ee1c                __sfmoreglue
 .text.__sinit  0x0000ee48       0x60 c:/dev/freescale/kds_3.0.0/toolchain/bin/../lib/gcc/arm-none-eabi/4.8.4/../../../../arm-none-eabi/lib/armv7e-m/fpu\libg_s.a(lib_a-findfp.o)
                0x0000ee48                __sinit
 .text.__sfp    0x0000eea8       0x74 c:/dev/freescale/kds_3.0.0/toolchain/bin/../lib/gcc/arm-none-eabi/4.8.4/../../../../arm-none-eabi/lib/armv7e-m/fpu\libg_s.a(lib_a-findfp.o)
                0x0000eea8                __sfp
 .text.__smakebuf_r
                0x0000ef1c       0x9c c:/dev/freescale/kds_3.0.0/toolchain/bin/../lib/gcc/arm-none-eabi/4.8.4/../../../../arm-none-eabi/lib/armv7e-m/fpu\libg_s.a(lib_a-makebuf.o)
                0x0000ef1c                __smakebuf_r
 .text.memchr   0x0000efb8       0x1e c:/dev/freescale/kds_3.0.0/toolchain/bin/../lib/gcc/arm-none-eabi/4.8.4/../../../../arm-none-eabi/lib/armv7e-m/fpu\libg_s.a(lib_a-memchr-stub.o)
                0x0000efb8                memchr
 .text._raise_r
                0x0000efd6       0x50 c:/dev/freescale/kds_3.0.0/toolchain/bin/../lib/gcc/arm-none-eabi/4.8.4/../../../../arm-none-eabi/lib/armv7e-m/fpu\libg_s.a(lib_a-signal.o)
                0x0000efd6                _raise_r
 *fill*         0x0000f026        0x2 
 .text.raise    0x0000f028       0x10 c:/dev/freescale/kds_3.0.0/toolchain/bin/../lib/gcc/arm-none-eabi/4.8.4/../../../../arm-none-eabi/lib/armv7e-m/fpu\libg_s.a(lib_a-signal.o)
                0x0000f028                raise
 .text._kill_r  0x0000f038       0x24 c:/dev/freescale/kds_3.0.0/toolchain/bin/../lib/gcc/arm-none-eabi/4.8.4/../../../../arm-none-eabi/lib/armv7e-m/fpu\libg_s.a(lib_a-signalr.o)
                0x0000f038                _kill_r
 .text._getpid_r
                0x0000f05c        0x4 c:/dev/freescale/kds_3.0.0/toolchain/bin/../lib/gcc/arm-none-eabi/4.8.4/../../../../arm-none-eabi/lib/armv7e-m/fpu\libg_s.a(lib_a-signalr.o)
                0x0000f05c                _getpid_r
 .text.__sread  0x0000f060       0x22 c:/dev/freescale/kds_3.0.0/toolchain/bin/../lib/gcc/arm-none-eabi/4.8.4/../../../../arm-none-eabi/lib/armv7e-m/fpu\libg_s.a(lib_a-stdio.o)
                0x0000f060                __sread
 .text.__swrite
                0x0000f082       0x38 c:/dev/freescale/kds_3.0.0/toolchain/bin/../lib/gcc/arm-none-eabi/4.8.4/../../../../arm-none-eabi/lib/armv7e-m/fpu\libg_s.a(lib_a-stdio.o)
                0x0000f082                __swrite
 .text.__sseek  0x0000f0ba       0x24 c:/dev/freescale/kds_3.0.0/toolchain/bin/../lib/gcc/arm-none-eabi/4.8.4/../../../../arm-none-eabi/lib/armv7e-m/fpu\libg_s.a(lib_a-stdio.o)
                0x0000f0ba                __sseek
 .text.__sclose
                0x0000f0de        0x8 c:/dev/freescale/kds_3.0.0/toolchain/bin/../lib/gcc/arm-none-eabi/4.8.4/../../../../arm-none-eabi/lib/armv7e-m/fpu\libg_s.a(lib_a-stdio.o)
                0x0000f0de                __sclose
 *fill*         0x0000f0e6        0x2 
 .text._write_r
                0x0000f0e8       0x24 c:/dev/freescale/kds_3.0.0/toolchain/bin/../lib/gcc/arm-none-eabi/4.8.4/../../../../arm-none-eabi/lib/armv7e-m/fpu\libg_s.a(lib_a-writer.o)
                0x0000f0e8                _write_r
 .text._close_r
                0x0000f10c       0x20 c:/dev/freescale/kds_3.0.0/toolchain/bin/../lib/gcc/arm-none-eabi/4.8.4/../../../../arm-none-eabi/lib/armv7e-m/fpu\libg_s.a(lib_a-closer.o)
                0x0000f10c                _close_r
 .text._fstat_r
                0x0000f12c       0x24 c:/dev/freescale/kds_3.0.0/toolchain/bin/../lib/gcc/arm-none-eabi/4.8.4/../../../../arm-none-eabi/lib/armv7e-m/fpu\libg_s.a(lib_a-fstatr.o)
                0x0000f12c                _fstat_r
 .text._isatty_r
                0x0000f150       0x20 c:/dev/freescale/kds_3.0.0/toolchain/bin/../lib/gcc/arm-none-eabi/4.8.4/../../../../arm-none-eabi/lib/armv7e-m/fpu\libg_s.a(lib_a-isattyr.o)
                0x0000f150                _isatty_r
 .text._lseek_r
                0x0000f170       0x24 c:/dev/freescale/kds_3.0.0/toolchain/bin/../lib/gcc/arm-none-eabi/4.8.4/../../../../arm-none-eabi/lib/armv7e-m/fpu\libg_s.a(lib_a-lseekr.o)
                0x0000f170                _lseek_r
 .text._read_r  0x0000f194       0x24 c:/dev/freescale/kds_3.0.0/toolchain/bin/../lib/gcc/arm-none-eabi/4.8.4/../../../../arm-none-eabi/lib/armv7e-m/fpu\libg_s.a(lib_a-readr.o)
                0x0000f194                _read_r
 .text._close   0x0000f1b8       0x10 c:/dev/freescale/kds_3.0.0/toolchain/bin/../lib/gcc/arm-none-eabi/4.8.4/../../../../arm-none-eabi/lib/armv7e-m/fpu\libnosys.a(close.o)
                0x0000f1b8                _close
 .text._fstat   0x0000f1c8       0x10 c:/dev/freescale/kds_3.0.0/toolchain/bin/../lib/gcc/arm-none-eabi/4.8.4/../../../../arm-none-eabi/lib/armv7e-m/fpu\libnosys.a(fstat.o)
                0x0000f1c8                _fstat
 .text._getpid  0x0000f1d8       0x10 c:/dev/freescale/kds_3.0.0/toolchain/bin/../lib/gcc/arm-none-eabi/4.8.4/../../../../arm-none-eabi/lib/armv7e-m/fpu\libnosys.a(getpid.o)
                0x0000f1d8                _getpid
 .text._isatty  0x0000f1e8       0x10 c:/dev/freescale/kds_3.0.0/toolchain/bin/../lib/gcc/arm-none-eabi/4.8.4/../../../../arm-none-eabi/lib/armv7e-m/fpu\libnosys.a(isatty.o)
                0x0000f1e8                _isatty
 .text._kill    0x0000f1f8       0x10 c:/dev/freescale/kds_3.0.0/toolchain/bin/../lib/gcc/arm-none-eabi/4.8.4/../../../../arm-none-eabi/lib/armv7e-m/fpu\libnosys.a(kill.o)
                0x0000f1f8                _kill
 .text._lseek   0x0000f208       0x10 c:/dev/freescale/kds_3.0.0/toolchain/bin/../lib/gcc/arm-none-eabi/4.8.4/../../../../arm-none-eabi/lib/armv7e-m/fpu\libnosys.a(lseek.o)
                0x0000f208                _lseek
 .text._sbrk    0x0000f218       0x34 c:/dev/freescale/kds_3.0.0/toolchain/bin/../lib/gcc/arm-none-eabi/4.8.4/../../../../arm-none-eabi/lib/armv7e-m/fpu\libnosys.a(sbrk.o)
                0x0000f218                _sbrk
 .text._exit    0x0000f24c        0x4 c:/dev/freescale/kds_3.0.0/toolchain/bin/../lib/gcc/arm-none-eabi/4.8.4/../../../../arm-none-eabi/lib/armv7e-m/fpu\libnosys.a(_exit.o)
                0x0000f24c                _exit
 *(.rodata)
 .rodata        0x0000f250       0x5c ./src/radio/sx1276/sx1276.o
 .rodata        0x0000f2ac        0xc ./src/boards/mcu/kinetis/utilities/fsl_debug_console.o
 .rodata        0x0000f2b8        0x4 ./src/boards/mcu/kinetis/utilities/utilities.o
 .rodata        0x0000f2bc       0x48 ./src/boards/FRDM-K22F/board.o
 .rodata        0x0000f304      0x114 ./src/boards/FRDM-K22F/gpio-board.o
 .rodata        0x0000f418       0x84 ./src/boards/FRDM-K22F/rtc-board.o
 .rodata        0x0000f49c       0xa8 ./src/boards/FRDM-K22F/spi-board.o
 .rodata        0x0000f544       0xce C:/dev/Freescale/KSDK_1.3.0/lib/ksdk_platform_lib/armgcc/K22F51212/debug/libksdk_platform.a(fsl_clock_manager.c.obj)
 *fill*         0x0000f612        0x2 
 .rodata        0x0000f614      0x1f6 C:/dev/Freescale/KSDK_1.3.0/lib/ksdk_platform_lib/armgcc/K22F51212/debug/libksdk_platform.a(fsl_clock_MK22F51212.c.obj)
 *fill*         0x0000f80a        0x2 
 .rodata        0x0000f80c      0x128 C:/dev/Freescale/KSDK_1.3.0/lib/ksdk_platform_lib/armgcc/K22F51212/debug/libksdk_platform.a(fsl_hwtimer.c.obj)
 .rodata        0x0000f934       0x6d C:/dev/Freescale/KSDK_1.3.0/lib/ksdk_platform_lib/armgcc/K22F51212/debug/libksdk_platform.a(fsl_hwtimer_systick.c.obj)
 *fill*         0x0000f9a1        0x3 
 .rodata        0x0000f9a4       0x4d C:/dev/Freescale/KSDK_1.3.0/lib/ksdk_platform_lib/armgcc/K22F51212/debug/libksdk_platform.a(fsl_gpio_hal.c.obj)
 *fill*         0x0000f9f1        0x3 
 .rodata        0x0000f9f4      0x15d C:/dev/Freescale/KSDK_1.3.0/lib/ksdk_platform_lib/armgcc/K22F51212/debug/libksdk_platform.a(fsl_pit_driver.c.obj)
 *fill*         0x0000fb51        0x3 
 .rodata        0x0000fb54       0x59 C:/dev/Freescale/KSDK_1.3.0/lib/ksdk_platform_lib/armgcc/K22F51212/debug/libksdk_platform.a(fsl_rtc_hal.c.obj)
 *fill*         0x0000fbad        0x3 
 .rodata        0x0000fbb0       0x66 C:/dev/Freescale/KSDK_1.3.0/lib/ksdk_platform_lib/armgcc/K22F51212/debug/libksdk_platform.a(fsl_rnga_driver.c.obj)
 *(.rodata*)
 *fill*         0x0000fc16        0x2 
 .rodata.sbox   0x0000fc18      0x100 ./src/system/crypto/aes.o
 .rodata.gfm2_sbox
                0x0000fd18      0x100 ./src/system/crypto/aes.o
 .rodata.gfm3_sbox
                0x0000fe18      0x100 ./src/system/crypto/aes.o
 .rodata.g_uartBase
                0x0000ff18        0xc ./src/system/adc.o
                0x0000ff18                g_uartBase
 .rodata.RadioRegsInit
                0x0000ff24       0x30 ./src/radio/sx1276/sx1276.o
                0x0000ff24                RadioRegsInit
 .rodata.FskBandwidths
                0x0000ff54       0xb0 ./src/radio/sx1276/sx1276.o
                0x0000ff54                FskBandwidths
 .rodata.Datarates
                0x00010004        0x8 ./src/mac/LoRaMac.o
                0x00010004                Datarates
 .rodata.TxPowers
                0x0001000c        0x8 ./src/mac/LoRaMac.o
                0x0001000c                TxPowers
 .rodata.g_defaultClockConfigRun
                0x00010014       0x18 ./src/boards/FRDM-K22F/board.o
                0x00010014                g_defaultClockConfigRun
 .rodata.__func__.6928
                0x0001002c       0x14 ./src/boards/FRDM-K22F/board.o
 .rodata.__func__.6898
                0x00010040       0x14 ./src/boards/FRDM-K22F/gpio-board.o
 .rodata.__func__.6928
                0x00010054       0x14 ./src/boards/FRDM-K22F/gpio-board.o
 .rodata.__func__.6962
                0x00010068       0x18 ./src/boards/FRDM-K22F/gpio-board.o
 .rodata.__func__.9686
                0x00010080       0x14 ./src/boards/FRDM-K22F/gpio-board.o
 .rodata.__func__.10294
                0x00010094       0x14 ./src/boards/FRDM-K22F/rtc-board.o
 .rodata.Radio  0x000100a8       0x50 ./src/boards/FRDM-K22F/sx1276-board.o
                0x000100a8                Radio
 .rodata.mcgModeMatrix
                0x000100f8       0x40 C:/dev/Freescale/KSDK_1.3.0/lib/ksdk_platform_lib/armgcc/K22F51212/debug/libksdk_platform.a(fsl_clock_manager.c.obj)
 .rodata.__func__.7705
                0x00010138       0x17 C:/dev/Freescale/KSDK_1.3.0/lib/ksdk_platform_lib/armgcc/K22F51212/debug/libksdk_platform.a(fsl_clock_manager.c.obj)
 *fill*         0x0001014f        0x1 
 .rodata.__func__.7738
                0x00010150       0x12 C:/dev/Freescale/KSDK_1.3.0/lib/ksdk_platform_lib/armgcc/K22F51212/debug/libksdk_platform.a(fsl_clock_manager.c.obj)
 *fill*         0x00010162        0x2 
 .rodata.__func__.7755
                0x00010164       0x15 C:/dev/Freescale/KSDK_1.3.0/lib/ksdk_platform_lib/armgcc/K22F51212/debug/libksdk_platform.a(fsl_clock_manager.c.obj)
 *fill*         0x00010179        0x3 
 .rodata.g_oscBase
                0x0001017c        0x4 C:/dev/Freescale/KSDK_1.3.0/lib/ksdk_platform_lib/armgcc/K22F51212/debug/libksdk_platform.a(fsl_clock_manager_common.c.obj)
                0x0001017c                g_oscBase