Archive member included because of file (symbol)

c:/dev/freescale/kds_3.0.0/toolchain/bin/../lib/gcc/arm-none-eabi/4.8.4/../../../../arm-none-eabi/lib/armv7e-m\libm.a(lib_a-s_ceil.o)
                              ./src/radio/sx1276/sx1276.o (ceil)
c:/dev/freescale/kds_3.0.0/toolchain/bin/../lib/gcc/arm-none-eabi/4.8.4/../../../../arm-none-eabi/lib/armv7e-m\libm.a(lib_a-s_floor.o)
                              ./src/radio/sx1276/sx1276.o (floor)
c:/dev/freescale/kds_3.0.0/toolchain/bin/../lib/gcc/arm-none-eabi/4.8.4/../../../../arm-none-eabi/lib/armv7e-m\libm.a(lib_a-s_round.o)
                              ./src/radio/sx1276/sx1276.o (round)
c:/dev/freescale/kds_3.0.0/toolchain/bin/../lib/gcc/arm-none-eabi/4.8.4/../../../../arm-none-eabi/lib/armv7e-m\libg.a(lib_a-atoi.o)
                              ./src/system/gps.o (atoi)
c:/dev/freescale/kds_3.0.0/toolchain/bin/../lib/gcc/arm-none-eabi/4.8.4/../../../../arm-none-eabi/lib/armv7e-m\libg.a(lib_a-exit.o)
                              c:/dev/freescale/kds_3.0.0/toolchain/bin/../lib/gcc/arm-none-eabi/4.8.4/../../../../arm-none-eabi/lib/armv7e-m/crt0.o (exit)
c:/dev/freescale/kds_3.0.0/toolchain/bin/../lib/gcc/arm-none-eabi/4.8.4/../../../../arm-none-eabi/lib/armv7e-m\libg.a(lib_a-impure.o)
                              c:/dev/freescale/kds_3.0.0/toolchain/bin/../lib/gcc/arm-none-eabi/4.8.4/../../../../arm-none-eabi/lib/armv7e-m\libg.a(lib_a-exit.o) (_global_impure_ptr)
c:/dev/freescale/kds_3.0.0/toolchain/bin/../lib/gcc/arm-none-eabi/4.8.4/../../../../arm-none-eabi/lib/armv7e-m\libg.a(lib_a-init.o)
                              c:/dev/freescale/kds_3.0.0/toolchain/bin/../lib/gcc/arm-none-eabi/4.8.4/../../../../arm-none-eabi/lib/armv7e-m/crt0.o (__libc_init_array)
c:/dev/freescale/kds_3.0.0/toolchain/bin/../lib/gcc/arm-none-eabi/4.8.4/../../../../arm-none-eabi/lib/armv7e-m\libg.a(lib_a-memcpy.o)
                              ./src/free-rtos/src/queue.o (memcpy)
c:/dev/freescale/kds_3.0.0/toolchain/bin/../lib/gcc/arm-none-eabi/4.8.4/../../../../arm-none-eabi/lib/armv7e-m\libg.a(lib_a-memset.o)
                              c:/dev/freescale/kds_3.0.0/toolchain/bin/../lib/gcc/arm-none-eabi/4.8.4/../../../../arm-none-eabi/lib/armv7e-m/crt0.o (memset)
c:/dev/freescale/kds_3.0.0/toolchain/bin/../lib/gcc/arm-none-eabi/4.8.4/../../../../arm-none-eabi/lib/armv7e-m\libg.a(lib_a-mktime.o)
                              ./src/system/gps.o (mktime)
c:/dev/freescale/kds_3.0.0/toolchain/bin/../lib/gcc/arm-none-eabi/4.8.4/../../../../arm-none-eabi/lib/armv7e-m\libg.a(lib_a-mktm_r.o)
                              c:/dev/freescale/kds_3.0.0/toolchain/bin/../lib/gcc/arm-none-eabi/4.8.4/../../../../arm-none-eabi/lib/armv7e-m\libg.a(lib_a-mktime.o) (__tzcalc_limits)
c:/dev/freescale/kds_3.0.0/toolchain/bin/../lib/gcc/arm-none-eabi/4.8.4/../../../../arm-none-eabi/lib/armv7e-m\libg.a(lib_a-setjmp.o)
                              ./src/free-rtos/port/port.o (setjmp)
c:/dev/freescale/kds_3.0.0/toolchain/bin/../lib/gcc/arm-none-eabi/4.8.4/../../../../arm-none-eabi/lib/armv7e-m\libg.a(lib_a-strcmp.o)
                              ./src/apps/LoRaMesh/rtos/Shell_App/Shell.o (strcmp)
c:/dev/freescale/kds_3.0.0/toolchain/bin/../lib/gcc/arm-none-eabi/4.8.4/../../../../arm-none-eabi/lib/armv7e-m\libg.a(lib_a-strlen.o)
                              ./src/boards/mcu/kinetis/utilities/print_scan.o (strlen)
c:/dev/freescale/kds_3.0.0/toolchain/bin/../lib/gcc/arm-none-eabi/4.8.4/../../../../arm-none-eabi/lib/armv7e-m\libg.a(lib_a-strncmp.o)
                              ./src/system/gps.o (strncmp)
c:/dev/freescale/kds_3.0.0/toolchain/bin/../lib/gcc/arm-none-eabi/4.8.4/../../../../arm-none-eabi/lib/armv7e-m\libg.a(lib_a-strtol.o)
                              c:/dev/freescale/kds_3.0.0/toolchain/bin/../lib/gcc/arm-none-eabi/4.8.4/../../../../arm-none-eabi/lib/armv7e-m\libg.a(lib_a-atoi.o) (_strtol_r)
c:/dev/freescale/kds_3.0.0/toolchain/bin/../lib/gcc/arm-none-eabi/4.8.4/../../../../arm-none-eabi/lib/armv7e-m\libg.a(lib_a-tzlock.o)
                              c:/dev/freescale/kds_3.0.0/toolchain/bin/../lib/gcc/arm-none-eabi/4.8.4/../../../../arm-none-eabi/lib/armv7e-m\libg.a(lib_a-mktime.o) (__tz_lock)
c:/dev/freescale/kds_3.0.0/toolchain/bin/../lib/gcc/arm-none-eabi/4.8.4/../../../../arm-none-eabi/lib/armv7e-m\libg.a(lib_a-tzvars.o)
                              c:/dev/freescale/kds_3.0.0/toolchain/bin/../lib/gcc/arm-none-eabi/4.8.4/../../../../arm-none-eabi/lib/armv7e-m\libg.a(lib_a-mktime.o) (_daylight)
c:/dev/freescale/kds_3.0.0/toolchain/bin/../lib/gcc/arm-none-eabi/4.8.4/../../../../arm-none-eabi/lib/armv7e-m\libg.a(lib_a-__call_atexit.o)
                              c:/dev/freescale/kds_3.0.0/toolchain/bin/../lib/gcc/arm-none-eabi/4.8.4/../../../../arm-none-eabi/lib/armv7e-m\libg.a(lib_a-exit.o) (__call_exitprocs)
c:/dev/freescale/kds_3.0.0/toolchain/bin/../lib/gcc/arm-none-eabi/4.8.4/../../../../arm-none-eabi/lib/armv7e-m\libg.a(lib_a-atexit.o)
[...]
Memory Configuration

Name             Origin             Length             Attributes
m_interrupts     0x00000000         0x000000f8         xr
m_text           0x00000410         0x0001fbf0         xr
m_data           0x1fffe000         0x00002000         rw
m_data_20000000  0x20000000         0x00002000         rw
m_cfmprotrom     0x00000400         0x00000010         xr
*default*        0x00000000         0xffffffff

Linker script and memory map

LOAD c:/dev/freescale/kds_3.0.0/toolchain/bin/../lib/gcc/arm-none-eabi/4.8.4/armv7e-m/crti.o
LOAD c:/dev/freescale/kds_3.0.0/toolchain/bin/../lib/gcc/arm-none-eabi/4.8.4/armv7e-m/crtbegin.o
LOAD c:/dev/freescale/kds_3.0.0/toolchain/bin/../lib/gcc/arm-none-eabi/4.8.4/../../../../arm-none-eabi/lib/armv7e-m/crt0.o
LOAD ./src/system/crypto/aes.o
LOAD ./src/system/crypto/cmac.o
LOAD ./src/system/delay.o
LOAD ./src/system/fifo.o
LOAD ./src/system/gpio.o
LOAD ./src/system/gps.o
LOAD ./src/system/i2c.o
LOAD ./src/system/timer.o
LOAD ./src/system/uart.o
LOAD ./src/radio/sx1276/sx1276.o
LOAD ./src/mac/LoRaMacCrypto.o
LOAD ./src/free-rtos/src/croutine.o
LOAD ./src/free-rtos/src/event_groups.o
LOAD ./src/free-rtos/src/heap_1.o
LOAD ./src/free-rtos/src/heap_2.o
LOAD ./src/free-rtos/src/heap_3.o
LOAD ./src/free-rtos/src/heap_4.o
LOAD ./src/free-rtos/src/heap_5.o
LOAD ./src/free-rtos/src/list.o
LOAD ./src/free-rtos/src/queue.o
LOAD ./src/free-rtos/src/tasks.o
LOAD ./src/free-rtos/src/timers.o
LOAD ./src/free-rtos/port/port.o
LOAD ./src/free-rtos/port/portasm.o
LOAD ./src/boards/tinyK20/adc-board.o
LOAD ./src/boards/tinyK20/board.o
LOAD ./src/boards/tinyK20/gpio-board.o
LOAD ./src/boards/tinyK20/gps-board.o
LOAD ./src/boards/tinyK20/i2c-board.o
LOAD ./src/boards/tinyK20/rtc-board.o
LOAD ./src/boards/tinyK20/spi-board.o
LOAD ./src/boards/tinyK20/sx1276-board.o
LOAD ./src/boards/tinyK20/timer-board.o
LOAD ./src/boards/tinyK20/uart-board.o
LOAD ./src/boards/mcu/kinetis/utilities/debug.o
LOAD ./src/boards/mcu/kinetis/utilities/print_scan.o
LOAD ./src/boards/mcu/kinetis/utilities/utilities.o
LOAD ./src/boards/mcu/kinetis/k20d/startup/startup.o
LOAD ./src/boards/mcu/kinetis/k20d/startup/system_MK20D5.o
LOAD ./src/boards/mcu/kinetis/k20d/startup/vectors.o
LOAD ./src/apps/LoRaMesh/rtos/tinyK20/main.o
LOAD ./src/apps/LoRaMesh/rtos/Shell_App/Shell.o
LOAD ./src/apps/LoRaMesh/rtos/Shell_App/Shell_App.o
LOAD ./src/apps/LoRaMesh/rtos/LoRaStack/LoRaFrm.o
LOAD ./src/apps/LoRaMesh/rtos/LoRaStack/LoRaMac.o
LOAD ./src/apps/LoRaMesh/rtos/LoRaStack/LoRaMesh.o
LOAD ./src/apps/LoRaMesh/rtos/LoRaStack/LoRaPhy.o
LOAD ./src/apps/LoRaMesh/rtos/LoRaStack/LoRaTest_App.o
LOAD ./src/apps/LoRaMesh/rtos/LoRaMesh_App/LoRaMesh_App.o
LOAD c:/dev/freescale/kds_3.0.0/toolchain/bin/../lib/gcc/arm-none-eabi/4.8.4/../../../../arm-none-eabi/lib/armv7e-m\libm.a
LOAD c:/dev/freescale/kds_3.0.0/toolchain/bin/../lib/gcc/arm-none-eabi/4.8.4/../../../../arm-none-eabi/lib/armv7e-m\libg.a
LOAD c:/dev/freescale/kds_3.0.0/toolchain/bin/../lib/gcc/arm-none-eabi/4.8.4/armv7e-m\libgcc.a
LOAD c:/dev/freescale/kds_3.0.0/toolchain/bin/../lib/gcc/arm-none-eabi/4.8.4/../../../../arm-none-eabi/lib/armv7e-m\libnosys.a
START GROUP
LOAD c:/dev/freescale/kds_3.0.0/toolchain/bin/../lib/gcc/arm-none-eabi/4.8.4/armv7e-m\libgcc.a
LOAD c:/dev/freescale/kds_3.0.0/toolchain/bin/../lib/gcc/arm-none-eabi/4.8.4/../../../../arm-none-eabi/lib/armv7e-m\libg.a
LOAD c:/dev/freescale/kds_3.0.0/toolchain/bin/../lib/gcc/arm-none-eabi/4.8.4/../../../../arm-none-eabi/lib/armv7e-m\libc.a
END GROUP
START GROUP
LOAD c:/dev/freescale/kds_3.0.0/toolchain/bin/../lib/gcc/arm-none-eabi/4.8.4/armv7e-m\libgcc.a
LOAD c:/dev/freescale/kds_3.0.0/toolchain/bin/../lib/gcc/arm-none-eabi/4.8.4/../../../../arm-none-eabi/lib/armv7e-m\libc.a
LOAD c:/dev/freescale/kds_3.0.0/toolchain/bin/../lib/gcc/arm-none-eabi/4.8.4/../../../../arm-none-eabi/lib/armv7e-m\libnosys.a
END GROUP
LOAD c:/dev/freescale/kds_3.0.0/toolchain/bin/../lib/gcc/arm-none-eabi/4.8.4/armv7e-m/crtend.o
LOAD c:/dev/freescale/kds_3.0.0/toolchain/bin/../lib/gcc/arm-none-eabi/4.8.4/armv7e-m/crtn.o
                0x20000000                _estack = 0x20000000
                0x20000000                __SP_INIT = _estack
                0x20000000                __stack = _estack
                0x00000000                __heap_size = 0x0
                0x00000150                __stack_size = 0x150

.interrupts     0x00000000       0xf8
                0x00000000                __vector_table = .
                0x00000000                . = ALIGN (0x4)
 *(.vectortable)
 .vectortable   0x00000000       0xf8 ./src/boards/mcu/kinetis/k20d/startup/vectors.o
                0x00000000                __vect_table
                0x000000f8                . = ALIGN (0x4)

.cfmprotect     0x00000400       0x10
                0x00000400                . = ALIGN (0x4)
 *(.cfmconfig)
 .cfmconfig     0x00000400       0x10 ./src/boards/mcu/kinetis/k20d/startup/system_MK20D5.o
                0x00000400                _cfm
                0x00000410                . = ALIGN (0x4)

.text           0x00000410    0x12648
                0x00000410                . = ALIGN (0x4)
 *(.text)
 .text          0x00000410       0x54 c:/dev/freescale/kds_3.0.0/toolchain/bin/../lib/gcc/arm-none-eabi/4.8.4/armv7e-m/crtbegin.o
 .text          0x00000464       0x74 c:/dev/freescale/kds_3.0.0/toolchain/bin/../lib/gcc/arm-none-eabi/4.8.4/../../../../arm-none-eabi/lib/armv7e-m/crt0.o
                0x00000464                _start
                0x00000464                _mainCRTStartup
 .text          0x000004d8      0x134 c:/dev/freescale/kds_3.0.0/toolchain/bin/../lib/gcc/arm-none-eabi/4.8.4/../../../../arm-none-eabi/lib/armv7e-m\libg.a(lib_a-memcpy.o)
                0x000004d8                memcpy
 .text          0x0000060c       0x1c c:/dev/freescale/kds_3.0.0/toolchain/bin/../lib/gcc/arm-none-eabi/4.8.4/../../../../arm-none-eabi/lib/armv7e-m\libg.a(lib_a-setjmp.o)
                0x0000060c                setjmp
                0x00000618                longjmp
 .text          0x00000628      0x21c c:/dev/freescale/kds_3.0.0/toolchain/bin/../lib/gcc/arm-none-eabi/4.8.4/../../../../arm-none-eabi/lib/armv7e-m\libg.a(lib_a-strcmp.o)
                0x00000628                strcmp
 .text          0x00000844      0x370 c:/dev/freescale/kds_3.0.0/toolchain/bin/../lib/gcc/arm-none-eabi/4.8.4/armv7e-m\libgcc.a(_arm_addsubdf3.o)
                0x00000844                __aeabi_drsub
                0x0000084c                __aeabi_dsub
                0x0000084c                __subdf3
                0x00000850                __aeabi_dadd
                0x00000850                __adddf3
                0x00000ac8                __floatunsidf
                0x00000ac8                __aeabi_ui2d
                0x00000ae8                __floatsidf
                0x00000ae8                __aeabi_i2d
                0x00000b0c                __aeabi_f2d
                0x00000b0c                __extendsfdf2
                0x00000b48                __floatundidf
                0x00000b48                __aeabi_ul2d
                0x00000b58                __floatdidf
                0x00000b58                __aeabi_l2d
 .text          0x00000bb4      0x424 c:/dev/freescale/kds_3.0.0/toolchain/bin/../lib/gcc/arm-none-eabi/4.8.4/armv7e-m\libgcc.a(_arm_muldivdf3.o)
                0x00000bb4                __aeabi_dmul
                0x00000bb4                __muldf3
                0x00000e08                __divdf3
                0x00000e08                __aeabi_ddiv
 .text          0x00000fd8      0x110 c:/dev/freescale/kds_3.0.0/toolchain/bin/../lib/gcc/arm-none-eabi/4.8.4/armv7e-m\libgcc.a(_arm_cmpdf2.o)
                0x00000fd8                __gtdf2
                0x00000fd8                __gedf2
                0x00000fe0                __ltdf2
                0x00000fe0                __ledf2
                0x00000fe8                __nedf2
                0x00000fe8                __eqdf2
                0x00000fe8                __cmpdf2
                0x00001064                __aeabi_cdrcmple
                0x00001074                __aeabi_cdcmpeq
                0x00001074                __aeabi_cdcmple
                0x00001084                __aeabi_dcmpeq
                0x00001098                __aeabi_dcmplt
                0x000010ac                __aeabi_dcmple
                0x000010c0                __aeabi_dcmpge
                0x000010d4                __aeabi_dcmpgt
 .text          0x000010e8       0x50 c:/dev/freescale/kds_3.0.0/toolchain/bin/../lib/gcc/arm-none-eabi/4.8.4/armv7e-m\libgcc.a(_arm_fixdfsi.o)
                0x000010e8                __aeabi_d2iz
                0x000010e8                __fixdfsi
 .text          0x00001138       0x40 c:/dev/freescale/kds_3.0.0/toolchain/bin/../lib/gcc/arm-none-eabi/4.8.4/armv7e-m\libgcc.a(_arm_fixunsdfsi.o)
                0x00001138                __aeabi_d2uiz
                0x00001138                __fixunsdfsi
 .text          0x00001178       0x2c c:/dev/freescale/kds_3.0.0/toolchain/bin/../lib/gcc/arm-none-eabi/4.8.4/armv7e-m\libgcc.a(_aeabi_uldivmod.o)
                0x00001178                __aeabi_uldivmod
 .text          0x000011a4       0x60 c:/dev/freescale/kds_3.0.0/toolchain/bin/../lib/gcc/arm-none-eabi/4.8.4/armv7e-m\libgcc.a(bpabi.o)
                0x000011a4                __gnu_ldivmod_helper
                0x000011d4                __gnu_uldivmod_helper
 .text          0x00001204        0x4 c:/dev/freescale/kds_3.0.0/toolchain/bin/../lib/gcc/arm-none-eabi/4.8.4/armv7e-m\libgcc.a(_dvmd_tls.o)
                0x00001204                __aeabi_idiv0
                0x00001204                __aeabi_ldiv0
 .text          0x00001208      0x298 c:/dev/freescale/kds_3.0.0/toolchain/bin/../lib/gcc/arm-none-eabi/4.8.4/armv7e-m\libgcc.a(_divdi3.o)
                0x00001208                __divdi3
 .text          0x000014a0      0x284 c:/dev/freescale/kds_3.0.0/toolchain/bin/../lib/gcc/arm-none-eabi/4.8.4/armv7e-m\libgcc.a(_udivdi3.o)
                0x000014a0                __udivdi3
 *(.text*)
 .text.copy_block
                0x00001724       0xb4 ./src/system/crypto/aes.o
 .text.copy_block_nn
                0x000017d8       0x34 ./src/system/crypto/aes.o
 .text.xor_block
                0x0000180c      0x170 ./src/system/crypto/aes.o
 .text.copy_and_key
                0x0000197c      0x170 ./src/system/crypto/aes.o
 .text.add_round_key
                0x00001aec       0x18 ./src/system/crypto/aes.o
 .text.shift_sub_rows
                0x00001b04      0x11c ./src/system/crypto/aes.o
 .text.mix_sub_columns
                0x00001c20      0x2d4 ./src/system/crypto/aes.o
 .text.aes_set_key
                0x00001ef4      0x19c ./src/system/crypto/aes.o
                0x00001ef4                aes_set_key
 .text.aes_encrypt
                0x00002090       0x98 ./src/system/crypto/aes.o
                0x00002090                aes_encrypt
 .text.AES_CMAC_Init
                0x00002128       0x30 ./src/system/crypto/cmac.o
                0x00002128                AES_CMAC_Init
 .text.AES_CMAC_SetKey
                0x00002158       0x1c ./src/system/crypto/cmac.o
                0x00002158                AES_CMAC_SetKey
 .text.AES_CMAC_Update
                0x00002174      0x170 ./src/system/crypto/cmac.o
                0x00002174                AES_CMAC_Update
 .text.AES_CMAC_Final
                0x000022e4      0x2c8 ./src/system/crypto/cmac.o
                0x000022e4                AES_CMAC_Final
 .text.DelayMs  0x000025ac       0x2c ./src/system/delay.o
                0x000025ac                DelayMs
 .text.FifoNext
                0x000025d8       0x2c ./src/system/fifo.o
 .text.FifoInit
                0x00002604       0x30 ./src/system/fifo.o
                0x00002604                FifoInit
 .text.FifoPush
                0x00002634       0x34 ./src/system/fifo.o
                0x00002634                FifoPush
 .text.FifoPop  0x00002668       0x40 ./src/system/fifo.o
                0x00002668                FifoPop
 .text.IsFifoEmpty
                0x000026a8       0x28 ./src/system/fifo.o
                0x000026a8                IsFifoEmpty
 .text.IsFifoFull
                0x000026d0       0x30 ./src/system/fifo.o
                0x000026d0                IsFifoFull
 .text.GpioInit
                0x00002700       0x38 ./src/system/gpio.o
                0x00002700                GpioInit
 .text.GpioSetInterrupt
                0x00002738       0x38 ./src/system/gpio.o
                0x00002738                GpioSetInterrupt
 .text.GpioWrite
                0x00002770       0x28 ./src/system/gpio.o
                0x00002770                GpioWrite
 .text.GpsPpsHandler
                0x00002798       0x54 ./src/system/gps.o
                0x00002798                GpsPpsHandler
 .text.GpsInit  0x000027ec       0x24 ./src/system/gps.o
                0x000027ec                GpsInit
 .text.GpsHasFix
                0x00002810       0x24 ./src/system/gps.o
                0x00002810                GpsHasFix
 .text.GpsHasValidDateTime
                0x00002834      0x14c ./src/system/gps.o
                0x00002834                GpsHasValidDateTime
 .text.GpsGetCurrentUnixTime
                0x00002980       0x18 ./src/system/gps.o
                0x00002980                GpsGetCurrentUnixTime
 .text.GpsConvertPositionIntoBinary
                0x00002998      0x150 ./src/system/gps.o
                0x00002998                GpsConvertPositionIntoBinary
 .text.GpsConvertUnixTimeFromStringToNumerical
                0x00002ae8      0x120 ./src/system/gps.o
                0x00002ae8                GpsConvertUnixTimeFromStringToNumerical
 .text.GpsConvertPositionFromStringToNumerical
                0x00002c08      0x440 ./src/system/gps.o
                0x00002c08                GpsConvertPositionFromStringToNumerical
 .text.GpsGetLatestGpsPositionBinary
                0x00003048       0x48 ./src/system/gps.o
                0x00003048                GpsGetLatestGpsPositionBinary
 .text.GpsGetDistanceToLatestGpsPositionBinary
                0x00003090       0x1c ./src/system/gps.o
                0x00003090                GpsGetDistanceToLatestGpsPositionBinary
 .text.GpsNmeaChecksum
                0x000030ac       0xb0 ./src/system/gps.o
                0x000030ac                GpsNmeaChecksum
 .text.GpsNmeaValidateChecksum
                0x0000315c       0x64 ./src/system/gps.o
 .text.GpsParseGpsData
                0x000031c0      0x788 ./src/system/gps.o
                0x000031c0                GpsParseGpsData
 .text.GpsFormatGpsData
                0x00003948       0x14 ./src/system/gps.o
                0x00003948                GpsFormatGpsData
 .text.GpsResetPosition
                0x0000395c       0x50 ./src/system/gps.o
                0x0000395c                GpsResetPosition
 .text.TimerInit
                0x000039ac       0x5c ./src/system/timer.o
                0x000039ac                TimerInit
 .text.TimerStart
                0x00003a08       0xe8 ./src/system/timer.o
                0x00003a08                TimerStart
 .text.TimerStop
                0x00003af0       0x88 ./src/system/timer.o
                0x00003af0                TimerStop
 .text.TimerSetValue
                0x00003b78       0x64 ./src/system/timer.o
                0x00003b78                TimerSetValue
 .text.TimerGetCurrentTime
                0x00003bdc       0x38 ./src/system/timer.o
                0x00003bdc                TimerGetCurrentTime
 .text.TimerSetLowPowerEnable
                0x00003c14       0x20 ./src/system/timer.o
                0x00003c14                TimerSetLowPowerEnable
 .text.UartInit
                0x00003c34       0x40 ./src/system/uart.o
                0x00003c34                UartInit
 .text.UartConfig
                0x00003c74       0x4c ./src/system/uart.o
                0x00003c74                UartConfig
 .text.UartEnableReceiver
                0x00003cc0       0x34 ./src/system/uart.o
                0x00003cc0                UartEnableReceiver
 .text.UartGetChar
                0x00003cf4       0x28 ./src/system/uart.o
                0x00003cf4                UartGetChar
 .text.UartPutBuffer
                0x00003d1c       0x30 ./src/system/uart.o
                0x00003d1c                UartPutBuffer
 .text.SX1276Init
                0x00003d4c       0x64 ./src/radio/sx1276/sx1276.o
                0x00003d4c                SX1276Init
 .text.SX1276GetStatus
                0x00003db0       0x18 ./src/radio/sx1276/sx1276.o
                0x00003db0                SX1276GetStatus
 .text.SX1276SetChannel
                0x00003dc8       0x78 ./src/radio/sx1276/sx1276.o
                0x00003dc8                SX1276SetChannel
 .text.SX1276IsChannelFree
                0x00003e40       0x58 ./src/radio/sx1276/sx1276.o
                0x00003e40                SX1276IsChannelFree
 .text.SX1276Random
                0x00003e98       0x5c ./src/radio/sx1276/sx1276.o
                0x00003e98                SX1276Random
 *fill*         0x00003ef4        0x4 
 .text.RxChainCalibration
                0x00003ef8       0xe0 ./src/radio/sx1276/sx1276.o
 .text.GetFskBandwidthRegValue
                0x00003fd8       0x58 ./src/radio/sx1276/sx1276.o
 .text.SX1276SetRxConfig
                0x00004030      0x398 ./src/radio/sx1276/sx1276.o
                0x00004030                SX1276SetRxConfig
 .text.SX1276SetTxConfig
                0x000043c8      0x478 ./src/radio/sx1276/sx1276.o
                0x000043c8                SX1276SetTxConfig
 .text.SX1276GetTimeOnAir
                0x00004840      0x370 ./src/radio/sx1276/sx1276.o
                0x00004840                SX1276GetTimeOnAir
 .text.SX1276Send
                0x00004bb0      0x158 ./src/radio/sx1276/sx1276.o
                0x00004bb0                SX1276Send
 .text.SX1276SetSleep
                0x00004d08       0x2c ./src/radio/sx1276/sx1276.o
                0x00004d08                SX1276SetSleep
 .text.SX1276SetStby
                0x00004d34       0x2c ./src/radio/sx1276/sx1276.o
                0x00004d34                SX1276SetStby
 .text.SX1276SetRx
                0x00004d60      0x4b8 ./src/radio/sx1276/sx1276.o
                0x00004d60                SX1276SetRx
 .text.SX1276SetTx
                0x00005218       0xe4 ./src/radio/sx1276/sx1276.o
                0x00005218                SX1276SetTx
 .text.SX1276StartCad
                0x000052fc       0x4c ./src/radio/sx1276/sx1276.o
                0x000052fc                SX1276StartCad
 .text.SX1276ReadRssi
                0x00005348       0x78 ./src/radio/sx1276/sx1276.o
                0x00005348                SX1276ReadRssi
 .text.SX1276Reset
                0x000053c0       0xb4 ./src/radio/sx1276/sx1276.o
                0x000053c0                SX1276Reset
 .text.SX1276SetOpMode
                0x00005474       0x6c ./src/radio/sx1276/sx1276.o
                0x00005474                SX1276SetOpMode
 .text.SX1276SetModem
                0x000054e0       0x9c ./src/radio/sx1276/sx1276.o
                0x000054e0                SX1276SetModem
 .text.SX1276Write
                0x0000557c       0x24 ./src/radio/sx1276/sx1276.o
                0x0000557c                SX1276Write
 .text.SX1276Read
                0x000055a0       0x24 ./src/radio/sx1276/sx1276.o
                0x000055a0                SX1276Read
 .text.SX1276WriteBuffer
                0x000055c4       0x64 ./src/radio/sx1276/sx1276.o
                0x000055c4                SX1276WriteBuffer
 .text.SX1276ReadBuffer
                0x00005628       0x68 ./src/radio/sx1276/sx1276.o
                0x00005628                SX1276ReadBuffer
 .text.SX1276WriteFifo
                0x00005690       0x20 ./src/radio/sx1276/sx1276.o
                0x00005690                SX1276WriteFifo
 .text.SX1276ReadFifo
                0x000056b0       0x20 ./src/radio/sx1276/sx1276.o
                0x000056b0                SX1276ReadFifo
 .text.SX1276SetMaxPayloadLength
                0x000056d0       0x58 ./src/radio/sx1276/sx1276.o
                0x000056d0                SX1276SetMaxPayloadLength
 .text.SX1276OnTimeoutIrq
                0x00005728       0xd8 ./src/radio/sx1276/sx1276.o
                0x00005728                SX1276OnTimeoutIrq
 .text.SX1276OnDio0Irq
                0x00005800      0x484 ./src/radio/sx1276/sx1276.o
                0x00005800                SX1276OnDio0Irq
 .text.SX1276OnDio1Irq
                0x00005c84      0x1e8 ./src/radio/sx1276/sx1276.o
                0x00005c84                SX1276OnDio1Irq
 *fill*         0x00005e6c        0x4 
 .text.SX1276OnDio2Irq
                0x00005e70      0x178 ./src/radio/sx1276/sx1276.o
                0x00005e70                SX1276OnDio2Irq
 .text.SX1276OnDio3Irq
                0x00005fe8       0x80 ./src/radio/sx1276/sx1276.o
                0x00005fe8                SX1276OnDio3Irq
 .text.SX1276OnDio4Irq
                0x00006068       0x38 ./src/radio/sx1276/sx1276.o
                0x00006068                SX1276OnDio4Irq
 .text.LoRaMacComputeMic
                0x000060a0       0xcc ./src/mac/LoRaMacCrypto.o
                0x000060a0                LoRaMacComputeMic
 .text.LoRaMacPayloadEncrypt
                0x0000616c      0x140 ./src/mac/LoRaMacCrypto.o
                0x0000616c                LoRaMacPayloadEncrypt
 .text.LoRaMacJoinComputeMic
                0x000062ac       0x64 ./src/mac/LoRaMacCrypto.o
                0x000062ac                LoRaMacJoinComputeMic
 .text.LoRaMacJoinDecrypt
                0x00006310       0x54 ./src/mac/LoRaMacCrypto.o
                0x00006310                LoRaMacJoinDecrypt
 .text.LoRaMacJoinComputeSKeys
                0x00006364       0xb4 ./src/mac/LoRaMacCrypto.o
                0x00006364                LoRaMacJoinComputeSKeys
 .text.pvPortMalloc
                0x00006418      0x118 ./src/free-rtos/src/heap_2.o
                0x00006418                pvPortMalloc
 .text.vPortFree
                0x00006530       0x70 ./src/free-rtos/src/heap_2.o
                0x00006530                vPortFree
 .text.prvHeapInit
                0x000065a0       0x50 ./src/free-rtos/src/heap_2.o
 .text.vListInitialise
                0x000065f0       0x40 ./src/free-rtos/src/list.o
                0x000065f0                vListInitialise
 .text.vListInitialiseItem
                0x00006630       0x18 ./src/free-rtos/src/list.o
                0x00006630                vListInitialiseItem
 .text.vListInsertEnd
                0x00006648       0x48 ./src/free-rtos/src/list.o
                0x00006648                vListInsertEnd
 .text.vListInsert
                0x00006690       0x70 ./src/free-rtos/src/list.o
                0x00006690                vListInsert
 .text.uxListRemove
                0x00006700       0x54 ./src/free-rtos/src/list.o
                0x00006700                uxListRemove
 .text.xQueueGenericReset
                0x00006754       0xb0 ./src/free-rtos/src/queue.o
                0x00006754                xQueueGenericReset
 .text.xQueueGenericCreate
                0x00006804       0x90 ./src/free-rtos/src/queue.o
                0x00006804                xQueueGenericCreate
 .text.xQueueGenericSend
                0x00006894      0x18c ./src/free-rtos/src/queue.o
                0x00006894                xQueueGenericSend
 .text.xQueueGenericSendFromISR
                0x00006a20       0xd0 ./src/free-rtos/src/queue.o
                0x00006a20                xQueueGenericSendFromISR
 .text.xQueueGenericReceive
                0x00006af0      0x1bc ./src/free-rtos/src/queue.o
                0x00006af0                xQueueGenericReceive
 .text.prvCopyDataToQueue
                0x00006cac       0xdc ./src/free-rtos/src/queue.o
 .text.prvCopyDataFromQueue
                0x00006d88       0x4c ./src/free-rtos/src/queue.o
 .text.prvUnlockQueue
                0x00006dd4       0x98 ./src/free-rtos/src/queue.o
 .text.prvIsQueueEmpty
                0x00006e6c       0x2c ./src/free-rtos/src/queue.o
 .text.prvIsQueueFull
                0x00006e98       0x30 ./src/free-rtos/src/queue.o
 .text.vQueueWaitForMessageRestricted
                0x00006ec8       0x5c ./src/free-rtos/src/queue.o
                0x00006ec8                vQueueWaitForMessageRestricted
 .text.xTaskGenericCreate
                0x00006f24      0x160 ./src/free-rtos/src/tasks.o
                0x00006f24                xTaskGenericCreate
 .text.vTaskDelay
                0x00007084       0x64 ./src/free-rtos/src/tasks.o
                0x00007084                vTaskDelay
 .text.vTaskStartScheduler
                0x000070e8       0x7c ./src/free-rtos/src/tasks.o
                0x000070e8                vTaskStartScheduler
 .text.vTaskSuspendAll
                0x00007164       0x1c ./src/free-rtos/src/tasks.o
                0x00007164                vTaskSuspendAll
 .text.xTaskResumeAll
                0x00007180      0x10c ./src/free-rtos/src/tasks.o
                0x00007180                xTaskResumeAll
 .text.xTaskGetTickCount
                0x0000728c       0x24 ./src/free-rtos/src/tasks.o
                0x0000728c                xTaskGetTickCount
 .text.xTaskGetTickCountFromISR
                0x000072b0       0x28 ./src/free-rtos/src/tasks.o
                0x000072b0                xTaskGetTickCountFromISR
 .text.xTaskIncrementTick
                0x000072d8      0x170 ./src/free-rtos/src/tasks.o
                0x000072d8                xTaskIncrementTick
 .text.vTaskSwitchContext
                0x00007448       0xc8 ./src/free-rtos/src/tasks.o
                0x00007448                vTaskSwitchContext
 .text.vTaskPlaceOnEventList
                0x00007510       0x6c ./src/free-rtos/src/tasks.o
                0x00007510                vTaskPlaceOnEventList
 .text.vTaskPlaceOnEventListRestricted
                0x0000757c       0x6c ./src/free-rtos/src/tasks.o
                0x0000757c                vTaskPlaceOnEventListRestricted
 .text.xTaskRemoveFromEventList
                0x000075e8       0xb8 ./src/free-rtos/src/tasks.o
                0x000075e8                xTaskRemoveFromEventList
 .text.vTaskSetTimeOutState
                0x000076a0       0x34 ./src/free-rtos/src/tasks.o
                0x000076a0                vTaskSetTimeOutState
 .text.xTaskCheckForTimeOut
                0x000076d4       0xa0 ./src/free-rtos/src/tasks.o
                0x000076d4                xTaskCheckForTimeOut
 .text.vTaskMissedYield
                0x00007774       0x18 ./src/free-rtos/src/tasks.o
                0x00007774                vTaskMissedYield
 .text.prvIdleTask
                0x0000778c       0x24 ./src/free-rtos/src/tasks.o
 .text.prvInitialiseTCBVariables
                0x000077b0       0xa4 ./src/free-rtos/src/tasks.o
 .text.prvInitialiseTaskLists
                0x00007854       0x74 ./src/free-rtos/src/tasks.o
 .text.prvCheckTasksWaitingTermination
                0x000078c8        0xc ./src/free-rtos/src/tasks.o
 .text.prvAddCurrentTaskToDelayedList
                0x000078d4       0x6c ./src/free-rtos/src/tasks.o
 .text.prvAllocateTCBAndStack
                0x00007940       0x70 ./src/free-rtos/src/tasks.o
 .text.prvResetNextTaskUnblockTime
                0x000079b0       0x48 ./src/free-rtos/src/tasks.o
 .text.xTaskGetSchedulerState
                0x000079f8       0x3c ./src/free-rtos/src/tasks.o
                0x000079f8                xTaskGetSchedulerState
 .text.vTaskPriorityInherit
                0x00007a34       0xbc ./src/free-rtos/src/tasks.o
                0x00007a34                vTaskPriorityInherit
 .text.xTaskPriorityDisinherit
                0x00007af0       0xbc ./src/free-rtos/src/tasks.o
                0x00007af0                xTaskPriorityDisinherit
 .text.pvTaskIncrementMutexHeldCount
                0x00007bac       0x28 ./src/free-rtos/src/tasks.o
                0x00007bac                pvTaskIncrementMutexHeldCount
 .text.xTimerCreateTimerTask
                0x00007bd4       0x58 ./src/free-rtos/src/timers.o
                0x00007bd4                xTimerCreateTimerTask
 .text.xTimerCreate
                0x00007c2c       0x6c ./src/free-rtos/src/timers.o
                0x00007c2c                xTimerCreate
 .text.xTimerGenericCommand
                0x00007c98       0x98 ./src/free-rtos/src/timers.o
                0x00007c98                xTimerGenericCommand
 .text.pcTimerGetTimerName
                0x00007d30       0x24 ./src/free-rtos/src/timers.o
                0x00007d30                pcTimerGetTimerName
 .text.prvProcessExpiredTimer
                0x00007d54       0x70 ./src/free-rtos/src/timers.o
 .text.prvTimerTask
                0x00007dc4       0x24 ./src/free-rtos/src/timers.o
 .text.prvProcessTimerOrBlockTask
                0x00007de8       0x8c ./src/free-rtos/src/timers.o
 .text.prvGetNextExpireTime
                0x00007e74       0x48 ./src/free-rtos/src/timers.o
 .text.prvSampleTimeNow
                0x00007ebc       0x40 ./src/free-rtos/src/timers.o
 .text.prvInsertTimerInActiveList
                0x00007efc       0x84 ./src/free-rtos/src/timers.o
 .text.prvProcessReceivedCommands
                0x00007f80      0x13c ./src/free-rtos/src/timers.o
 .text.prvSwitchTimerLists
                0x000080bc       0xb0 ./src/free-rtos/src/timers.o
 .text.prvCheckForValidListAndQueue
                0x0000816c       0x60 ./src/free-rtos/src/timers.o
 .text.prvTaskExitError
                0x000081cc       0x20 ./src/free-rtos/port/port.o
                0x000081cc                prvTaskExitError
 .text.pxPortInitialiseStack
                0x000081ec       0x58 ./src/free-rtos/port/port.o
                0x000081ec                pxPortInitialiseStack
 .text.vPortInitTickTimer
                0x00008244       0x40 ./src/free-rtos/port/port.o
                0x00008244                vPortInitTickTimer
 .text.vPortStartTickTimer
                0x00008284       0x18 ./src/free-rtos/port/port.o
                0x00008284                vPortStartTickTimer
 .text.xPortStartScheduler
                0x0000829c       0x44 ./src/free-rtos/port/port.o
                0x0000829c                xPortStartScheduler
 .text.vPortEnterCritical
                0x000082e0       0x20 ./src/free-rtos/port/port.o
                0x000082e0                vPortEnterCritical
 .text.vPortExitCritical
                0x00008300       0x24 ./src/free-rtos/port/port.o
                0x00008300                vPortExitCritical
 .text.vPortYieldFromISR
                0x00008324       0x20 ./src/free-rtos/port/port.o
                0x00008324                vPortYieldFromISR
 .text.vPortTickHandler
                0x00008344       0x30 ./src/free-rtos/port/port.o
                0x00008344                vPortTickHandler
 .text.vPortStartFirstTask
                0x00008374       0x20 ./src/free-rtos/port/port.o
                0x00008374                vPortStartFirstTask
 .text.vPortSVCHandler
                0x00008394       0x20 ./src/free-rtos/port/port.o
                0x00008394                vPortSVCHandler
 .text.vPortPendSVHandler
                0x000083b4       0x3c ./src/free-rtos/port/port.o
                0x000083b4                vPortPendSVHandler
 .text.ulPortSetInterruptMask
                0x000083f0       0x14 ./src/free-rtos/port/port.o
                0x000083f0                ulPortSetInterruptMask
 .text.vPortClearInterruptMask
                0x00008404        0x8 ./src/free-rtos/port/port.o
                0x00008404                vPortClearInterruptMask
 .text.BoardInitPeriph
                0x0000840c       0x48 ./src/boards/tinyK20/board.o
                0x0000840c                BoardInitPeriph
 .text.BoardInitMcu
                0x00008454       0x58 ./src/boards/tinyK20/board.o
                0x00008454                BoardInitMcu
 .text.BoardUnusedIoInit
                0x000084ac        0xc ./src/boards/tinyK20/board.o
 .text.GpioMcuInit
                0x000084b8      0x448 ./src/boards/tinyK20/gpio-board.o
                0x000084b8                GpioMcuInit
 .text.GpioMcuSetInterrupt
                0x00008900      0x16c ./src/boards/tinyK20/gpio-board.o
                0x00008900                GpioMcuSetInterrupt
 .text.GpioMcuWrite
                0x00008a6c       0x70 ./src/boards/tinyK20/gpio-board.o
                0x00008a6c                GpioMcuWrite
 .text.PORTA_IRQHandler
                0x00008adc       0x94 ./src/boards/tinyK20/gpio-board.o
                0x00008adc                PORTA_IRQHandler
 .text.PORTB_IRQHandler
                0x00008b70       0xbc ./src/boards/tinyK20/gpio-board.o
                0x00008b70                PORTB_IRQHandler
 .text.PORTC_IRQHandler
                0x00008c2c       0xd0 ./src/boards/tinyK20/gpio-board.o
                0x00008c2c                PORTC_IRQHandler
 .text.PORTD_IRQHandler
                0x00008cfc       0xd0 ./src/boards/tinyK20/gpio-board.o
                0x00008cfc                PORTD_IRQHandler
 .text.GpsMcuOnPpsSignal
                0x00008dcc       0x2c ./src/boards/tinyK20/gps-board.o
                0x00008dcc                GpsMcuOnPpsSignal
 .text.GpsMcuInit
                0x00008df8       0x98 ./src/boards/tinyK20/gps-board.o
                0x00008df8                GpsMcuInit
 .text.GpsMcuIrqNotify
                0x00008e90      0x11c ./src/boards/tinyK20/gps-board.o
                0x00008e90                GpsMcuIrqNotify
 .text.I2C0_IRQHandler
                0x00008fac       0x14 ./src/boards/tinyK20/i2c-board.o
                0x00008fac                I2C0_IRQHandler
 .text.BlockLowPowerDuringTask
                0x00008fc0       0x14 ./src/boards/tinyK20/rtc-board.o
                0x00008fc0                BlockLowPowerDuringTask
 .text.SpiInit  0x00008fd4      0x198 ./src/boards/tinyK20/spi-board.o
                0x00008fd4                SpiInit
 .text.SpiFormat
                0x0000916c      0x144 ./src/boards/tinyK20/spi-board.o
                0x0000916c                SpiFormat
 .text.SpiFrequency
                0x000092b0      0x130 ./src/boards/tinyK20/spi-board.o
                0x000092b0                SpiFrequency
 .text.SpiInOut
                0x000093e0       0xf0 ./src/boards/tinyK20/spi-board.o
                0x000093e0                SpiInOut
 .text.SX1276IoInit
                0x000094d0       0xb4 ./src/boards/tinyK20/sx1276-board.o
                0x000094d0                SX1276IoInit
 .text.SX1276IoIrqInit
                0x00009584       0x84 ./src/boards/tinyK20/sx1276-board.o
                0x00009584                SX1276IoIrqInit
 .text.SX1276GetPaSelect
                0x00009608       0x28 ./src/boards/tinyK20/sx1276-board.o
                0x00009608                SX1276GetPaSelect
 .text.SX1276SetAntSwLowPower
                0x00009630       0x3c ./src/boards/tinyK20/sx1276-board.o
                0x00009630                SX1276SetAntSwLowPower
 .text.SX1276AntSwInit
                0x0000966c       0x24 ./src/boards/tinyK20/sx1276-board.o
                0x0000966c                SX1276AntSwInit
 .text.SX1276AntSwDeInit
                0x00009690       0x24 ./src/boards/tinyK20/sx1276-board.o
                0x00009690                SX1276AntSwDeInit
 .text.SX1276SetAntSw
                0x000096b4       0x48 ./src/boards/tinyK20/sx1276-board.o
                0x000096b4                SX1276SetAntSw
 .text.SX1276CheckRfFrequency
                0x000096fc       0x18 ./src/boards/tinyK20/sx1276-board.o
                0x000096fc                SX1276CheckRfFrequency
 .text.UartMcuInit
                0x00009714      0x130 ./src/boards/tinyK20/uart-board.o
                0x00009714                UartMcuInit
 .text.UartMcuConfig
                0x00009844      0x290 ./src/boards/tinyK20/uart-board.o
                0x00009844                UartMcuConfig
 .text.UartMcuEnableReceiver
                0x00009ad4       0x6c ./src/boards/tinyK20/uart-board.o
                0x00009ad4                UartMcuEnableReceiver
 .text.UartMcuPutChar
                0x00009b40       0x44 ./src/boards/tinyK20/uart-board.o
                0x00009b40                UartMcuPutChar
 .text.UartMcuPutBuffer
                0x00009b84       0x50 ./src/boards/tinyK20/uart-board.o
                0x00009b84                UartMcuPutBuffer
 .text.UartMcuGetChar
                0x00009bd4       0x44 ./src/boards/tinyK20/uart-board.o
                0x00009bd4                UartMcuGetChar
 .text.UartInterruptHandler
                0x00009c18       0xb0 ./src/boards/tinyK20/uart-board.o
                0x00009c18                UartInterruptHandler
 .text.UART0_RX_TX_IRQHandler
                0x00009cc8       0x20 ./src/boards/tinyK20/uart-board.o
                0x00009cc8                UART0_RX_TX_IRQHandler
 .text.UART1_RX_TX_IRQHandler
                0x00009ce8       0x20 ./src/boards/tinyK20/uart-board.o
                0x00009ce8                UART1_RX_TX_IRQHandler
 .text.DbgConsole_Init
                0x00009d08       0x20 ./src/boards/mcu/kinetis/utilities/debug.o
                0x00009d08                DbgConsole_Init
 .text.debug_printf
                0x00009d28       0x48 ./src/boards/mcu/kinetis/utilities/debug.o
                0x00009d28                debug_printf
 .text.debug_putc
                0x00009d70       0x40 ./src/boards/mcu/kinetis/utilities/debug.o
 .text._doprint
                0x00009db0      0x754 ./src/boards/mcu/kinetis/utilities/print_scan.o
                0x00009db0                _doprint
 .text.mknumstr
                0x0000a504      0x110 ./src/boards/mcu/kinetis/utilities/print_scan.o
 .text.fput_pad
                0x0000a614       0x40 ./src/boards/mcu/kinetis/utilities/print_scan.o
 .text.custom_strcpy
                0x0000a654       0x48 ./src/boards/mcu/kinetis/utilities/utilities.o
                0x0000a654                custom_strcpy
 .text.custom_strcat
                0x0000a69c       0x64 ./src/boards/mcu/kinetis/utilities/utilities.o
                0x0000a69c                custom_strcat
 .text.num8uToStr
                0x0000a700       0x24 ./src/boards/mcu/kinetis/utilities/utilities.o
                0x0000a700                num8uToStr
 .text.num16uToStr
                0x0000a724       0xe8 ./src/boards/mcu/kinetis/utilities/utilities.o
                0x0000a724                num16uToStr
 .text.strcatNum8u
                0x0000a80c       0x34 ./src/boards/mcu/kinetis/utilities/utilities.o
                0x0000a80c                strcatNum8u
 .text.strcatNum16u
                0x0000a840       0x34 ./src/boards/mcu/kinetis/utilities/utilities.o
                0x0000a840                strcatNum16u
 .text.strcatNum8Hex
                0x0000a874       0x5c ./src/boards/mcu/kinetis/utilities/utilities.o
                0x0000a874                strcatNum8Hex
 .text.strcatNum32Hex
                0x0000a8d0       0x68 ./src/boards/mcu/kinetis/utilities/utilities.o
                0x0000a8d0                strcatNum32Hex
 .text.strcatNum32u
                0x0000a938       0x30 ./src/boards/mcu/kinetis/utilities/utilities.o
                0x0000a938                strcatNum32u
 .text.num32uToStr
                0x0000a968       0xe4 ./src/boards/mcu/kinetis/utilities/utilities.o
                0x0000a968                num32uToStr
 .text.rand1    0x0000aa4c       0x48 ./src/boards/mcu/kinetis/utilities/utilities.o
                0x0000aa4c                rand1
 .text.srand1   0x0000aa94       0x1c ./src/boards/mcu/kinetis/utilities/utilities.o
                0x0000aa94                srand1
 .text.randr    0x0000aab0       0x30 ./src/boards/mcu/kinetis/utilities/utilities.o
                0x0000aab0                randr
 .text.memcpy1  0x0000aae0       0x34 ./src/boards/mcu/kinetis/utilities/utilities.o
                0x0000aae0                memcpy1
 .text.memset1  0x0000ab14       0x30 ./src/boards/mcu/kinetis/utilities/utilities.o
                0x0000ab14                memset1
 .text.Nibble2HexChar
                0x0000ab44       0x3c ./src/boards/mcu/kinetis/utilities/utilities.o
                0x0000ab44                Nibble2HexChar
 .text.__copy_rom_section
                0x0000ab80       0xe4 ./src/boards/mcu/kinetis/k20d/startup/startup.o
                0x0000ab80                __copy_rom_section
 .text.__copy_rom_sections_to_ram
                0x0000ac64       0x9c ./src/boards/mcu/kinetis/k20d/startup/startup.o
                0x0000ac64                __copy_rom_sections_to_ram
 .text.__init_registers
                0x0000ad00        0xc ./src/boards/mcu/kinetis/k20d/startup/startup.o
                0x0000ad00                __init_registers
 .text.__init_user
                0x0000ad0c        0xc ./src/boards/mcu/kinetis/k20d/startup/startup.o
                0x0000ad0c                __init_user
 .text.__thumb_startup
                0x0000ad18       0x34 ./src/boards/mcu/kinetis/k20d/startup/startup.o
                0x0000ad18                __thumb_startup
 .text.NMI_Handler
                0x0000ad4c       0x18 ./src/boards/mcu/kinetis/k20d/startup/system_MK20D5.o
                0x0000ad4c                NMI_Handler
 .text.HardFault_Handler
                0x0000ad64       0x18 ./src/boards/mcu/kinetis/k20d/startup/system_MK20D5.o
                0x0000ad64                HardFault_Handler
 .text.MemManage_Handler
                0x0000ad7c       0x18 ./src/boards/mcu/kinetis/k20d/startup/system_MK20D5.o
                0x0000ad7c                MemManage_Handler
 .text.BusFault_Handler
                0x0000ad94       0x18 ./src/boards/mcu/kinetis/k20d/startup/system_MK20D5.o
                0x0000ad94                BusFault_Handler
 .text.UsageFault_Handler
                0x0000adac       0x18 ./src/boards/mcu/kinetis/k20d/startup/system_MK20D5.o
                0x0000adac                UsageFault_Handler
 .text.DMA0_IRQHandler
                0x0000adc4       0x18 ./src/boards/mcu/kinetis/k20d/startup/system_MK20D5.o
                0x0000adc4                DMA0_IRQHandler
 .text.DMA1_IRQHandler
                0x0000addc       0x18 ./src/boards/mcu/kinetis/k20d/startup/system_MK20D5.o
                0x0000addc                DMA1_IRQHandler
 .text.DMA2_IRQHandler
                0x0000adf4       0x18 ./src/boards/mcu/kinetis/k20d/startup/system_MK20D5.o
                0x0000adf4                DMA2_IRQHandler
 .text.DMA3_IRQHandler
                0x0000ae0c       0x18 ./src/boards/mcu/kinetis/k20d/startup/system_MK20D5.o
                0x0000ae0c                DMA3_IRQHandler
 .text.DMA_Error_IRQHandler
                0x0000ae24       0x18 ./src/boards/mcu/kinetis/k20d/startup/system_MK20D5.o
                0x0000ae24                DMA_Error_IRQHandler
 .text.Reserved21_IRQHandler
                0x0000ae3c       0x18 ./src/boards/mcu/kinetis/k20d/startup/system_MK20D5.o
                0x0000ae3c                Reserved21_IRQHandler
 .text.FTF_IRQHandler
                0x0000ae54       0x18 ./src/boards/mcu/kinetis/k20d/startup/system_MK20D5.o
                0x0000ae54                FTF_IRQHandler
 .text.Read_Collision_IRQHandler
                0x0000ae6c       0x18 ./src/boards/mcu/kinetis/k20d/startup/system_MK20D5.o
                0x0000ae6c                Read_Collision_IRQHandler
 .text.LVD_LVW_IRQHandler
                0x0000ae84       0x18 ./src/boards/mcu/kinetis/k20d/startup/system_MK20D5.o
                0x0000ae84                LVD_LVW_IRQHandler
 .text.LLWU_IRQHandler
                0x0000ae9c       0x18 ./src/boards/mcu/kinetis/k20d/startup/system_MK20D5.o
                0x0000ae9c                LLWU_IRQHandler
 .text.WDOG_IRQHandler
                0x0000aeb4       0x18 ./src/boards/mcu/kinetis/k20d/startup/system_MK20D5.o
                0x0000aeb4                WDOG_IRQHandler
 .text.SPI0_IRQHandler
                0x0000aecc       0x18 ./src/boards/mcu/kinetis/k20d/startup/system_MK20D5.o
                0x0000aecc                SPI0_IRQHandler
 .text.I2S0_Tx_IRQHandler
                0x0000aee4       0x18 ./src/boards/mcu/kinetis/k20d/startup/system_MK20D5.o
                0x0000aee4                I2S0_Tx_IRQHandler
 .text.I2S0_Rx_IRQHandler
                0x0000aefc       0x18 ./src/boards/mcu/kinetis/k20d/startup/system_MK20D5.o
                0x0000aefc                I2S0_Rx_IRQHandler
 .text.UART0_LON_IRQHandler
                0x0000af14       0x18 ./src/boards/mcu/kinetis/k20d/startup/system_MK20D5.o
                0x0000af14                UART0_LON_IRQHandler
 .text.UART0_ERR_IRQHandler
                0x0000af2c       0x18 ./src/boards/mcu/kinetis/k20d/startup/system_MK20D5.o
                0x0000af2c                UART0_ERR_IRQHandler
 .text.UART1_ERR_IRQHandler
                0x0000af44       0x18 ./src/boards/mcu/kinetis/k20d/startup/system_MK20D5.o
                0x0000af44                UART1_ERR_IRQHandler
 .text.UART2_RX_TX_IRQHandler
                0x0000af5c       0x18 ./src/boards/mcu/kinetis/k20d/startup/system_MK20D5.o
                0x0000af5c                UART2_RX_TX_IRQHandler
 .text.UART2_ERR_IRQHandler
                0x0000af74       0x18 ./src/boards/mcu/kinetis/k20d/startup/system_MK20D5.o
                0x0000af74                UART2_ERR_IRQHandler
 .text.ADC0_IRQHandler
                0x0000af8c       0x18 ./src/boards/mcu/kinetis/k20d/startup/system_MK20D5.o
                0x0000af8c                ADC0_IRQHandler
 .text.CMP0_IRQHandler
                0x0000afa4       0x18 ./src/boards/mcu/kinetis/k20d/startup/system_MK20D5.o
                0x0000afa4                CMP0_IRQHandler
 .text.CMP1_IRQHandler
                0x0000afbc       0x18 ./src/boards/mcu/kinetis/k20d/startup/system_MK20D5.o
                0x0000afbc                CMP1_IRQHandler
 .text.FTM0_IRQHandler
                0x0000afd4       0x18 ./src/boards/mcu/kinetis/k20d/startup/system_MK20D5.o
                0x0000afd4                FTM0_IRQHandler
 .text.FTM1_IRQHandler
                0x0000afec       0x18 ./src/boards/mcu/kinetis/k20d/startup/system_MK20D5.o
                0x0000afec                FTM1_IRQHandler
 .text.CMT_IRQHandler
                0x0000b004       0x18 ./src/boards/mcu/kinetis/k20d/startup/system_MK20D5.o
                0x0000b004                CMT_IRQHandler
 .text.RTC_IRQHandler
                0x0000b01c       0x18 ./src/boards/mcu/kinetis/k20d/startup/system_MK20D5.o
                0x0000b01c                RTC_IRQHandler
 .text.RTC_Seconds_IRQHandler
                0x0000b034       0x18 ./src/boards/mcu/kinetis/k20d/startup/system_MK20D5.o
                0x0000b034                RTC_Seconds_IRQHandler
 .text.PIT0_IRQHandler
                0x0000b04c       0x18 ./src/boards/mcu/kinetis/k20d/startup/system_MK20D5.o
                0x0000b04c                PIT0_IRQHandler
 .text.PIT1_IRQHandler
                0x0000b064       0x18 ./src/boards/mcu/kinetis/k20d/startup/system_MK20D5.o
                0x0000b064                PIT1_IRQHandler
 .text.PIT2_IRQHandler
                0x0000b07c       0x18 ./src/boards/mcu/kinetis/k20d/startup/system_MK20D5.o
                0x0000b07c                PIT2_IRQHandler
 .text.PIT3_IRQHandler
                0x0000b094       0x18 ./src/boards/mcu/kinetis/k20d/startup/system_MK20D5.o
                0x0000b094                PIT3_IRQHandler
 .text.PDB0_IRQHandler
                0x0000b0ac       0x18 ./src/boards/mcu/kinetis/k20d/startup/system_MK20D5.o
                0x0000b0ac                PDB0_IRQHandler
 .text.USB0_IRQHandler
                0x0000b0c4       0x18 ./src/boards/mcu/kinetis/k20d/startup/system_MK20D5.o
                0x0000b0c4                USB0_IRQHandler
 .text.USBCDC_IRQHandler
                0x0000b0dc       0x18 ./src/boards/mcu/kinetis/k20d/startup/system_MK20D5.o
                0x0000b0dc                USBCDC_IRQHandler
 .text.TSI0_IRQHandler
                0x0000b0f4       0x18 ./src/boards/mcu/kinetis/k20d/startup/system_MK20D5.o
                0x0000b0f4                TSI0_IRQHandler
 .text.MCG_IRQHandler
                0x0000b10c       0x18 ./src/boards/mcu/kinetis/k20d/startup/system_MK20D5.o
                0x0000b10c                MCG_IRQHandler
 .text.LPTMR0_IRQHandler
                0x0000b124       0x18 ./src/boards/mcu/kinetis/k20d/startup/system_MK20D5.o
                0x0000b124                LPTMR0_IRQHandler
 .text.PORTE_IRQHandler
                0x0000b13c       0x18 ./src/boards/mcu/kinetis/k20d/startup/system_MK20D5.o
                0x0000b13c                PORTE_IRQHandler
 .text.SWI_IRQHandler
                0x0000b154       0x18 ./src/boards/mcu/kinetis/k20d/startup/system_MK20D5.o
                0x0000b154                SWI_IRQHandler
 .text.__init_hardware
                0x0000b16c      0x1f8 ./src/boards/mcu/kinetis/k20d/startup/system_MK20D5.o
                0x0000b16c                __init_hardware
 .text.Cpu_SetBASEPRI
                0x0000b364       0x18 ./src/boards/mcu/kinetis/k20d/startup/system_MK20D5.o
                0x0000b364                Cpu_SetBASEPRI
 .text.low_level_init
                0x0000b37c      0x108 ./src/boards/mcu/kinetis/k20d/startup/system_MK20D5.o
                0x0000b37c                low_level_init
 .text.main     0x0000b484       0x4c ./src/apps/LoRaMesh/rtos/tinyK20/main.o
                0x0000b484                main
 .text.vApplicationIdleHook
                0x0000b4d0       0x74 ./src/apps/LoRaMesh/rtos/tinyK20/main.o
                0x0000b4d0                vApplicationIdleHook
 .text.vApplicationStackOverflowHook
                0x0000b544       0x10 ./src/apps/LoRaMesh/rtos/tinyK20/main.o
                0x0000b544                vApplicationStackOverflowHook
 .text.Shell_Init
                0x0000b554       0x48 ./src/apps/LoRaMesh/rtos/Shell_App/Shell.o
                0x0000b554                Shell_Init
 .text.Shell_SendHelpStr
                0x0000b59c       0x24 ./src/apps/LoRaMesh/rtos/Shell_App/Shell.o
                0x0000b59c                Shell_SendHelpStr
 .text.Shell_SendStatusStr
                0x0000b5c0       0x24 ./src/apps/LoRaMesh/rtos/Shell_App/Shell.o
                0x0000b5c0                Shell_SendStatusStr
 .text.Shell_SendStr
                0x0000b5e4       0x28 ./src/apps/LoRaMesh/rtos/Shell_App/Shell.o
                0x0000b5e4                Shell_SendStr
 .text.Shell_ParseCommand
                0x0000b60c      0x104 ./src/apps/LoRaMesh/rtos/Shell_App/Shell.o
                0x0000b60c                Shell_ParseCommand
 .text.Shell_ParseWithCommandTable
                0x0000b710       0x88 ./src/apps/LoRaMesh/rtos/Shell_App/Shell.o
                0x0000b710                Shell_ParseWithCommandTable
 .text.Shell_ReadAndParseWithCommandTable
                0x0000b798       0xd0 ./src/apps/LoRaMesh/rtos/Shell_App/Shell.o
                0x0000b798                Shell_ReadAndParseWithCommandTable
 .text.Shell_GetStdio
                0x0000b868       0x18 ./src/apps/LoRaMesh/rtos/Shell_App/Shell.o
                0x0000b868                Shell_GetStdio
 .text.Shell_ReadChar
                0x0000b880       0x38 ./src/apps/LoRaMesh/rtos/Shell_App/Shell.o
                0x0000b880                Shell_ReadChar
 .text.Shell_SendChar
                0x0000b8b8       0x30 ./src/apps/LoRaMesh/rtos/Shell_App/Shell.o
                0x0000b8b8                Shell_SendChar
 .text.Shell_KeyPressed
                0x0000b8e8       0x2c ./src/apps/LoRaMesh/rtos/Shell_App/Shell.o
                0x0000b8e8                Shell_KeyPressed
 .text.IterateTable
                0x0000b914       0x4c ./src/apps/LoRaMesh/rtos/Shell_App/Shell.o
                0x0000b914                IterateTable
 .text.PrintPrompt
                0x0000b960       0x20 ./src/apps/LoRaMesh/rtos/Shell_App/Shell.o
                0x0000b960                PrintPrompt
 .text.PrintStatus
                0x0000b980       0x9c ./src/apps/LoRaMesh/rtos/Shell_App/Shell.o
                0x0000b980                PrintStatus
 .text.PrintCommandFailed
                0x0000ba1c       0x6c ./src/apps/LoRaMesh/rtos/Shell_App/Shell.o
                0x0000ba1c                PrintCommandFailed
 .text.ReadLine
                0x0000ba88       0x78 ./src/apps/LoRaMesh/rtos/Shell_App/Shell.o
                0x0000ba88                ReadLine
 .text.SendSeparatedStrings
                0x0000bb00       0x64 ./src/apps/LoRaMesh/rtos/Shell_App/Shell.o
                0x0000bb00                SendSeparatedStrings
 .text.Shell_AppInit
                0x0000bb64       0x38 ./src/apps/LoRaMesh/rtos/Shell_App/Shell_App.o
                0x0000bb64                Shell_AppInit
 .text.ShellTask
                0x0000bb9c       0x44 ./src/apps/LoRaMesh/rtos/Shell_App/Shell_App.o
                0x0000bb9c                ShellTask
 .text.LoRaFrm_Init
                0x0000bbe0        0xc ./src/apps/LoRaMesh/rtos/LoRaStack/LoRaFrm.o
                0x0000bbe0                LoRaFrm_Init
 .text.LoRaFrm_OnPacketRx
                0x0000bbec      0x204 ./src/apps/LoRaMesh/rtos/LoRaStack/LoRaFrm.o
                0x0000bbec                LoRaFrm_OnPacketRx
 .text.LoRaMac_Init
                0x0000bdf0       0x1c ./src/apps/LoRaMesh/rtos/LoRaStack/LoRaMac.o
                0x0000bdf0                LoRaMac_Init
 .text.LoRaMac_OnPacketRx
                0x0000be0c      0x654 ./src/apps/LoRaMesh/rtos/LoRaStack/LoRaMac.o
                0x0000be0c                LoRaMac_OnPacketRx
 .text.LoRaMac_AddCommand
                0x0000c460      0x180 ./src/apps/LoRaMesh/rtos/LoRaStack/LoRaMac.o
                0x0000c460                LoRaMac_AddCommand
 .text.LoRaMac_ProcessCommands
                0x0000c5e0      0x788 ./src/apps/LoRaMesh/rtos/LoRaStack/LoRaMac.o
                0x0000c5e0                LoRaMac_ProcessCommands
 .text.LoRaMesh_ParseCommand
                0x0000cd68       0xe4 ./src/apps/LoRaMesh/rtos/LoRaStack/LoRaMesh.o
                0x0000cd68                LoRaMesh_ParseCommand
 .text.LoRaMesh_Init
                0x0000ce4c      0x1cc ./src/apps/LoRaMesh/rtos/LoRaStack/LoRaMesh.o
                0x0000ce4c                LoRaMesh_Init
 .text.LoRaMesh_RegisterApplication
                0x0000d018       0x80 ./src/apps/LoRaMesh/rtos/LoRaStack/LoRaMesh.o
                0x0000d018                LoRaMesh_RegisterApplication
 .text.LoRaMesh_SendAdvertising
                0x0000d098      0x408 ./src/apps/LoRaMesh/rtos/LoRaStack/LoRaMesh.o
                0x0000d098                LoRaMesh_SendAdvertising
 .text.LoRaMesh_ProcessAdvertising
                0x0000d4a0      0x118 ./src/apps/LoRaMesh/rtos/LoRaStack/LoRaMesh.o
                0x0000d4a0                LoRaMesh_ProcessAdvertising
 .text.LoRaMesh_ProcessJoinMeshReq
                0x0000d5b8      0x124 ./src/apps/LoRaMesh/rtos/LoRaStack/LoRaMesh.o
                0x0000d5b8                LoRaMesh_ProcessJoinMeshReq
 .text.LoRaMesh_ProcessRebindMeshReq
                0x0000d6dc       0xc4 ./src/apps/LoRaMesh/rtos/LoRaStack/LoRaMesh.o
                0x0000d6dc                LoRaMesh_ProcessRebindMeshReq
 .text.LoRaMesh_OnPacketRx
                0x0000d7a0       0x64 ./src/apps/LoRaMesh/rtos/LoRaStack/LoRaMesh.o
                0x0000d7a0                LoRaMesh_OnPacketRx
 .text.LoRaMesh_GenerateDeviceAddress
                0x0000d804       0x20 ./src/apps/LoRaMesh/rtos/LoRaStack/LoRaMesh.o
                0x0000d804                LoRaMesh_GenerateDeviceAddress
 .text.LoRaMesh_FindChildNode
                0x0000d824       0x48 ./src/apps/LoRaMesh/rtos/LoRaStack/LoRaMesh.o
                0x0000d824                LoRaMesh_FindChildNode
 .text.LoRaMesh_FindMulticastGroup
                0x0000d86c       0x48 ./src/apps/LoRaMesh/rtos/LoRaStack/LoRaMesh.o
                0x0000d86c                LoRaMesh_FindMulticastGroup
 .text.LoRaMesh_SetNwkIds
                0x0000d8b4       0x78 ./src/apps/LoRaMesh/rtos/LoRaStack/LoRaMesh.o
                0x0000d8b4                LoRaMesh_SetNwkIds
 .text.LoRaMesh_SetPublicNetwork
                0x0000d92c       0x3c ./src/apps/LoRaMesh/rtos/LoRaStack/LoRaMesh.o
                0x0000d92c                LoRaMesh_SetPublicNetwork
 .text.LoRaMesh_SetAdrOn
                0x0000d968       0x3c ./src/apps/LoRaMesh/rtos/LoRaStack/LoRaMesh.o
                0x0000d968                LoRaMesh_SetAdrOn
 .text.LoRaMesh_GetNofChildNodes
                0x0000d9a4       0x38 ./src/apps/LoRaMesh/rtos/LoRaStack/LoRaMesh.o
                0x0000d9a4                LoRaMesh_GetNofChildNodes
 .text.LoRaMesh_GetNofMlticastGroups
                0x0000d9dc       0x38 ./src/apps/LoRaMesh/rtos/LoRaStack/LoRaMesh.o
                0x0000d9dc                LoRaMesh_GetNofMlticastGroups
 .text.LoRaMesh_TestSetDutyCycleCtrlOff
                0x0000da14       0x3c ./src/apps/LoRaMesh/rtos/LoRaStack/LoRaMesh.o
                0x0000da14                LoRaMesh_TestSetDutyCycleCtrlOff
 .text.LoRaMesh_TestScheduleAdvertising
                0x0000da50       0x44 ./src/apps/LoRaMesh/rtos/LoRaStack/LoRaMesh.o
                0x0000da50                LoRaMesh_TestScheduleAdvertising
 .text.OnAdvertisingTimerEvent
                0x0000da94       0xf4 ./src/apps/LoRaMesh/rtos/LoRaStack/LoRaMesh.o
 .text.OnEventSchedulerTimerEvent
                0x0000db88      0x188 ./src/apps/LoRaMesh/rtos/LoRaStack/LoRaMesh.o
 .text.EvaluateAcceptanceProbability
                0x0000dd10       0x24 ./src/apps/LoRaMesh/rtos/LoRaStack/LoRaMesh.o
 .text.EvaluateNominationProbability
                0x0000dd34       0x1c ./src/apps/LoRaMesh/rtos/LoRaStack/LoRaMesh.o
 .text.CalculateNodeRank
                0x0000dd50       0x10 ./src/apps/LoRaMesh/rtos/LoRaStack/LoRaMesh.o
 .text.CreateChildNode
                0x0000dd60       0x84 ./src/apps/LoRaMesh/rtos/LoRaStack/LoRaMesh.o
                0x0000dd60                CreateChildNode
 .text.ChildNodeAdd
                0x0000dde4       0x48 ./src/apps/LoRaMesh/rtos/LoRaStack/LoRaMesh.o
                0x0000dde4                ChildNodeAdd
 .text.PrintStatus
                0x0000de2c      0x160 ./src/apps/LoRaMesh/rtos/LoRaStack/LoRaMesh.o
 .text.PrintHelp
                0x0000df8c       0x80 ./src/apps/LoRaMesh/rtos/LoRaStack/LoRaMesh.o
 .text.PrintEventSchedulerList
                0x0000e00c      0x168 ./src/apps/LoRaMesh/rtos/LoRaStack/LoRaMesh.o
 .text.PrintChildNodes
                0x0000e174      0x1f4 ./src/apps/LoRaMesh/rtos/LoRaStack/LoRaMesh.o
 .text.PrintMulticastGroups
                0x0000e368      0x21c ./src/apps/LoRaMesh/rtos/LoRaStack/LoRaMesh.o
 .text.LoRaPhy_Init
                0x0000e584      0x1f8 ./src/apps/LoRaMesh/rtos/LoRaStack/LoRaPhy.o
                0x0000e584                LoRaPhy_Init
 .text.LoRaPhy_Process
                0x0000e77c       0x38 ./src/apps/LoRaMesh/rtos/LoRaStack/LoRaPhy.o
                0x0000e77c                LoRaPhy_Process
 .text.LoRaPhy_PutPayload
                0x0000e7b4       0x30 ./src/apps/LoRaMesh/rtos/LoRaStack/LoRaPhy.o
                0x0000e7b4                LoRaPhy_PutPayload
 .text.LoRaPhy_OnPacketRx
                0x0000e7e4       0x18 ./src/apps/LoRaMesh/rtos/LoRaStack/LoRaPhy.o
                0x0000e7e4                LoRaPhy_OnPacketRx
 .text.LoRaPhy_GenerateNonce
                0x0000e7fc       0x14 ./src/apps/LoRaMesh/rtos/LoRaStack/LoRaPhy.o
                0x0000e7fc                LoRaPhy_GenerateNonce
 .text.LoRaPhy_SetChannel
                0x0000e810      0x27c ./src/apps/LoRaMesh/rtos/LoRaStack/LoRaPhy.o
                0x0000e810                LoRaPhy_SetChannel
 .text.LoRaPhy_ChannelRemove
                0x0000ea8c       0x80 ./src/apps/LoRaMesh/rtos/LoRaStack/LoRaPhy.o
                0x0000ea8c                LoRaPhy_ChannelRemove
 .text.LoRaPhy_SetReceiveDelay1
                0x0000eb0c       0x1c ./src/apps/LoRaMesh/rtos/LoRaStack/LoRaPhy.o
                0x0000eb0c                LoRaPhy_SetReceiveDelay1
 .text.LoRaPhy_SetReceiveDelay2
                0x0000eb28       0x1c ./src/apps/LoRaMesh/rtos/LoRaStack/LoRaPhy.o
                0x0000eb28                LoRaPhy_SetReceiveDelay2
 .text.LoRaPhy_SetMaxDutyCycle
                0x0000eb44       0x38 ./src/apps/LoRaMesh/rtos/LoRaStack/LoRaPhy.o
                0x0000eb44                LoRaPhy_SetMaxDutyCycle
 .text.LoRaPhy_SetDownLinkSettings
                0x0000eb7c       0x2c ./src/apps/LoRaMesh/rtos/LoRaStack/LoRaPhy.o
                0x0000eb7c                LoRaPhy_SetDownLinkSettings
 .text.LoRaPhy_SetRxParameters
                0x0000eba8       0x2c ./src/apps/LoRaMesh/rtos/LoRaStack/LoRaPhy.o
                0x0000eba8                LoRaPhy_SetRxParameters
 .text.LoRaPhy_GetChannelFrequency
                0x0000ebd4       0x2c ./src/apps/LoRaMesh/rtos/LoRaStack/LoRaPhy.o
                0x0000ebd4                LoRaPhy_GetChannelFrequency
 .text.LoRaPhy_GetChannelIndex
                0x0000ec00       0x5c ./src/apps/LoRaMesh/rtos/LoRaStack/LoRaPhy.o
                0x0000ec00                LoRaPhy_GetChannelIndex
 .text.HandleStateMachine
                0x0000ec5c       0xec ./src/apps/LoRaMesh/rtos/LoRaStack/LoRaPhy.o
 .text.GetTxMsg
                0x0000ed48       0x40 ./src/apps/LoRaMesh/rtos/LoRaStack/LoRaPhy.o
 .text.GetRxMsg
                0x0000ed88       0x40 ./src/apps/LoRaMesh/rtos/LoRaStack/LoRaPhy.o
 .text.QueuePut
                0x0000edc8       0xcc ./src/apps/LoRaMesh/rtos/LoRaStack/LoRaPhy.o
 .text.CheckTx  0x0000ee94      0x418 ./src/apps/LoRaMesh/rtos/LoRaStack/LoRaPhy.o
 .text.OpenReceptionWindow
                0x0000f2ac      0x134 ./src/apps/LoRaMesh/rtos/LoRaStack/LoRaPhy.o
 .text.SetNextChannel
                0x0000f3e0      0x2ec ./src/apps/LoRaMesh/rtos/LoRaStack/LoRaPhy.o
 .text.OnRadioTxDone
                0x0000f6cc      0x1f4 ./src/apps/LoRaMesh/rtos/LoRaStack/LoRaPhy.o
 .text.OnRadioRxDone
                0x0000f8c0       0x54 ./src/apps/LoRaMesh/rtos/LoRaStack/LoRaPhy.o
 .text.OnCadDone
                0x0000f914       0x48 ./src/apps/LoRaMesh/rtos/LoRaStack/LoRaPhy.o
 .text.OnRadioTxTimeout
                0x0000f95c       0x38 ./src/apps/LoRaMesh/rtos/LoRaStack/LoRaPhy.o
 .text.OnRadioRxTimeout
                0x0000f994       0x84 ./src/apps/LoRaMesh/rtos/LoRaStack/LoRaPhy.o
 .text.OnRadioRxError
                0x0000fa18       0x58 ./src/apps/LoRaMesh/rtos/LoRaStack/LoRaPhy.o
 .text.OnRxWindow1TimerEvent
                0x0000fa70       0xcc ./src/apps/LoRaMesh/rtos/LoRaStack/LoRaPhy.o
 .text.OnRxWindow2TimerEvent
                0x0000fb3c       0xec ./src/apps/LoRaMesh/rtos/LoRaStack/LoRaPhy.o
 .text.LoRaMesh_AppParseCommand
                0x0000fc28       0xa0 ./src/apps/LoRaMesh/rtos/LoRaMesh_App/LoRaMesh_App.o
                0x0000fc28                LoRaMesh_AppParseCommand
 .text.LoRaMesh_AppInit
                0x0000fcc8       0xf8 ./src/apps/LoRaMesh/rtos/LoRaMesh_App/LoRaMesh_App.o
                0x0000fcc8                LoRaMesh_AppInit
 .text.Process  0x0000fdc0       0x30 ./src/apps/LoRaMesh/rtos/LoRaMesh_App/LoRaMesh_App.o
 .text.ProcessDataFrame
                0x0000fdf0      0x324 ./src/apps/LoRaMesh/rtos/LoRaMesh_App/LoRaMesh_App.o
 .text.FindEntry
                0x00010114       0x40 ./src/apps/LoRaMesh/rtos/LoRaMesh_App/LoRaMesh_App.o
 .text.AllocateEntry
                0x00010154       0x80 ./src/apps/LoRaMesh/rtos/LoRaMesh_App/LoRaMesh_App.o
 .text.FreeEntry
                0x000101d4       0x70 ./src/apps/LoRaMesh/rtos/LoRaMesh_App/LoRaMesh_App.o
 .text.LoRaMeshTask
                0x00010244      0x130 ./src/apps/LoRaMesh/rtos/LoRaMesh_App/LoRaMesh_App.o
 .text.PrintStatus
                0x00010374      0x328 ./src/apps/LoRaMesh/rtos/LoRaMesh_App/LoRaMesh_App.o
 .text.PrintHelp
                0x0001069c       0x54 ./src/apps/LoRaMesh/rtos/LoRaMesh_App/LoRaMesh_App.o
 .text.PrintEntries
                0x000106f0       0x3c ./src/apps/LoRaMesh/rtos/LoRaMesh_App/LoRaMesh_App.o
 *fill*         0x0001072c        0x4 
 .text.ceil     0x00010730      0x120 c:/dev/freescale/kds_3.0.0/toolchain/bin/../lib/gcc/arm-none-eabi/4.8.4/../../../../arm-none-eabi/lib/armv7e-m\libm.a(lib_a-s_ceil.o)
                0x00010730                ceil
 .text.floor    0x00010850      0x120 c:/dev/freescale/kds_3.0.0/toolchain/bin/../lib/gcc/arm-none-eabi/4.8.4/../../../../arm-none-eabi/lib/armv7e-m\libm.a(lib_a-s_floor.o)
                0x00010850                floor
 .text.round    0x00010970       0x9c c:/dev/freescale/kds_3.0.0/toolchain/bin/../lib/gcc/arm-none-eabi/4.8.4/../../../../arm-none-eabi/lib/armv7e-m\libm.a(lib_a-s_round.o)
                0x00010970                round
 .text.exit     0x00010a0c       0x20 c:/dev/freescale/kds_3.0.0/toolchain/bin/../lib/gcc/arm-none-eabi/4.8.4/../../../../arm-none-eabi/lib/armv7e-m\libg.a(lib_a-exit.o)
                0x00010a0c                exit
 .text.__libc_init_array
                0x00010a2c       0x50 c:/dev/freescale/kds_3.0.0/toolchain/bin/../lib/gcc/arm-none-eabi/4.8.4/../../../../arm-none-eabi/lib/armv7e-m\libg.a(lib_a-init.o)
                0x00010a2c                __libc_init_array
 .text.memset   0x00010a7c       0x94 c:/dev/freescale/kds_3.0.0/toolchain/bin/../lib/gcc/arm-none-eabi/4.8.4/../../../../arm-none-eabi/lib/armv7e-m\libg.a(lib_a-memset.o)
                0x00010a7c                memset
 .text.validate_structure
                0x00010b10      0x220 c:/dev/freescale/kds_3.0.0/toolchain/bin/../lib/gcc/arm-none-eabi/4.8.4/../../../../arm-none-eabi/lib/armv7e-m\libg.a(lib_a-mktime.o)
 .text.mktime   0x00010d30      0x378 c:/dev/freescale/kds_3.0.0/toolchain/bin/../lib/gcc/arm-none-eabi/4.8.4/../../../../arm-none-eabi/lib/armv7e-m\libg.a(lib_a-mktime.o)
                0x00010d30                mktime
 .text.__tzcalc_limits
                0x000110a8      0x190 c:/dev/freescale/kds_3.0.0/toolchain/bin/../lib/gcc/arm-none-eabi/4.8.4/../../../../arm-none-eabi/lib/armv7e-m\libg.a(lib_a-mktm_r.o)
                0x000110a8                __tzcalc_limits
 .text.strlen   0x00011238       0x60 c:/dev/freescale/kds_3.0.0/toolchain/bin/../lib/gcc/arm-none-eabi/4.8.4/../../../../arm-none-eabi/lib/armv7e-m\libg.a(lib_a-strlen.o)
                0x00011238                strlen
 .text.strncmp  0x00011298       0xb4 c:/dev/freescale/kds_3.0.0/toolchain/bin/../lib/gcc/arm-none-eabi/4.8.4/../../../../arm-none-eabi/lib/armv7e-m\libg.a(lib_a-strncmp.o)
                0x00011298                strncmp
 .text.__tz_lock
                0x0001134c        0x4 c:/dev/freescale/kds_3.0.0/toolchain/bin/../lib/gcc/arm-none-eabi/4.8.4/../../../../arm-none-eabi/lib/armv7e-m\libg.a(lib_a-tzlock.o)
                0x0001134c                __tz_lock
 .text.__tz_unlock
                0x00011350        0x4 c:/dev/freescale/kds_3.0.0/toolchain/bin/../lib/gcc/arm-none-eabi/4.8.4/../../../../arm-none-eabi/lib/armv7e-m\libg.a(lib_a-tzlock.o)
                0x00011350                __tz_unlock
 .text.startup.register_fini
                0x00011354       0x14 c:/dev/freescale/kds_3.0.0/toolchain/bin/../lib/gcc/arm-none-eabi/4.8.4/../../../../arm-none-eabi/lib/armv7e-m\libg.a(lib_a-__call_atexit.o)
 .text.__call_exitprocs
                0x00011368       0xf0 c:/dev/freescale/kds_3.0.0/toolchain/bin/../lib/gcc/arm-none-eabi/4.8.4/../../../../arm-none-eabi/lib/armv7e-m\libg.a(lib_a-__call_atexit.o)
                0x00011368                __call_exitprocs
 .text.atexit   0x00011458        0xc c:/dev/freescale/kds_3.0.0/toolchain/bin/../lib/gcc/arm-none-eabi/4.8.4/../../../../arm-none-eabi/lib/armv7e-m\libg.a(lib_a-atexit.o)
                0x00011458                atexit
 .text.div      0x00011464       0x40 c:/dev/freescale/kds_3.0.0/toolchain/bin/../lib/gcc/arm-none-eabi/4.8.4/../../../../arm-none-eabi/lib/armv7e-m\libg.a(lib_a-div.o)
                0x00011464                div
 .text.__libc_fini_array
                0x000114a4       0x30 c:/dev/freescale/kds_3.0.0/toolchain/bin/../lib/gcc/arm-none-eabi/4.8.4/../../../../arm-none-eabi/lib/armv7e-m\libg.a(lib_a-fini.o)
                0x000114a4                __libc_fini_array
 .text.__gettzinfo
                0x000114d4        0x8 c:/dev/freescale/kds_3.0.0/toolchain/bin/../lib/gcc/arm-none-eabi/4.8.4/../../../../arm-none-eabi/lib/armv7e-m\libg.a(lib_a-gettzinfo.o)
                0x000114d4                __gettzinfo
 .text.__register_exitproc
                0x000114dc       0xa8 c:/dev/freescale/kds_3.0.0/toolchain/bin/../lib/gcc/arm-none-eabi/4.8.4/../../../../arm-none-eabi/lib/armv7e-m\libg.a(lib_a-__atexit.o)
                0x000114dc                __register_exitproc
 .text._exit    0x00011584        0x4 c:/dev/freescale/kds_3.0.0/toolchain/bin/../lib/gcc/arm-none-eabi/4.8.4/../../../../arm-none-eabi/lib/armv7e-m\libnosys.a(_exit.o)
                0x00011584                _exit
 *(.rodata)
 .rodata        0x00011588       0x38 ./src/system/gps.o
 .rodata        0x000115c0       0xe4 ./src/system/timer.o
 .rodata        0x000116a4       0x34 ./src/radio/sx1276/sx1276.o
 .rodata        0x000116d8        0x8 ./src/free-rtos/src/tasks.o
 .rodata        0x000116e0        0x8 ./src/free-rtos/src/timers.o
 .rodata        0x000116e8       0x10 ./src/boards/tinyK20/gps-board.o
 .rodata        0x000116f8       0xa0 ./src/boards/tinyK20/spi-board.o
 .rodata        0x00011798       0x2c ./src/boards/tinyK20/uart-board.o
 .rodata        0x000117c4       0x88 ./src/apps/LoRaMesh/rtos/tinyK20/main.o
 .rodata        0x0001184c      0x17c ./src/apps/LoRaMesh/rtos/Shell_App/Shell.o
 .rodata        0x000119c8       0x10 ./src/apps/LoRaMesh/rtos/Shell_App/Shell_App.o
 .rodata        0x000119d8       0x28 ./src/apps/LoRaMesh/rtos/LoRaStack/LoRaMac.o
 .rodata        0x00011a00      0x460 ./src/apps/LoRaMesh/rtos/LoRaStack/LoRaMesh.o
 .rodata        0x00011e60      0x35c ./src/apps/LoRaMesh/rtos/LoRaStack/LoRaPhy.o
 .rodata        0x000121bc      0x2c4 ./src/apps/LoRaMesh/rtos/LoRaMesh_App/LoRaMesh_App.o
 *(.rodata*)
 .rodata.sbox   0x00012480      0x100 ./src/system/crypto/aes.o
 .rodata.gfm2_sbox
                0x00012580      0x100 ./src/system/crypto/aes.o
 .rodata.gfm3_sbox
                0x00012680      0x100 ./src/system/crypto/aes.o
 .rodata.NmeaDataTypeGPGGA
                0x00012780        0x8 ./src/system/gps.o
                0x00012780                NmeaDataTypeGPGGA
 .rodata.NmeaDataTypeGPRMC
                0x00012788        0x8 ./src/system/gps.o
                0x00012788                NmeaDataTypeGPRMC
 .rodata.RadioRegsInit
                0x00012790       0x30 ./src/radio/sx1276/sx1276.o
                0x00012790                RadioRegsInit
 .rodata.FskBandwidths
                0x000127c0       0xb0 ./src/radio/sx1276/sx1276.o
                0x000127c0                FskBandwidths
 .rodata.g_portBase
                0x00012870       0x14 ./src/boards/tinyK20/gpio-board.o
                0x00012870                g_portBase
 .rodata.g_gpioBase
                0x00012884       0x14 ./src/boards/tinyK20/gpio-board.o
                0x00012884                g_gpioBase
 .rodata.s_baudratePrescaler
                0x00012898       0x10 ./src/boards/tinyK20/spi-board.o
 .rodata.s_baudrateScaler
                0x000128a8       0x40 ./src/boards/tinyK20/spi-board.o
 .rodata.Radio  0x000128e8       0x58 ./src/boards/tinyK20/sx1276-board.o
                0x000128e8                Radio
 .rodata.Shell_stdio
                0x00012940       0x10 ./src/apps/LoRaMesh/rtos/Shell_App/Shell.o
 .rodata.CmdParserTable
                0x00012950       0x10 ./src/apps/LoRaMesh/rtos/Shell_App/Shell_App.o
 .rodata.Datarates
                0x00012960        0x8 ./src/apps/LoRaMesh/rtos/LoRaStack/LoRaMesh.o
                0x00012960                Datarates
 .rodata.MaxPayloadByDatarate
                0x00012968        0x8 ./src/apps/LoRaMesh/rtos/LoRaStack/LoRaMesh.o
                0x00012968                MaxPayloadByDatarate
 .rodata.TxPowers
                0x00012970        0x8 ./src/apps/LoRaMesh/rtos/LoRaStack/LoRaMesh.o
                0x00012970                TxPowers
 .rodata.str1.4
                0x00012978        0x4 c:/dev/freescale/kds_3.0.0/toolchain/bin/../lib/gcc/arm-none-eabi/4.8.4/../../../../arm-none-eabi/lib/armv7e-m\libg.a(lib_a-impure.o)
 .rodata._global_impure_ptr
                0x0001297c        0x4 c:/dev/freescale/kds_3.0.0/toolchain/bin/../lib/gcc/arm-none-eabi/4.8.4/../../../../arm-none-eabi/lib/armv7e-m\libg.a(lib_a-impure.o)
                0x0001297c                _global_impure_ptr
 .rodata._DAYS_BEFORE_MONTH
                0x00012980       0x30 c:/dev/freescale/kds_3.0.0/toolchain/bin/../lib/gcc/arm-none-eabi/4.8.4/../../../../arm-none-eabi/lib/armv7e-m\libg.a(lib_a-mktime.o)
 .rodata.DAYS_IN_MONTH
                0x000129b0       0x30 c:/dev/freescale/kds_3.0.0/toolchain/bin/../lib/gcc/arm-none-eabi/4.8.4/../../../../arm-none-eabi/lib/armv7e-m\libg.a(lib_a-mktime.o)
 .rodata.mon_lengths
                0x000129e0       0x60 c:/dev/freescale/kds_3.0.0/toolchain/bin/../lib/gcc/arm-none-eabi/4.8.4/../../../../arm-none-eabi/lib/armv7e-m\libg.a(lib_a-mktm_r.o)
 *(.glue_7)
 .glue_7        0x00000000        0x0 linker stubs
 *(.glue_7t)
 .glue_7t       0x00000000        0x0 linker stubs
 *(.eh_frame)
 .eh_frame      0x00012a40        0x0 c:/dev/freescale/kds_3.0.0/toolchain/bin/../lib/gcc/arm-none-eabi/4.8.4/armv7e-m/crtbegin.o
 *(.init)
 .init          0x00012a40        0x4 c:/dev/freescale/kds_3.0.0/toolchain/bin/../lib/gcc/arm-none-eabi/4.8.4/armv7e-m/crti.o
                0x00012a40                _init
 .init          0x00012a44        0x8 c:/dev/freescale/kds_3.0.0/toolchain/bin/../lib/gcc/arm-none-eabi/4.8.4/armv7e-m/crtn.o
 *(.fini)
 .fini          0x00012a4c        0x4 c:/dev/freescale/kds_3.0.0/toolchain/bin/../lib/gcc/arm-none-eabi/4.8.4/armv7e-m/crti.o
                0x00012a4c                _fini
 .fini          0x00012a50        0x8 c:/dev/freescale/kds_3.0.0/toolchain/bin/../lib/gcc/arm-none-eabi/4.8.4/armv7e-m/crtn.o
                0x00012a58                . = ALIGN (0x4)
                0x00012a58                _etext = .

.vfp11_veneer   0x00012a58        0x0
 .vfp11_veneer  0x00000000        0x0 linker stubs

.v4_bx          0x00012a58        0x0
 .v4_bx         0x00000000        0x0 linker stubs

.iplt           0x00012a58        0x0
 .iplt          0x00000000        0x0 c:/dev/freescale/kds_3.0.0/toolchain/bin/../lib/gcc/arm-none-eabi/4.8.4/armv7e-m/crtbegin.o

.ARM.extab
 *(.ARM.extab* .gnu.linkonce.armextab.*)

.ARM            0x00012a58        0x8
                0x00012a58                __exidx_start = .
 *(.ARM.exidx*)
 .ARM.exidx     0x00012a58        0x8 c:/dev/freescale/kds_3.0.0/toolchain/bin/../lib/gcc/arm-none-eabi/4.8.4/../../../../arm-none-eabi/lib/armv7e-m/crt0.o
 .ARM.exidx     0x00012a60        0x0 c:/dev/freescale/kds_3.0.0/toolchain/bin/../lib/gcc/arm-none-eabi/4.8.4/armv7e-m\libgcc.a(_divdi3.o)
                                  0x8 (size before relaxing)
 .ARM.exidx     0x00012a60        0x0 c:/dev/freescale/kds_3.0.0/toolchain/bin/../lib/gcc/arm-none-eabi/4.8.4/armv7e-m\libgcc.a(_udivdi3.o)
                                  0x8 (size before relaxing)
                0x00012a60                __exidx_end = .

.rel.dyn        0x00012a60        0x0
 .rel.iplt      0x00000000        0x0 c:/dev/freescale/kds_3.0.0/toolchain/bin/../lib/gcc/arm-none-eabi/4.8.4/armv7e-m/crtbegin.o

.ctors          0x00012a60        0x0
                0x00012a60                __CTOR_LIST__ = .
 *crtbegin.o(.ctors)
 *(EXCLUDE_FILE(*crtend.o) .ctors)
 *(SORT(.ctors.*))
 *(.ctors)
                0x00012a60                __CTOR_END__ = .

.dtors          0x00012a60        0x0
                0x00012a60                __DTOR_LIST__ = .
 *crtbegin.o(.dtors)
 *(EXCLUDE_FILE(*crtend.o) .dtors)
 *(SORT(.dtors.*))
 *(.dtors)
                0x00012a60                __DTOR_END__ = .

.preinit_array  0x00012a60        0x0
                0x00012a60                PROVIDE (__preinit_array_start, .)
 *(.preinit_array*)
                0x00012a60                PROVIDE (__preinit_array_end, .)

.init_array     0x00012a60        0x8
                0x00012a60                PROVIDE (__init_array_start, .)
 *(SORT(.init_array.*))
 .init_array.00000
                0x00012a60        0x4 c:/dev/freescale/kds_3.0.0/toolchain/bin/../lib/gcc/arm-none-eabi/4.8.4/../../../../arm-none-eabi/lib/armv7e-m\libg.a(lib_a-__call_atexit.o)
 *(.init_array*)
 .init_array    0x00012a64        0x4 c:/dev/freescale/kds_3.0.0/toolchain/bin/../lib/gcc/arm-none-eabi/4.8.4/armv7e-m/crtbegin.o
                0x00012a68                PROVIDE (__init_array_end, .)

.fini_array     0x00012a68        0x4
                0x00012a68                PROVIDE (__fini_array_start, .)
 *(SORT(.fini_array.*))
 *(.fini_array*)
 .fini_array    0x00012a68        0x4 c:/dev/freescale/kds_3.0.0/toolchain/bin/../lib/gcc/arm-none-eabi/4.8.4/armv7e-m/crtbegin.o
                0x00012a6c                PROVIDE (__fini_array_end, .)
                0x00012a6c                ___ROM_AT = .

.data           0x1fffe000      0x708 load address 0x00012a6c
                0x1fffe000                . = ALIGN (0x4)
                0x1fffe000                _sdata = .
 *(.data)
 *(.data*)
 .data.Altitude
                0x1fffe000        0x2 ./src/system/gps.o
 .data.LowPowerModeEnable
                0x1fffe002        0x1 ./src/system/timer.o
 *fill*         0x1fffe003        0x1 
 .data.DioIrq   0x1fffe004       0x18 ./src/radio/sx1276/sx1276.o
                0x1fffe004                DioIrq
 .data.opModePrev.8056
                0x1fffe01c        0x1 ./src/radio/sx1276/sx1276.o
 *fill*         0x1fffe01d        0x3 
 .data.MicBlockB0
                0x1fffe020       0x10 ./src/mac/LoRaMacCrypto.o
 .data.aBlock   0x1fffe030       0x10 ./src/mac/LoRaMacCrypto.o
 .data.xFreeBytesRemaining
                0x1fffe040        0x4 ./src/free-rtos/src/heap_2.o
 .data.uxCriticalNesting
                0x1fffe044        0x4 ./src/free-rtos/port/port.o
 .data.pinsPortA
                0x1fffe048        0x8 ./src/boards/tinyK20/gpio-board.o
                0x1fffe048                pinsPortA
 .data.pinsPortB
                0x1fffe050        0x8 ./src/boards/tinyK20/gpio-board.o
                0x1fffe050                pinsPortB
 .data.pinsPortC
                0x1fffe058        0x8 ./src/boards/tinyK20/gpio-board.o
                0x1fffe058                pinsPortC
 .data.pinsPortD
                0x1fffe060        0x8 ./src/boards/tinyK20/gpio-board.o
                0x1fffe060                pinsPortD
 .data.alternateFctCfg
                0x1fffe068       0x68 ./src/boards/tinyK20/gpio-board.o
 .data.g_uartBase
                0x1fffe0d0        0xc ./src/boards/tinyK20/uart-board.o
 .data.g_uartIrq
                0x1fffe0dc        0x4 ./src/boards/tinyK20/uart-board.o
 .data.next     0x1fffe0e0        0x4 ./src/boards/mcu/kinetis/utilities/utilities.o
 .data.Shell_currStdIO
                0x1fffe0e4        0x4 ./src/apps/LoRaMesh/rtos/Shell_App/Shell.o
 .data.LoRaDevice
                0x1fffe0e8       0x94 ./src/apps/LoRaMesh/rtos/LoRaStack/LoRaMesh.o
 *fill*         0x1fffe17c        0x4 
 .data.Bands    0x1fffe180       0x78 ./src/apps/LoRaMesh/rtos/LoRaStack/LoRaPhy.o
 .data.Channels
                0x1fffe1f8       0x80 ./src/apps/LoRaMesh/rtos/LoRaStack/LoRaPhy.o
 .data.NwkSKey  0x1fffe278       0x10 ./src/apps/LoRaMesh/rtos/LoRaMesh_App/LoRaMesh_App.o
 .data.AppSKey  0x1fffe288       0x10 ./src/apps/LoRaMesh/rtos/LoRaMesh_App/LoRaMesh_App.o
 .data.AppPort  0x1fffe298        0x1 ./src/apps/LoRaMesh/rtos/LoRaMesh_App/LoRaMesh_App.o
 *fill*         0x1fffe299        0x7 
 .data.impure_data
                0x1fffe2a0      0x428 c:/dev/freescale/kds_3.0.0/toolchain/bin/../lib/gcc/arm-none-eabi/4.8.4/../../../../arm-none-eabi/lib/armv7e-m\libg.a(lib_a-impure.o)
 .data.tzinfo   0x1fffe6c8       0x40 c:/dev/freescale/kds_3.0.0/toolchain/bin/../lib/gcc/arm-none-eabi/4.8.4/../../../../arm-none-eabi/lib/armv7e-m\libg.a(lib_a-gettzinfo.o)
                0x1fffe708                . = ALIGN (0x4)
                0x1fffe708                _edata = .
                0x00000708                ___data_size = (_edata - _sdata)
                0x00013174                ___m_data_20000000_ROMStart = (___ROM_AT + SIZEOF (.data))

.jcr            0x1fffe708        0x0 load address 0x00013174
 .jcr           0x1fffe708        0x0 c:/dev/freescale/kds_3.0.0/toolchain/bin/../lib/gcc/arm-none-eabi/4.8.4/armv7e-m/crtbegin.o

.igot.plt       0x1fffe708        0x0 load address 0x00013174
 .igot.plt      0x00000000        0x0 c:/dev/freescale/kds_3.0.0/toolchain/bin/../lib/gcc/arm-none-eabi/4.8.4/armv7e-m/crtbegin.o

.m_data_20000000
                0x20000000     0x2000 load address 0x00013174
                0x20000000                . = ALIGN (0x4)
                0x20000000                ___m_data_20000000_RAMStart = .
 *(.m_data_20000000)
 .m_data_20000000
                0x20000000     0x2000 ./src/free-rtos/src/heap_2.o
                0x20002000                ___m_data_20000000_RAMEnd = .
                0x20002000                . = ALIGN (0x4)
                0x00002000                ___m_data_20000000_ROMSize = (___m_data_20000000_RAMEnd - ___m_data_20000000_RAMStart)
                0x20002000                . = ALIGN (0x4)

.bss            0x1fffe708     0x152c load address 0x00013178
                0x1fffe708                __START_BSS = .
                0x1fffe708                PROVIDE (__bss_start__, __START_BSS)
 *(.bss)
 .bss           0x1fffe708       0x1c c:/dev/freescale/kds_3.0.0/toolchain/bin/../lib/gcc/arm-none-eabi/4.8.4/armv7e-m/crtbegin.o
 *(.bss*)
 .bss.NmeaGpsData
                0x1fffe724       0x64 ./src/system/gps.o
                0x1fffe724                NmeaGpsData
 .bss.Latitude  0x1fffe788        0x8 ./src/system/gps.o
 .bss.Longitude
                0x1fffe790        0x8 ./src/system/gps.o
 .bss.LatitudeBinary
                0x1fffe798        0x4 ./src/system/gps.o
 .bss.LongitudeBinary
                0x1fffe79c        0x4 ./src/system/gps.o
 .bss.PpsCnt    0x1fffe7a0        0x4 ./src/system/gps.o
 .bss.unixTime  0x1fffe7a4        0x4 ./src/system/gps.o
 .bss.PpsDetected
                0x1fffe7a8        0x1 ./src/system/gps.o
                0x1fffe7a8                PpsDetected
 *fill*         0x1fffe7a9        0x3 
 .bss.RadioEvents
                0x1fffe7ac        0x4 ./src/radio/sx1276/sx1276.o
 .bss.RxBuffer  0x1fffe7b0      0x104 ./src/radio/sx1276/sx1276.o
 .bss.SX1276    0x1fffe8b4       0xec ./src/radio/sx1276/sx1276.o
                0x1fffe8b4                SX1276
 .bss.TxTimeoutTimer
                0x1fffe9a0        0xc ./src/radio/sx1276/sx1276.o
                0x1fffe9a0                TxTimeoutTimer
 .bss.RxTimeoutTimer
                0x1fffe9ac        0xc ./src/radio/sx1276/sx1276.o
                0x1fffe9ac                RxTimeoutTimer
 .bss.RxTimeoutSyncWord
                0x1fffe9b8        0xc ./src/radio/sx1276/sx1276.o
                0x1fffe9b8                RxTimeoutSyncWord
 .bss.Mic       0x1fffe9c4       0x10 ./src/mac/LoRaMacCrypto.o
 .bss.sBlock    0x1fffe9d4       0x10 ./src/mac/LoRaMacCrypto.o
 .bss.AesContext
                0x1fffe9e4       0xf4 ./src/mac/LoRaMacCrypto.o
 .bss.AesCmacCtx
                0x1fffead8      0x118 ./src/mac/LoRaMacCrypto.o
 .bss.xStart    0x1fffebf0        0x8 ./src/free-rtos/src/heap_2.o
 .bss.xEnd      0x1fffebf8        0x8 ./src/free-rtos/src/heap_2.o
 .bss.xHeapHasBeenInitialised.7636
                0x1fffec00        0x4 ./src/free-rtos/src/heap_2.o
 .bss.pxCurrentTCB
                0x1fffec04        0x4 ./src/free-rtos/src/tasks.o
                0x1fffec04                pxCurrentTCB
 .bss.pxReadyTasksLists
                0x1fffec08       0x78 ./src/free-rtos/src/tasks.o
 .bss.xDelayedTaskList1
                0x1fffec80       0x14 ./src/free-rtos/src/tasks.o
 .bss.xDelayedTaskList2
                0x1fffec94       0x14 ./src/free-rtos/src/tasks.o
 .bss.pxDelayedTaskList
                0x1fffeca8        0x4 ./src/free-rtos/src/tasks.o
 .bss.pxOverflowDelayedTaskList
                0x1fffecac        0x4 ./src/free-rtos/src/tasks.o
 .bss.xPendingReadyList
                0x1fffecb0       0x14 ./src/free-rtos/src/tasks.o
 .bss.xSuspendedTaskList
                0x1fffecc4       0x14 ./src/free-rtos/src/tasks.o
 .bss.uxCurrentNumberOfTasks
                0x1fffecd8        0x4 ./src/free-rtos/src/tasks.o
 .bss.xTickCount
                0x1fffecdc        0x4 ./src/free-rtos/src/tasks.o
 .bss.uxTopReadyPriority
                0x1fffece0        0x4 ./src/free-rtos/src/tasks.o
 .bss.xSchedulerRunning
                0x1fffece4        0x4 ./src/free-rtos/src/tasks.o
 .bss.uxPendedTicks
                0x1fffece8        0x4 ./src/free-rtos/src/tasks.o
 .bss.xYieldPending
                0x1fffecec        0x4 ./src/free-rtos/src/tasks.o
 .bss.xNumOfOverflows
                0x1fffecf0        0x4 ./src/free-rtos/src/tasks.o
 .bss.uxTaskNumber
                0x1fffecf4        0x4 ./src/free-rtos/src/tasks.o
 .bss.xNextTaskUnblockTime
                0x1fffecf8        0x4 ./src/free-rtos/src/tasks.o
 .bss.uxSchedulerSuspended
                0x1fffecfc        0x4 ./src/free-rtos/src/tasks.o
 .bss.xActiveTimerList1
                0x1fffed00       0x14 ./src/free-rtos/src/timers.o
 .bss.xActiveTimerList2
                0x1fffed14       0x14 ./src/free-rtos/src/timers.o
 .bss.pxCurrentTimerList
                0x1fffed28        0x4 ./src/free-rtos/src/timers.o
 .bss.pxOverflowTimerList
                0x1fffed2c        0x4 ./src/free-rtos/src/timers.o
 .bss.xTimerQueue
                0x1fffed30        0x4 ./src/free-rtos/src/timers.o
 .bss.xLastTime.4750
                0x1fffed34        0x4 ./src/free-rtos/src/timers.o
 .bss.xJumpBuf  0x1fffed38       0x5c ./src/free-rtos/port/port.o
 .bss.Led1      0x1fffed94        0xc ./src/boards/tinyK20/board.o
                0x1fffed94                Led1
 .bss.GpsPps    0x1fffeda0        0xc ./src/boards/tinyK20/board.o
                0x1fffeda0                GpsPps
 .bss.SysTick   0x1fffedac        0xc ./src/boards/tinyK20/board.o
                0x1fffedac                SysTick
 .bss.Uart0     0x1fffedb8       0x38 ./src/boards/tinyK20/board.o
                0x1fffedb8                Uart0
 .bss.Uart1     0x1fffedf0       0x38 ./src/boards/tinyK20/board.o
                0x1fffedf0                Uart1
 .bss.McuInitialized
                0x1fffee28        0x1 ./src/boards/tinyK20/board.o
 *fill*         0x1fffee29        0x3 
 .bss.GpioAIrq  0x1fffee2c       0x14 ./src/boards/tinyK20/gpio-board.o
 .bss.GpioBIrq  0x1fffee40       0x48 ./src/boards/tinyK20/gpio-board.o
 .bss.GpioCIrq  0x1fffee88       0x20 ./src/boards/tinyK20/gpio-board.o
 .bss.GpioDIrq  0x1fffeea8       0x20 ./src/boards/tinyK20/gpio-board.o
 .bss.Gps_RxBuffer
                0x1fffeec8       0x80 ./src/boards/tinyK20/gps-board.o
 .bss.NmeaString
                0x1fffef48       0x80 ./src/boards/tinyK20/gps-board.o
 .bss.NmeaStringLength
                0x1fffefc8        0x1 ./src/boards/tinyK20/gps-board.o
 .bss.rmcMsgParsed
                0x1fffefc9        0x1 ./src/boards/tinyK20/gps-board.o
 .bss.ggaMsgParsed
                0x1fffefca        0x1 ./src/boards/tinyK20/gps-board.o
 .bss.RadioIsActive
                0x1fffefcb        0x1 ./src/boards/tinyK20/sx1276-board.o
 .bss.AntSwitchRxTx
                0x1fffefcc        0xc ./src/boards/tinyK20/sx1276-board.o
                0x1fffefcc                AntSwitchRxTx
 .bss.dbg_stdio
                0x1fffefd8        0x4 ./src/boards/mcu/kinetis/utilities/debug.o
 .bss.heartBeatCntr
                0x1fffefdc        0x4 ./src/apps/LoRaMesh/rtos/tinyK20/main.o
 .bss.heartBeatLedOn
                0x1fffefe0        0x1 ./src/apps/LoRaMesh/rtos/tinyK20/main.o
 *fill*         0x1fffefe1        0x3 
 .bss.Shell_RxBuffer
                0x1fffefe4       0x80 ./src/apps/LoRaMesh/rtos/Shell_App/Shell.o
                0x1fffefe4                Shell_RxBuffer
 .bss.lastLinkCheck
                0x1ffff064        0x4 ./src/apps/LoRaMesh/rtos/LoRaStack/LoRaMac.o
 .bss.batteryLevelCallback
                0x1ffff068        0x4 ./src/apps/LoRaMesh/rtos/LoRaStack/LoRaMac.o
 .bss.LoRaMeshCallbacks
                0x1ffff06c        0x4 ./src/apps/LoRaMesh/rtos/LoRaStack/LoRaMesh.o
 .bss.eventSchedulerList
                0x1ffff070      0x400 ./src/apps/LoRaMesh/rtos/LoRaStack/LoRaMesh.o
 .bss.pEventScheduler
                0x1ffff470        0x4 ./src/apps/LoRaMesh/rtos/LoRaStack/LoRaMesh.o
 .bss.pNextSchedulerEvent
                0x1ffff474        0x4 ./src/apps/LoRaMesh/rtos/LoRaStack/LoRaMesh.o
 .bss.pFreeSchedulerEvent
                0x1ffff478        0x4 ./src/apps/LoRaMesh/rtos/LoRaStack/LoRaMesh.o
 .bss.eventHandlerList
                0x1ffff47c      0x100 ./src/apps/LoRaMesh/rtos/LoRaStack/LoRaMesh.o
 .bss.pEventHandlers
                0x1ffff57c        0x4 ./src/apps/LoRaMesh/rtos/LoRaStack/LoRaMesh.o
 .bss.pFreeEventHandler
                0x1ffff580        0x4 ./src/apps/LoRaMesh/rtos/LoRaStack/LoRaMesh.o
 .bss.EventSchedulerTimer
                0x1ffff584        0xc ./src/apps/LoRaMesh/rtos/LoRaStack/LoRaMesh.o
 .bss.AdvertisingTimer
                0x1ffff590        0xc ./src/apps/LoRaMesh/rtos/LoRaStack/LoRaMesh.o
 .bss.LastAdvertisingWindow
                0x1ffff59c        0x4 ./src/apps/LoRaMesh/rtos/LoRaStack/LoRaMesh.o
 .bss.multicastGrpList
                0x1ffff5a0      0x1e0 ./src/apps/LoRaMesh/rtos/LoRaStack/LoRaMesh.o
 .bss.pFreeMulticastGrp
                0x1ffff780        0x4 ./src/apps/LoRaMesh/rtos/LoRaStack/LoRaMesh.o
 .bss.childNodeList
                0x1ffff784      0x1c0 ./src/apps/LoRaMesh/rtos/LoRaStack/LoRaMesh.o
 .bss.pFreeChildNode
                0x1ffff944        0x4 ./src/apps/LoRaMesh/rtos/LoRaStack/LoRaMesh.o
 .bss.portHandlers
                0x1ffff948       0xc0 ./src/apps/LoRaMesh/rtos/LoRaStack/LoRaMesh.o
 .bss.pPortHandlers
                0x1ffffa08        0x4 ./src/apps/LoRaMesh/rtos/LoRaStack/LoRaMesh.o
 .bss.pFreePortHandler
                0x1ffffa0c        0x4 ./src/apps/LoRaMesh/rtos/LoRaStack/LoRaMesh.o
 .bss.pLoRaDevice
                0x1ffffa10        0x4 ./src/apps/LoRaMesh/rtos/LoRaStack/LoRaMesh.o
                0x1ffffa10                pLoRaDevice
 .bss.radioEvents
                0x1ffffa14       0x1c ./src/apps/LoRaMesh/rtos/LoRaStack/LoRaPhy.o
 .bss.msgRxQueue
                0x1ffffa30        0x4 ./src/apps/LoRaMesh/rtos/LoRaStack/LoRaPhy.o
 .bss.msgTxQueue
                0x1ffffa34        0x4 ./src/apps/LoRaMesh/rtos/LoRaStack/LoRaPhy.o
 .bss.phyStatus
                0x1ffffa38        0x1 ./src/apps/LoRaMesh/rtos/LoRaStack/LoRaPhy.o
 *fill*         0x1ffffa39        0x3 
 .bss.phyFlags  0x1ffffa3c        0x4 ./src/apps/LoRaMesh/rtos/LoRaStack/LoRaPhy.o
 .bss.rxPacket  0x1ffffa40       0x10 ./src/apps/LoRaMesh/rtos/LoRaStack/LoRaPhy.o
 .bss.rxPacketBuffer
                0x1ffffa50      0x104 ./src/apps/LoRaMesh/rtos/LoRaStack/LoRaPhy.o
 .bss.ReceiveDelay1
                0x1ffffb54        0x4 ./src/apps/LoRaMesh/rtos/LoRaStack/LoRaPhy.o
 .bss.ReceiveDelay2
                0x1ffffb58        0x4 ./src/apps/LoRaMesh/rtos/LoRaStack/LoRaPhy.o
 .bss.JoinAcceptDelay1
                0x1ffffb5c        0x4 ./src/apps/LoRaMesh/rtos/LoRaStack/LoRaPhy.o
 .bss.JoinAcceptDelay2
                0x1ffffb60        0x4 ./src/apps/LoRaMesh/rtos/LoRaStack/LoRaPhy.o
 .bss.Rx1DrOffset
                0x1ffffb64        0x1 ./src/apps/LoRaMesh/rtos/LoRaStack/LoRaPhy.o
 .bss.Rx2Dr     0x1ffffb65        0x1 ./src/apps/LoRaMesh/rtos/LoRaStack/LoRaPhy.o
 *fill*         0x1ffffb66        0x2 
 .bss.Rx2ChannelFrequency
                0x1ffffb68        0x4 ./src/apps/LoRaMesh/rtos/LoRaStack/LoRaPhy.o
 .bss.MaxRxWindow
                0x1ffffb6c        0x4 ./src/apps/LoRaMesh/rtos/LoRaStack/LoRaPhy.o
 .bss.MaxDCycle
                0x1ffffb70        0x2 ./src/apps/LoRaMesh/rtos/LoRaStack/LoRaPhy.o
 .bss.AggregatedDCycle
                0x1ffffb72        0x2 ./src/apps/LoRaMesh/rtos/LoRaStack/LoRaPhy.o
 *fill*         0x1ffffb74        0x4 
 .bss.AggregatedLastTxDoneTime
                0x1ffffb78        0x8 ./src/apps/LoRaMesh/rtos/LoRaStack/LoRaPhy.o
 .bss.AggregatedTimeOff
                0x1ffffb80        0x8 ./src/apps/LoRaMesh/rtos/LoRaStack/LoRaPhy.o
 .bss.TxTimeOnAir
                0x1ffffb88        0x8 ./src/apps/LoRaMesh/rtos/LoRaStack/LoRaPhy.o
 .bss.RxWindow1Timer
                0x1ffffb90        0xc ./src/apps/LoRaMesh/rtos/LoRaStack/LoRaPhy.o
 .bss.RxWindow2Timer
                0x1ffffb9c        0xc ./src/apps/LoRaMesh/rtos/LoRaStack/LoRaPhy.o
 .bss.appState  0x1ffffba8        0x1 ./src/apps/LoRaMesh/rtos/LoRaMesh_App/LoRaMesh_App.o
 *fill*         0x1ffffba9        0x3 
 .bss.sLoRaMeshCallbacks
                0x1ffffbac        0xc ./src/apps/LoRaMesh/rtos/LoRaMesh_App/LoRaMesh_App.o
 .bss.DevAddr   0x1ffffbb8        0x4 ./src/apps/LoRaMesh/rtos/LoRaMesh_App/LoRaMesh_App.o
 .bss.dataEntries
                0x1ffffbbc       0x6c ./src/apps/LoRaMesh/rtos/LoRaMesh_App/LoRaMesh_App.o
 .bss.pDataEntries
                0x1ffffc28        0x4 ./src/apps/LoRaMesh/rtos/LoRaMesh_App/LoRaMesh_App.o
 .bss.pFreeDataEntries
                0x1ffffc2c        0x4 ./src/apps/LoRaMesh/rtos/LoRaMesh_App/LoRaMesh_App.o
 .bss._daylight
                0x1ffffc30        0x4 c:/dev/freescale/kds_3.0.0/toolchain/bin/../lib/gcc/arm-none-eabi/4.8.4/../../../../arm-none-eabi/lib/armv7e-m\libg.a(lib_a-tzvars.o)
                0x1ffffc30                _daylight
 *(COMMON)
                0x1ffffc34                . = ALIGN (0x4)
                0x1ffffc34                __END_BSS = .
                0x1ffffc34                PROVIDE (__bss_end__, __END_BSS)
                0x00015174                _romp_at = ((___ROM_AT + SIZEOF (.data)) + SIZEOF (.m_data_20000000))

.romp           0x1ffffc34       0x24 load address 0x00015174
                0x00015174                __S_romp = _romp_at
                0x1ffffc34        0x4 LONG 0x12a6c ___ROM_AT
                0x1ffffc38        0x4 LONG 0x1fffe000 _sdata
                0x1ffffc3c        0x4 LONG 0x708 ___data_size
                0x1ffffc40        0x4 LONG 0x13174 ___m_data_20000000_ROMStart
                0x1ffffc44        0x4 LONG 0x20000000 ___m_data_20000000_RAMStart
                0x1ffffc48        0x4 LONG 0x2000 ___m_data_20000000_ROMSize
                0x1ffffc4c        0x4 LONG 0x0